Archive member included because of file (symbol)

c:/siliconlabs/simplicitystudio/v4/developer/toolchains/gnu_arm/4.9_2015q3/bin/../lib/gcc/arm-none-eabi/4.9.3/armv7-m\libgcc.a(_aeabi_uldivmod.o)
                              ./emlib/em_usart.o (__aeabi_uldivmod)
c:/siliconlabs/simplicitystudio/v4/developer/toolchains/gnu_arm/4.9_2015q3/bin/../lib/gcc/arm-none-eabi/4.9.3/armv7-m\libgcc.a(bpabi.o)
                              c:/siliconlabs/simplicitystudio/v4/developer/toolchains/gnu_arm/4.9_2015q3/bin/../lib/gcc/arm-none-eabi/4.9.3/armv7-m\libgcc.a(_aeabi_uldivmod.o) (__gnu_uldivmod_helper)
c:/siliconlabs/simplicitystudio/v4/developer/toolchains/gnu_arm/4.9_2015q3/bin/../lib/gcc/arm-none-eabi/4.9.3/armv7-m\libgcc.a(_dvmd_tls.o)
                              c:/siliconlabs/simplicitystudio/v4/developer/toolchains/gnu_arm/4.9_2015q3/bin/../lib/gcc/arm-none-eabi/4.9.3/armv7-m\libgcc.a(_aeabi_uldivmod.o) (__aeabi_ldiv0)
c:/siliconlabs/simplicitystudio/v4/developer/toolchains/gnu_arm/4.9_2015q3/bin/../lib/gcc/arm-none-eabi/4.9.3/armv7-m\libgcc.a(_divdi3.o)
                              c:/siliconlabs/simplicitystudio/v4/developer/toolchains/gnu_arm/4.9_2015q3/bin/../lib/gcc/arm-none-eabi/4.9.3/armv7-m\libgcc.a(bpabi.o) (__divdi3)
c:/siliconlabs/simplicitystudio/v4/developer/toolchains/gnu_arm/4.9_2015q3/bin/../lib/gcc/arm-none-eabi/4.9.3/armv7-m\libgcc.a(_udivdi3.o)
                              c:/siliconlabs/simplicitystudio/v4/developer/toolchains/gnu_arm/4.9_2015q3/bin/../lib/gcc/arm-none-eabi/4.9.3/armv7-m\libgcc.a(bpabi.o) (__udivdi3)
c:/siliconlabs/simplicitystudio/v4/developer/toolchains/gnu_arm/4.9_2015q3/bin/../lib/gcc/arm-none-eabi/4.9.3/../../../../arm-none-eabi/lib/armv7-m\libc_nano.a(lib_a-exit.o)
                              c:/siliconlabs/simplicitystudio/v4/developer/toolchains/gnu_arm/4.9_2015q3/bin/../lib/gcc/arm-none-eabi/4.9.3/../../../../arm-none-eabi/lib/armv7-m/crt0.o (exit)
c:/siliconlabs/simplicitystudio/v4/developer/toolchains/gnu_arm/4.9_2015q3/bin/../lib/gcc/arm-none-eabi/4.9.3/../../../../arm-none-eabi/lib/armv7-m\libc_nano.a(lib_a-impure.o)
                              c:/siliconlabs/simplicitystudio/v4/developer/toolchains/gnu_arm/4.9_2015q3/bin/../lib/gcc/arm-none-eabi/4.9.3/../../../../arm-none-eabi/lib/armv7-m\libc_nano.a(lib_a-exit.o) (_global_impure_ptr)
c:/siliconlabs/simplicitystudio/v4/developer/toolchains/gnu_arm/4.9_2015q3/bin/../lib/gcc/arm-none-eabi/4.9.3/../../../../arm-none-eabi/lib/armv7-m\libc_nano.a(lib_a-init.o)
                              c:/siliconlabs/simplicitystudio/v4/developer/toolchains/gnu_arm/4.9_2015q3/bin/../lib/gcc/arm-none-eabi/4.9.3/../../../../arm-none-eabi/lib/armv7-m/crt0.o (__libc_init_array)
c:/siliconlabs/simplicitystudio/v4/developer/toolchains/gnu_arm/4.9_2015q3/bin/../lib/gcc/arm-none-eabi/4.9.3/../../../../arm-none-eabi/lib/armv7-m\libc_nano.a(lib_a-lcltime.o)
                              ./src/main.o (localtime)
c:/siliconlabs/simplicitystudio/v4/developer/toolchains/gnu_arm/4.9_2015q3/bin/../lib/gcc/arm-none-eabi/4.9.3/../../../../arm-none-eabi/lib/armv7-m\libc_nano.a(lib_a-lcltime_r.o)
                              c:/siliconlabs/simplicitystudio/v4/developer/toolchains/gnu_arm/4.9_2015q3/bin/../lib/gcc/arm-none-eabi/4.9.3/../../../../arm-none-eabi/lib/armv7-m\libc_nano.a(lib_a-lcltime.o) (localtime_r)
c:/siliconlabs/simplicitystudio/v4/developer/toolchains/gnu_arm/4.9_2015q3/bin/../lib/gcc/arm-none-eabi/4.9.3/../../../../arm-none-eabi/lib/armv7-m\libc_nano.a(lib_a-malloc.o)
                              c:/siliconlabs/simplicitystudio/v4/developer/toolchains/gnu_arm/4.9_2015q3/bin/../lib/gcc/arm-none-eabi/4.9.3/../../../../arm-none-eabi/lib/armv7-m\libc_nano.a(lib_a-lcltime.o) (malloc)
c:/siliconlabs/simplicitystudio/v4/developer/toolchains/gnu_arm/4.9_2015q3/bin/../lib/gcc/arm-none-eabi/4.9.3/../../../../arm-none-eabi/lib/armv7-m\libc_nano.a(lib_a-memcpy.o)
                              ./FreeRTOS/efm32g/queue.o (memcpy)
c:/siliconlabs/simplicitystudio/v4/developer/toolchains/gnu_arm/4.9_2015q3/bin/../lib/gcc/arm-none-eabi/4.9.3/../../../../arm-none-eabi/lib/armv7-m\libc_nano.a(lib_a-memset.o)
                              c:/siliconlabs/simplicitystudio/v4/developer/toolchains/gnu_arm/4.9_2015q3/bin/../lib/gcc/arm-none-eabi/4.9.3/../../../../arm-none-eabi/lib/armv7-m/crt0.o (memset)
c:/siliconlabs/simplicitystudio/v4/developer/toolchains/gnu_arm/4.9_2015q3/bin/../lib/gcc/arm-none-eabi/4.9.3/../../../../arm-none-eabi/lib/armv7-m\libc_nano.a(lib_a-mktime.o)
                              ./src/clock.o (mktime)
c:/siliconlabs/simplicitystudio/v4/developer/toolchains/gnu_arm/4.9_2015q3/bin/../lib/gcc/arm-none-eabi/4.9.3/../../../../arm-none-eabi/lib/armv7-m\libc_nano.a(lib_a-month_lengths.o)
                              c:/siliconlabs/simplicitystudio/v4/developer/toolchains/gnu_arm/4.9_2015q3/bin/../lib/gcc/arm-none-eabi/4.9.3/../../../../arm-none-eabi/lib/armv7-m\libc_nano.a(lib_a-lcltime_r.o) (__month_lengths)
[...]
Memory Configuration

Name             Origin             Length             Attributes
FLASH            0x00000000         0x00100000         xr
RAM              0x20000000         0x00020000         xrw
*default*        0x00000000         0xffffffff

Linker script and memory map

LOAD c:/siliconlabs/simplicitystudio/v4/developer/toolchains/gnu_arm/4.9_2015q3/bin/../lib/gcc/arm-none-eabi/4.9.3/armv7-m/crti.o
LOAD c:/siliconlabs/simplicitystudio/v4/developer/toolchains/gnu_arm/4.9_2015q3/bin/../lib/gcc/arm-none-eabi/4.9.3/armv7-m/crtbegin.o
LOAD c:/siliconlabs/simplicitystudio/v4/developer/toolchains/gnu_arm/4.9_2015q3/bin/../lib/gcc/arm-none-eabi/4.9.3/../../../../arm-none-eabi/lib/armv7-m/crt0.o
LOAD ./CMSIS/EFM32GG/startup_gcc_efm32gg.o
LOAD ./CMSIS/EFM32GG/system_efm32gg.o
LOAD ./Drivers/sleep.o
LOAD ./FreeRTOS/efm32g/croutine.o
LOAD ./FreeRTOS/efm32g/event_groups.o
LOAD ./FreeRTOS/efm32g/heap_1.o
LOAD ./FreeRTOS/efm32g/list.o
LOAD ./FreeRTOS/efm32g/port.o
LOAD ./FreeRTOS/efm32g/queue.o
LOAD ./FreeRTOS/efm32g/tasks.o
LOAD ./FreeRTOS/efm32g/timers.o
LOAD ./emlib/em_assert.o
LOAD ./emlib/em_burtc.o
LOAD ./emlib/em_cmu.o
LOAD ./emlib/em_core.o
LOAD ./emlib/em_emu.o
LOAD ./emlib/em_gpio.o
LOAD ./emlib/em_rmu.o
LOAD ./emlib/em_rtc.o
LOAD ./emlib/em_system.o
LOAD ./emlib/em_usart.o
LOAD ./src/InitDevice.o
LOAD ./src/clock.o
LOAD ./src/clockApp_stk.o
LOAD ./src/low_power_tick_management.o
LOAD ./src/main.o
START GROUP
LOAD c:/siliconlabs/simplicitystudio/v4/developer/toolchains/gnu_arm/4.9_2015q3/bin/../lib/gcc/arm-none-eabi/4.9.3/armv7-m\libgcc.a
LOAD c:/siliconlabs/simplicitystudio/v4/developer/toolchains/gnu_arm/4.9_2015q3/bin/../lib/gcc/arm-none-eabi/4.9.3/../../../../arm-none-eabi/lib/armv7-m\libc_nano.a
LOAD c:/siliconlabs/simplicitystudio/v4/developer/toolchains/gnu_arm/4.9_2015q3/bin/../lib/gcc/arm-none-eabi/4.9.3/../../../../arm-none-eabi/lib/armv7-m\libnosys.a
END GROUP
START GROUP
LOAD c:/siliconlabs/simplicitystudio/v4/developer/toolchains/gnu_arm/4.9_2015q3/bin/../lib/gcc/arm-none-eabi/4.9.3/armv7-m\libgcc.a
LOAD c:/siliconlabs/simplicitystudio/v4/developer/toolchains/gnu_arm/4.9_2015q3/bin/../lib/gcc/arm-none-eabi/4.9.3/../../../../arm-none-eabi/lib/armv7-m\libg_nano.a
LOAD c:/siliconlabs/simplicitystudio/v4/developer/toolchains/gnu_arm/4.9_2015q3/bin/../lib/gcc/arm-none-eabi/4.9.3/../../../../arm-none-eabi/lib/armv7-m\libc_nano.a
END GROUP
START GROUP
LOAD c:/siliconlabs/simplicitystudio/v4/developer/toolchains/gnu_arm/4.9_2015q3/bin/../lib/gcc/arm-none-eabi/4.9.3/armv7-m\libgcc.a
LOAD c:/siliconlabs/simplicitystudio/v4/developer/toolchains/gnu_arm/4.9_2015q3/bin/../lib/gcc/arm-none-eabi/4.9.3/../../../../arm-none-eabi/lib/armv7-m\libc_nano.a
END GROUP
LOAD c:/siliconlabs/simplicitystudio/v4/developer/toolchains/gnu_arm/4.9_2015q3/bin/../lib/gcc/arm-none-eabi/4.9.3/armv7-m/crtend.o
LOAD c:/siliconlabs/simplicitystudio/v4/developer/toolchains/gnu_arm/4.9_2015q3/bin/../lib/gcc/arm-none-eabi/4.9.3/armv7-m/crtn.o

.text           0x00000000     0x3774
 *(.vectors)
 .vectors       0x00000000       0xdc ./CMSIS/EFM32GG/startup_gcc_efm32gg.o
                0x00000000                __Vectors
                0x000000dc                __Vectors_End = .
                0x000000dc                __Vectors_Size = (__Vectors_End - __Vectors)
                0x000000dc                __end__ = .
 *(.text*)
 .text          0x000000dc       0x5c c:/siliconlabs/simplicitystudio/v4/developer/toolchains/gnu_arm/4.9_2015q3/bin/../lib/gcc/arm-none-eabi/4.9.3/armv7-m/crtbegin.o
 .text          0x00000138       0x74 c:/siliconlabs/simplicitystudio/v4/developer/toolchains/gnu_arm/4.9_2015q3/bin/../lib/gcc/arm-none-eabi/4.9.3/../../../../arm-none-eabi/lib/armv7-m/crt0.o
                0x00000138                _start
                0x00000138                _mainCRTStartup
 .text          0x000001ac       0x30 ./CMSIS/EFM32GG/startup_gcc_efm32gg.o
                0x000001ac                Reset_Handler
                0x000001d8                DebugMon_Handler
                0x000001d8                USART0_TX_IRQHandler
                0x000001d8                I2C0_IRQHandler
                0x000001d8                HardFault_Handler
                0x000001d8                LEUART1_IRQHandler
                0x000001d8                USART1_RX_IRQHandler
                0x000001d8                NMI_Handler
                0x000001d8                I2C1_IRQHandler
                0x000001d8                TIMER3_IRQHandler
                0x000001d8                USART1_TX_IRQHandler
                0x000001d8                MSC_IRQHandler
                0x000001d8                ADC0_IRQHandler
                0x000001d8                UsageFault_Handler
                0x000001d8                LEUART0_IRQHandler
                0x000001d8                GPIO_EVEN_IRQHandler
                0x000001d8                UART0_TX_IRQHandler
                0x000001d8                UART1_TX_IRQHandler
                0x000001d8                TIMER0_IRQHandler
                0x000001d8                TIMER2_IRQHandler
                0x000001d8                LCD_IRQHandler
                0x000001d8                PCNT2_IRQHandler
                0x000001d8                UART0_RX_IRQHandler
                0x000001d8                LETIMER0_IRQHandler
                0x000001d8                TIMER1_IRQHandler
                0x000001d8                USART2_RX_IRQHandler
                0x000001d8                Default_Handler
                0x000001d8                EMU_IRQHandler
                0x000001d8                PCNT0_IRQHandler
                0x000001d8                USB_IRQHandler
                0x000001d8                PCNT1_IRQHandler
                0x000001d8                ACMP0_IRQHandler
                0x000001d8                USART0_RX_IRQHandler
                0x000001d8                MemManage_Handler
                0x000001d8                DAC0_IRQHandler
                0x000001d8                UART1_RX_IRQHandler
                0x000001d8                CMU_IRQHandler
                0x000001d8                EBI_IRQHandler
                0x000001d8                LESENSE_IRQHandler
                0x000001d8                GPIO_ODD_IRQHandler
                0x000001d8                AES_IRQHandler
                0x000001d8                VCMP_IRQHandler
                0x000001d8                DMA_IRQHandler
                0x000001d8                BusFault_Handler
                0x000001d8                USART2_TX_IRQHandler
 .text.SystemCoreClockGet
                0x000001dc       0xdc ./CMSIS/EFM32GG/system_efm32gg.o
                0x000001dc                SystemCoreClockGet
 .text.SystemMaxCoreClockGet
                0x000002b8        0x8 ./CMSIS/EFM32GG/system_efm32gg.o
                0x000002b8                SystemMaxCoreClockGet
 .text.SystemHFClockGet
                0x000002c0       0xd0 ./CMSIS/EFM32GG/system_efm32gg.o
                0x000002c0                SystemHFClockGet
 .text.SystemHFXOClockGet
                0x00000390        0xc ./CMSIS/EFM32GG/system_efm32gg.o
                0x00000390                SystemHFXOClockGet
 .text.SystemInit
                0x0000039c        0x4 ./CMSIS/EFM32GG/system_efm32gg.o
                0x0000039c                SystemInit
 .text.SystemLFRCOClockGet
                0x000003a0        0x8 ./CMSIS/EFM32GG/system_efm32gg.o
                0x000003a0                SystemLFRCOClockGet
 .text.SystemULFRCOClockGet
                0x000003a8        0x8 ./CMSIS/EFM32GG/system_efm32gg.o
                0x000003a8                SystemULFRCOClockGet
 .text.SystemLFXOClockGet
                0x000003b0        0xc ./CMSIS/EFM32GG/system_efm32gg.o
                0x000003b0                SystemLFXOClockGet
 .text.SLEEP_Init
                0x000003bc       0x3c ./Drivers/sleep.o
                0x000003bc                SLEEP_Init
 .text.SLEEP_SleepBlockBegin
                0x000003f8       0x28 ./Drivers/sleep.o
                0x000003f8                SLEEP_SleepBlockBegin
 .text.vListInsertEnd
                0x00000420       0x20 ./FreeRTOS/efm32g/list.o
                0x00000420                vListInsertEnd
 .text.uxListRemove
                0x00000440       0x28 ./FreeRTOS/efm32g/list.o
                0x00000440                uxListRemove
 *fill*         0x00000468        0x8 
 .text.SVC_Handler
                0x00000470       0x24 ./FreeRTOS/efm32g/port.o
                0x00000470                SVC_Handler
 *fill*         0x00000494        0xc 
 .text.PendSV_Handler
                0x000004a0       0x44 ./FreeRTOS/efm32g/port.o
                0x000004a0                PendSV_Handler
 .text.SysTick_Handler
                0x000004e4       0x2c ./FreeRTOS/efm32g/port.o
                0x000004e4                SysTick_Handler
 .text.xTaskIncrementTick
                0x00000510      0x148 ./FreeRTOS/efm32g/tasks.o
                0x00000510                xTaskIncrementTick
 .text.vTaskSwitchContext
                0x00000658       0x5c ./FreeRTOS/efm32g/tasks.o
                0x00000658                vTaskSwitchContext
 .text.BURTC_Init
                0x000006b4       0x80 ./emlib/em_burtc.o
                0x000006b4                BURTC_Init
 .text.BURTC_CompareSet
                0x00000734       0x20 ./emlib/em_burtc.o
                0x00000734                BURTC_CompareSet
 .text.BURTC_CompareGet
                0x00000754        0xc ./emlib/em_burtc.o
                0x00000754                BURTC_CompareGet
 .text.lfClkGet
                0x00000760      0x12c ./emlib/em_cmu.o
 .text.CMU_ClockSelectGet
                0x0000088c       0xa8 ./emlib/em_cmu.o
                0x0000088c                CMU_ClockSelectGet
 .text.CMU_ClockFreqGet
                0x00000934      0x180 ./emlib/em_cmu.o
                0x00000934                CMU_ClockFreqGet
 .text.CMU_ClockEnable
                0x00000ab4       0xf0 ./emlib/em_cmu.o
                0x00000ab4                CMU_ClockEnable
 .text.CMU_ClockSelectSet
                0x00000ba4      0x460 ./emlib/em_cmu.o
                0x00000ba4                CMU_ClockSelectSet
 .text.CMU_OscillatorEnable
                0x00001004       0x84 ./emlib/em_cmu.o
                0x00001004                CMU_OscillatorEnable
 .text.emuRestore
                0x00001088       0x84 ./emlib/em_emu.o
 .text.EMU_EnterEM2
                0x0000110c       0x98 ./emlib/em_emu.o
                0x0000110c                EMU_EnterEM2
 .text.EMU_UpdateOscConfig
                0x000011a4       0x14 ./emlib/em_emu.o
                0x000011a4                EMU_UpdateOscConfig
 .text.EMU_EM4Init
                0x000011b8       0x2c ./emlib/em_emu.o
                0x000011b8                EMU_EM4Init
 .text.EMU_BUPDInit
                0x000011e4       0x70 ./emlib/em_emu.o
                0x000011e4                EMU_BUPDInit
 .text.RMU_ResetControl
                0x00001254       0x1c ./emlib/em_rmu.o
                0x00001254                RMU_ResetControl
 .text.RMU_ResetCauseClear
                0x00001270       0x3c ./emlib/em_rmu.o
                0x00001270                RMU_ResetCauseClear
 .text.RMU_ResetCauseGet
                0x000012ac       0xf4 ./emlib/em_rmu.o
                0x000012ac                RMU_ResetCauseGet
 .text.RTC_CompareGet
                0x000013a0       0x1c ./emlib/em_rtc.o
                0x000013a0                RTC_CompareGet
 .text.RTC_CompareSet
                0x000013bc       0x18 ./emlib/em_rtc.o
                0x000013bc                RTC_CompareSet
 .text.RTC_Enable
                0x000013d4        0x8 ./emlib/em_rtc.o
                0x000013d4                RTC_Enable
 .text.SYSTEM_ChipRevisionGet
                0x000013dc       0x34 ./emlib/em_system.o
                0x000013dc                SYSTEM_ChipRevisionGet
 .text.USART_InitAsync
                0x00001410       0xdc ./emlib/em_usart.o
                0x00001410                USART_InitAsync
 .text.USART_InitPrsTrigger
                0x000014ec       0x28 ./emlib/em_usart.o
                0x000014ec                USART_InitPrsTrigger
 .text.USART_Tx
                0x00001514        0xc ./emlib/em_usart.o
                0x00001514                USART_Tx
 .text.enter_DefaultMode_from_RESET
                0x00001520      0x10c ./src/InitDevice.o
                0x00001520                enter_DefaultMode_from_RESET
 .text.time     0x0000162c       0x3c ./src/clock.o
                0x0000162c                time
 .text.clockSetStartTime
                0x00001668        0xc ./src/clock.o
                0x00001668                clockSetStartTime
 .text.clockGetStartTime
                0x00001674        0xc ./src/clock.o
                0x00001674                clockGetStartTime
 .text.clockInit
                0x00001680       0x30 ./src/clock.o
                0x00001680                clockInit
 .text.clockOverflow
                0x000016b0       0x10 ./src/clock.o
                0x000016b0                clockOverflow
 .text.clockSetOverflowCounter
                0x000016c0        0xc ./src/clock.o
                0x000016c0                clockSetOverflowCounter
 .text.clockGetOverflowCounter
                0x000016cc        0xc ./src/clock.o
                0x000016cc                clockGetOverflowCounter
 .text.BURTC_IRQHandler
                0x000016d8       0x48 ./src/clockApp_stk.o
                0x000016d8                BURTC_IRQHandler
 .text.clockAppInit
                0x00001720       0x14 ./src/clockApp_stk.o
                0x00001720                clockAppInit
 .text.clockAppBackup
                0x00001734       0x1c ./src/clockApp_stk.o
                0x00001734                clockAppBackup
 .text.clockAppRestore
                0x00001750       0x60 ./src/clockApp_stk.o
                0x00001750                clockAppRestore
 .text.RTC_IRQHandler
                0x000017b0       0x60 ./src/low_power_tick_management.o
                0x000017b0                RTC_IRQHandler
 .text.println.constprop.0
                0x00001810       0x38 ./src/main.o
 .text.budSetup
                0x00001848       0x70 ./src/main.o
                0x00001848                budSetup
 .text.burtcSetup
                0x000018b8       0x54 ./src/main.o
                0x000018b8                burtcSetup
 .text.startup.main
                0x0000190c      0x204 ./src/main.o
                0x0000190c                main
 .text.exit     0x00001b10       0x28 c:/siliconlabs/simplicitystudio/v4/developer/toolchains/gnu_arm/4.9_2015q3/bin/../lib/gcc/arm-none-eabi/4.9.3/../../../../arm-none-eabi/lib/armv7-m\libc_nano.a(lib_a-exit.o)
                0x00001b10                exit
 .text.__libc_init_array
                0x00001b38       0x4c c:/siliconlabs/simplicitystudio/v4/developer/toolchains/gnu_arm/4.9_2015q3/bin/../lib/gcc/arm-none-eabi/4.9.3/../../../../arm-none-eabi/lib/armv7-m\libc_nano.a(lib_a-init.o)
                0x00001b38                __libc_init_array
 .text.localtime
                0x00001b84       0x24 c:/siliconlabs/simplicitystudio/v4/developer/toolchains/gnu_arm/4.9_2015q3/bin/../lib/gcc/arm-none-eabi/4.9.3/../../../../arm-none-eabi/lib/armv7-m\libc_nano.a(lib_a-lcltime.o)
                0x00001b84                localtime
 .text.localtime_r
                0x00001ba8      0x1cc c:/siliconlabs/simplicitystudio/v4/developer/toolchains/gnu_arm/4.9_2015q3/bin/../lib/gcc/arm-none-eabi/4.9.3/../../../../arm-none-eabi/lib/armv7-m\libc_nano.a(lib_a-lcltime_r.o)
                0x00001ba8                localtime_r
 .text.malloc   0x00001d74       0x10 c:/siliconlabs/simplicitystudio/v4/developer/toolchains/gnu_arm/4.9_2015q3/bin/../lib/gcc/arm-none-eabi/4.9.3/../../../../arm-none-eabi/lib/armv7-m\libc_nano.a(lib_a-malloc.o)
                0x00001d74                malloc
 .text.free     0x00001d84       0x10 c:/siliconlabs/simplicitystudio/v4/developer/toolchains/gnu_arm/4.9_2015q3/bin/../lib/gcc/arm-none-eabi/4.9.3/../../../../arm-none-eabi/lib/armv7-m\libc_nano.a(lib_a-malloc.o)
                0x00001d84                free
 .text.memcpy   0x00001d94       0x16 c:/siliconlabs/simplicitystudio/v4/developer/toolchains/gnu_arm/4.9_2015q3/bin/../lib/gcc/arm-none-eabi/4.9.3/../../../../arm-none-eabi/lib/armv7-m\libc_nano.a(lib_a-memcpy.o)
                0x00001d94                memcpy
 .text.memset   0x00001daa       0x10 c:/siliconlabs/simplicitystudio/v4/developer/toolchains/gnu_arm/4.9_2015q3/bin/../lib/gcc/arm-none-eabi/4.9.3/../../../../arm-none-eabi/lib/armv7-m\libc_nano.a(lib_a-memset.o)
                0x00001daa                memset
 *fill*         0x00001dba        0x2 
 .text.validate_structure
                0x00001dbc      0x1ac c:/siliconlabs/simplicitystudio/v4/developer/toolchains/gnu_arm/4.9_2015q3/bin/../lib/gcc/arm-none-eabi/4.9.3/../../../../arm-none-eabi/lib/armv7-m\libc_nano.a(lib_a-mktime.o)
 .text.mktime   0x00001f68      0x2f8 c:/siliconlabs/simplicitystudio/v4/developer/toolchains/gnu_arm/4.9_2015q3/bin/../lib/gcc/arm-none-eabi/4.9.3/../../../../arm-none-eabi/lib/armv7-m\libc_nano.a(lib_a-mktime.o)
                0x00001f68                mktime
 .text._free_r  0x00002260       0x88 c:/siliconlabs/simplicitystudio/v4/developer/toolchains/gnu_arm/4.9_2015q3/bin/../lib/gcc/arm-none-eabi/4.9.3/../../../../arm-none-eabi/lib/armv7-m\libc_nano.a(lib_a-nano-freer.o)
                0x00002260                _free_r
 .text._malloc_r
                0x000022e8       0xac c:/siliconlabs/simplicitystudio/v4/developer/toolchains/gnu_arm/4.9_2015q3/bin/../lib/gcc/arm-none-eabi/4.9.3/../../../../arm-none-eabi/lib/armv7-m\libc_nano.a(lib_a-nano-mallocr.o)
                0x000022e8                _malloc_r
 .text._sbrk_r  0x00002394       0x20 c:/siliconlabs/simplicitystudio/v4/developer/toolchains/gnu_arm/4.9_2015q3/bin/../lib/gcc/arm-none-eabi/4.9.3/../../../../arm-none-eabi/lib/armv7-m\libc_nano.a(lib_a-sbrkr.o)
                0x00002394                _sbrk_r
 .text.__tzcalc_limits
                0x000023b4      0x148 c:/siliconlabs/simplicitystudio/v4/developer/toolchains/gnu_arm/4.9_2015q3/bin/../lib/gcc/arm-none-eabi/4.9.3/../../../../arm-none-eabi/lib/armv7-m\libc_nano.a(lib_a-tzcalc_limits.o)
                0x000023b4                __tzcalc_limits
 .text.__tz_lock
                0x000024fc        0x2 c:/siliconlabs/simplicitystudio/v4/developer/toolchains/gnu_arm/4.9_2015q3/bin/../lib/gcc/arm-none-eabi/4.9.3/../../../../arm-none-eabi/lib/armv7-m\libc_nano.a(lib_a-tzlock.o)
                0x000024fc                __tz_lock
 .text.__tz_unlock
                0x000024fe        0x2 c:/siliconlabs/simplicitystudio/v4/developer/toolchains/gnu_arm/4.9_2015q3/bin/../lib/gcc/arm-none-eabi/4.9.3/../../../../arm-none-eabi/lib/armv7-m\libc_nano.a(lib_a-tzlock.o)
                0x000024fe                __tz_unlock
 .text._tzset_unlocked
                0x00002500        0xc c:/siliconlabs/simplicitystudio/v4/developer/toolchains/gnu_arm/4.9_2015q3/bin/../lib/gcc/arm-none-eabi/4.9.3/../../../../arm-none-eabi/lib/armv7-m\libc_nano.a(lib_a-tzset.o)
                0x00002500                _tzset_unlocked
 .text._tzset_unlocked_r
                0x0000250c      0x308 c:/siliconlabs/simplicitystudio/v4/developer/toolchains/gnu_arm/4.9_2015q3/bin/../lib/gcc/arm-none-eabi/4.9.3/../../../../arm-none-eabi/lib/armv7-m\libc_nano.a(lib_a-tzset_r.o)
                0x0000250c                _tzset_unlocked_r
 .text.div      0x00002814       0x28 c:/siliconlabs/simplicitystudio/v4/developer/toolchains/gnu_arm/4.9_2015q3/bin/../lib/gcc/arm-none-eabi/4.9.3/../../../../arm-none-eabi/lib/armv7-m\libc_nano.a(lib_a-div.o)
                0x00002814                div
 .text._findenv_r
                0x0000283c       0x78 c:/siliconlabs/simplicitystudio/v4/developer/toolchains/gnu_arm/4.9_2015q3/bin/../lib/gcc/arm-none-eabi/4.9.3/../../../../arm-none-eabi/lib/armv7-m\libc_nano.a(lib_a-getenv_r.o)
                0x0000283c                _findenv_r
 .text._getenv_r
                0x000028b4        0xe c:/siliconlabs/simplicitystudio/v4/developer/toolchains/gnu_arm/4.9_2015q3/bin/../lib/gcc/arm-none-eabi/4.9.3/../../../../arm-none-eabi/lib/armv7-m\libc_nano.a(lib_a-getenv_r.o)
                0x000028b4                _getenv_r
 *fill*         0x000028c2        0x2 
 .text.__gettzinfo
                0x000028c4        0x8 c:/siliconlabs/simplicitystudio/v4/developer/toolchains/gnu_arm/4.9_2015q3/bin/../lib/gcc/arm-none-eabi/4.9.3/../../../../arm-none-eabi/lib/armv7-m\libc_nano.a(lib_a-gettzinfo.o)
                0x000028c4                __gettzinfo
 .text.gmtime_r
                0x000028cc      0x124 c:/siliconlabs/simplicitystudio/v4/developer/toolchains/gnu_arm/4.9_2015q3/bin/../lib/gcc/arm-none-eabi/4.9.3/../../../../arm-none-eabi/lib/armv7-m\libc_nano.a(lib_a-gmtime_r.o)
                0x000028cc                gmtime_r
 .text.sscanf   0x000029f0       0x54 c:/siliconlabs/simplicitystudio/v4/developer/toolchains/gnu_arm/4.9_2015q3/bin/../lib/gcc/arm-none-eabi/4.9.3/../../../../arm-none-eabi/lib/armv7-m\libc_nano.a(lib_a-sscanf.o)
                0x000029f0                siscanf
                0x000029f0                sscanf
 .text.__seofread
                0x00002a44        0x4 c:/siliconlabs/simplicitystudio/v4/developer/toolchains/gnu_arm/4.9_2015q3/bin/../lib/gcc/arm-none-eabi/4.9.3/../../../../arm-none-eabi/lib/armv7-m\libc_nano.a(lib_a-stdio.o)
                0x00002a44                __seofread
 .text          0x00002a48       0x14 c:/siliconlabs/simplicitystudio/v4/developer/toolchains/gnu_arm/4.9_2015q3/bin/../lib/gcc/arm-none-eabi/4.9.3/../../../../arm-none-eabi/lib/armv7-m\libc_nano.a(lib_a-strcmp.o)
                0x00002a48                strcmp
 .text.strcpy   0x00002a5c       0x10 c:/siliconlabs/simplicitystudio/v4/developer/toolchains/gnu_arm/4.9_2015q3/bin/../lib/gcc/arm-none-eabi/4.9.3/../../../../arm-none-eabi/lib/armv7-m\libc_nano.a(lib_a-strcpy.o)
                0x00002a5c                strcpy
 .text.strlen   0x00002a6c       0x10 c:/siliconlabs/simplicitystudio/v4/developer/toolchains/gnu_arm/4.9_2015q3/bin/../lib/gcc/arm-none-eabi/4.9.3/../../../../arm-none-eabi/lib/armv7-m\libc_nano.a(lib_a-strlen.o)
                0x00002a6c                strlen
 .text.strncmp  0x00002a7c       0x32 c:/siliconlabs/simplicitystudio/v4/developer/toolchains/gnu_arm/4.9_2015q3/bin/../lib/gcc/arm-none-eabi/4.9.3/../../../../arm-none-eabi/lib/armv7-m\libc_nano.a(lib_a-strncmp.o)
                0x00002a7c                strncmp
 *fill*         0x00002aae        0x2 
 .text._strtoul_r
                0x00002ab0       0xf8 c:/siliconlabs/simplicitystudio/v4/developer/toolchains/gnu_arm/4.9_2015q3/bin/../lib/gcc/arm-none-eabi/4.9.3/../../../../arm-none-eabi/lib/armv7-m\libc_nano.a(lib_a-strtoul.o)
                0x00002ab0                _strtoul_r
 .text.strtoul  0x00002ba8       0x1c c:/siliconlabs/simplicitystudio/v4/developer/toolchains/gnu_arm/4.9_2015q3/bin/../lib/gcc/arm-none-eabi/4.9.3/../../../../arm-none-eabi/lib/armv7-m\libc_nano.a(lib_a-strtoul.o)
                0x00002ba8                strtoul
 .text.__env_lock
                0x00002bc4        0x2 c:/siliconlabs/simplicitystudio/v4/developer/toolchains/gnu_arm/4.9_2015q3/bin/../lib/gcc/arm-none-eabi/4.9.3/../../../../arm-none-eabi/lib/armv7-m\libc_nano.a(lib_a-envlock.o)
                0x00002bc4                __env_lock
 .text.__env_unlock
                0x00002bc6        0x2 c:/siliconlabs/simplicitystudio/v4/developer/toolchains/gnu_arm/4.9_2015q3/bin/../lib/gcc/arm-none-eabi/4.9.3/../../../../arm-none-eabi/lib/armv7-m\libc_nano.a(lib_a-envlock.o)
                0x00002bc6                __env_unlock
 .text._sungetc_r
                0x00002bc8       0x7a c:/siliconlabs/simplicitystudio/v4/developer/toolchains/gnu_arm/4.9_2015q3/bin/../lib/gcc/arm-none-eabi/4.9.3/../../../../arm-none-eabi/lib/armv7-m\libc_nano.a(lib_a-nano-svfscanf.o)
                0x00002bc8                _sungetc_r
 .text.__ssrefill_r
                0x00002c42       0x3a c:/siliconlabs/simplicitystudio/v4/developer/toolchains/gnu_arm/4.9_2015q3/bin/../lib/gcc/arm-none-eabi/4.9.3/../../../../arm-none-eabi/lib/armv7-m\libc_nano.a(lib_a-nano-svfscanf.o)
                0x00002c42                __ssrefill_r
 .text.__ssvfscanf_r
                0x00002c7c      0x29c c:/siliconlabs/simplicitystudio/v4/developer/toolchains/gnu_arm/4.9_2015q3/bin/../lib/gcc/arm-none-eabi/4.9.3/../../../../arm-none-eabi/lib/armv7-m\libc_nano.a(lib_a-nano-svfscanf.o)
                0x00002c7c                __ssvfiscanf_r
                0x00002c7c                __ssvfscanf_r
 .text._scanf_chars
                0x00002f18       0xbc c:/siliconlabs/simplicitystudio/v4/developer/toolchains/gnu_arm/4.9_2015q3/bin/../lib/gcc/arm-none-eabi/4.9.3/../../../../arm-none-eabi/lib/armv7-m\libc_nano.a(lib_a-nano-vfscanf_i.o)
                0x00002f18                _scanf_chars
 .text._scanf_i
                0x00002fd4      0x1e4 c:/siliconlabs/simplicitystudio/v4/developer/toolchains/gnu_arm/4.9_2015q3/bin/../lib/gcc/arm-none-eabi/4.9.3/../../../../arm-none-eabi/lib/armv7-m\libc_nano.a(lib_a-nano-vfscanf_i.o)
                0x00002fd4                _scanf_i
 .text.__sccl   0x000031b8       0x62 c:/siliconlabs/simplicitystudio/v4/developer/toolchains/gnu_arm/4.9_2015q3/bin/../lib/gcc/arm-none-eabi/4.9.3/../../../../arm-none-eabi/lib/armv7-m\libc_nano.a(lib_a-sccl.o)
                0x000031b8                __sccl
 *fill*         0x0000321a        0x2 
 .text._strtol_r
                0x0000321c      0x10c c:/siliconlabs/simplicitystudio/v4/developer/toolchains/gnu_arm/4.9_2015q3/bin/../lib/gcc/arm-none-eabi/4.9.3/../../../../arm-none-eabi/lib/armv7-m\libc_nano.a(lib_a-strtol.o)
                0x0000321c                _strtol_r
 .text.__submore
                0x00003328       0x72 c:/siliconlabs/simplicitystudio/v4/developer/toolchains/gnu_arm/4.9_2015q3/bin/../lib/gcc/arm-none-eabi/4.9.3/../../../../arm-none-eabi/lib/armv7-m\libc_nano.a(lib_a-ungetc.o)
                0x00003328                __submore
 .text.memchr   0x0000339a       0x1c c:/siliconlabs/simplicitystudio/v4/developer/toolchains/gnu_arm/4.9_2015q3/bin/../lib/gcc/arm-none-eabi/4.9.3/../../../../arm-none-eabi/lib/armv7-m\libc_nano.a(lib_a-memchr.o)
                0x0000339a                memchr
 .text._realloc_r
                0x000033b6       0x4c c:/siliconlabs/simplicitystudio/v4/developer/toolchains/gnu_arm/4.9_2015q3/bin/../lib/gcc/arm-none-eabi/4.9.3/../../../../arm-none-eabi/lib/armv7-m\libc_nano.a(lib_a-nano-reallocr.o)
                0x000033b6                _realloc_r
 .text._malloc_usable_size_r
                0x00003402       0x14 c:/siliconlabs/simplicitystudio/v4/developer/toolchains/gnu_arm/4.9_2015q3/bin/../lib/gcc/arm-none-eabi/4.9.3/../../../../arm-none-eabi/lib/armv7-m\libc_nano.a(lib_a-nano-msizer.o)
                0x00003402                _malloc_usable_size_r
 *fill*         0x00003416        0x2 
 .text._sbrk    0x00003418       0x1c c:/siliconlabs/simplicitystudio/v4/developer/toolchains/gnu_arm/4.9_2015q3/bin/../lib/gcc/arm-none-eabi/4.9.3/../../../../arm-none-eabi/lib/armv7-m\libnosys.a(sbrk.o)
                0x00003418                _sbrk
 .text._exit    0x00003434        0x4 c:/siliconlabs/simplicitystudio/v4/developer/toolchains/gnu_arm/4.9_2015q3/bin/../lib/gcc/arm-none-eabi/4.9.3/../../../../arm-none-eabi/lib/armv7-m\libnosys.a(_exit.o)
                0x00003434                _exit
 *(.init)
 .init          0x00003438        0x4 c:/siliconlabs/simplicitystudio/v4/developer/toolchains/gnu_arm/4.9_2015q3/bin/../lib/gcc/arm-none-eabi/4.9.3/armv7-m/crti.o
                0x00003438                _init
 .init          0x0000343c        0x8 c:/siliconlabs/simplicitystudio/v4/developer/toolchains/gnu_arm/4.9_2015q3/bin/../lib/gcc/arm-none-eabi/4.9.3/armv7-m/crtn.o
 *(.fini)
 .fini          0x00003444        0x4 c:/siliconlabs/simplicitystudio/v4/developer/toolchains/gnu_arm/4.9_2015q3/bin/../lib/gcc/arm-none-eabi/4.9.3/armv7-m/crti.o
                0x00003444                _fini
 .fini          0x00003448        0x8 c:/siliconlabs/simplicitystudio/v4/developer/toolchains/gnu_arm/4.9_2015q3/bin/../lib/gcc/arm-none-eabi/4.9.3/armv7-m/crtn.o
 *crtbegin.o(.ctors)
 *crtbegin?.o(.ctors)
 *(EXCLUDE_FILE(*crtend.o *crtend?.o) .ctors)
 *(SORT(.ctors.*))
 *(.ctors)
 *crtbegin.o(.dtors)
 *crtbegin?.o(.dtors)
 *(EXCLUDE_FILE(*crtend.o *crtend?.o) .dtors)
 *(SORT(.dtors.*))
 *(.dtors)
 *(.rodata*)
 .rodata        0x00003450       0x18 ./src/InitDevice.o
 .rodata        0x00003468       0x1c ./src/main.o
 .rodata.str1.4
                0x00003484       0x30 ./src/main.o
 .rodata.str1.1
                0x000034b4        0x2 c:/siliconlabs/simplicitystudio/v4/developer/toolchains/gnu_arm/4.9_2015q3/bin/../lib/gcc/arm-none-eabi/4.9.3/../../../../arm-none-eabi/lib/armv7-m\libc_nano.a(lib_a-impure.o)
 *fill*         0x000034b6        0x2 
 .rodata._global_impure_ptr
                0x000034b8        0x4 c:/siliconlabs/simplicitystudio/v4/developer/toolchains/gnu_arm/4.9_2015q3/bin/../lib/gcc/arm-none-eabi/4.9.3/../../../../arm-none-eabi/lib/armv7-m\libc_nano.a(lib_a-impure.o)
                0x000034b8                _global_impure_ptr
 .rodata._DAYS_BEFORE_MONTH
                0x000034bc       0x30 c:/siliconlabs/simplicitystudio/v4/developer/toolchains/gnu_arm/4.9_2015q3/bin/../lib/gcc/arm-none-eabi/4.9.3/../../../../arm-none-eabi/lib/armv7-m\libc_nano.a(lib_a-mktime.o)
 .rodata.DAYS_IN_MONTH
                0x000034ec       0x30 c:/siliconlabs/simplicitystudio/v4/developer/toolchains/gnu_arm/4.9_2015q3/bin/../lib/gcc/arm-none-eabi/4.9.3/../../../../arm-none-eabi/lib/armv7-m\libc_nano.a(lib_a-mktime.o)
 .rodata.__month_lengths
                0x0000351c       0x60 c:/siliconlabs/simplicitystudio/v4/developer/toolchains/gnu_arm/4.9_2015q3/bin/../lib/gcc/arm-none-eabi/4.9.3/../../../../arm-none-eabi/lib/armv7-m\libc_nano.a(lib_a-month_lengths.o)
                0x0000351c                __month_lengths
 .rodata.str1.1
                0x0000357c       0x3c c:/siliconlabs/simplicitystudio/v4/developer/toolchains/gnu_arm/4.9_2015q3/bin/../lib/gcc/arm-none-eabi/4.9.3/../../../../arm-none-eabi/lib/armv7-m\libc_nano.a(lib_a-tzset_r.o)
                                 0x4e (size before relaxing)
 .rodata.str1.1
                0x00000000        0x4 c:/siliconlabs/simplicitystudio/v4/developer/toolchains/gnu_arm/4.9_2015q3/bin/../lib/gcc/arm-none-eabi/4.9.3/../../../../arm-none-eabi/lib/armv7-m\libc_nano.a(lib_a-tzvars.o)
 .rodata._ctype_
                0x000035b8      0x101 c:/siliconlabs/simplicitystudio/v4/developer/toolchains/gnu_arm/4.9_2015q3/bin/../lib/gcc/arm-none-eabi/4.9.3/../../../../arm-none-eabi/lib/armv7-m\libc_nano.a(lib_a-ctype_.o)
                0x000035b8                _ctype_
 .rodata.str1.1
                0x000036b9        0x4 c:/siliconlabs/simplicitystudio/v4/developer/toolchains/gnu_arm/4.9_2015q3/bin/../lib/gcc/arm-none-eabi/4.9.3/../../../../arm-none-eabi/lib/armv7-m\libc_nano.a(lib_a-nano-svfscanf.o)
 *fill*         0x000036bd        0x3 
 .rodata        0x000036c0        0xc c:/siliconlabs/simplicitystudio/v4/developer/toolchains/gnu_arm/4.9_2015q3/bin/../lib/gcc/arm-none-eabi/4.9.3/../../../../arm-none-eabi/lib/armv7-m\libc_nano.a(lib_a-nano-vfscanf_i.o)
 .rodata.str1.1
                0x000036cc       0x1b c:/siliconlabs/simplicitystudio/v4/developer/toolchains/gnu_arm/4.9_2015q3/bin/../lib/gcc/arm-none-eabi/4.9.3/../../../../arm-none-eabi/lib/armv7-m\libc_nano.a(lib_a-nano-vfscanf_i.o)
 *fill*         0x000036e7        0x1 
 .rodata.__sf_fake_stdin
                0x000036e8       0x20 c:/siliconlabs/simplicitystudio/v4/developer/toolchains/gnu_arm/4.9_2015q3/bin/../lib/gcc/arm-none-eabi/4.9.3/../../../../arm-none-eabi/lib/armv7-m\libc_nano.a(lib_a-findfp.o)
                0x000036e8                __sf_fake_stdin
 .rodata.__sf_fake_stdout
                0x00003708       0x20 c:/siliconlabs/simplicitystudio/v4/developer/toolchains/gnu_arm/4.9_2015q3/bin/../lib/gcc/arm-none-eabi/4.9.3/../../../../arm-none-eabi/lib/armv7-m\libc_nano.a(lib_a-findfp.o)
                0x00003708                __sf_fake_stdout
 .rodata.__sf_fake_stderr
                0x00003728       0x20 c:/siliconlabs/simplicitystudio/v4/developer/toolchains/gnu_arm/4.9_2015q3/bin/../lib/gcc/arm-none-eabi/4.9.3/../../../../arm-none-eabi/lib/armv7-m\libc_nano.a(lib_a-findfp.o)
                0x00003728                __sf_fake_stderr
 *(.eh_frame*)
 .eh_frame      0x00003748        0x0 c:/siliconlabs/simplicitystudio/v4/developer/toolchains/gnu_arm/4.9_2015q3/bin/../lib/gcc/arm-none-eabi/4.9.3/armv7-m/crtbegin.o
 .eh_frame      0x00003748       0x28 c:/siliconlabs/simplicitystudio/v4/developer/toolchains/gnu_arm/4.9_2015q3/bin/../lib/gcc/arm-none-eabi/4.9.3/../../../../arm-none-eabi/lib/armv7-m\libc_nano.a(lib_a-strcmp.o)
 .eh_frame      0x00003770        0x4 c:/siliconlabs/simplicitystudio/v4/developer/toolchains/gnu_arm/4.9_2015q3/bin/../lib/gcc/arm-none-eabi/4.9.3/armv7-m/crtend.o

.glue_7         0x00003774        0x0
 .glue_7        0x00000000        0x0 linker stubs

.glue_7t        0x00003774        0x0
 .glue_7t       0x00000000        0x0 linker stubs

.vfp11_veneer   0x00003774        0x0
 .vfp11_veneer  0x00000000        0x0 linker stubs

.v4_bx          0x00003774        0x0
 .v4_bx         0x00000000        0x0 linker stubs

.iplt           0x00003774        0x0
 .iplt          0x00000000        0x0 c:/siliconlabs/simplicitystudio/v4/developer/toolchains/gnu_arm/4.9_2015q3/bin/../lib/gcc/arm-none-eabi/4.9.3/armv7-m/crtbegin.o

.ARM.extab
 *(.ARM.extab* .gnu.linkonce.armextab.*)
                0x00003774                __exidx_start = .

.ARM.exidx      0x00003774        0x8
 *(.ARM.exidx* .gnu.linkonce.armexidx.*)
 .ARM.exidx     0x00003774        0x8 c:/siliconlabs/simplicitystudio/v4/developer/toolchains/gnu_arm/4.9_2015q3/bin/../lib/gcc/arm-none-eabi/4.9.3/../../../../arm-none-eabi/lib/armv7-m/crt0.o
                0x0000377c                __exidx_end = .
                0x0000377c                __etext = .

.rel.dyn        0x0000377c        0x0
 .rel.iplt      0x00000000        0x0 c:/siliconlabs/simplicitystudio/v4/developer/toolchains/gnu_arm/4.9_2015q3/bin/../lib/gcc/arm-none-eabi/4.9.3/armv7-m/crtbegin.o

.data           0x20000000       0xc8 load address 0x0000377c
                0x20000000                __data_start__ = .
 *(vtable)
 *(.data*)
 .data.SystemLFXOClock
                0x20000000        0x4 ./CMSIS/EFM32GG/system_efm32gg.o
 .data.SystemHFXOClock
                0x20000004        0x4 ./CMSIS/EFM32GG/system_efm32gg.o
 .data.impure_data
                0x20000008       0x60 c:/siliconlabs/simplicitystudio/v4/developer/toolchains/gnu_arm/4.9_2015q3/bin/../lib/gcc/arm-none-eabi/4.9.3/../../../../arm-none-eabi/lib/armv7-m\libc_nano.a(lib_a-impure.o)
 .data._impure_ptr
                0x20000068        0x4 c:/siliconlabs/simplicitystudio/v4/developer/toolchains/gnu_arm/4.9_2015q3/bin/../lib/gcc/arm-none-eabi/4.9.3/../../../../arm-none-eabi/lib/armv7-m\libc_nano.a(lib_a-impure.o)
                0x20000068                _impure_ptr
 .data._tzname  0x2000006c        0x8 c:/siliconlabs/simplicitystudio/v4/developer/toolchains/gnu_arm/4.9_2015q3/bin/../lib/gcc/arm-none-eabi/4.9.3/../../../../arm-none-eabi/lib/armv7-m\libc_nano.a(lib_a-tzvars.o)
                0x2000006c                _tzname
 .data.tzinfo   0x20000074       0x40 c:/siliconlabs/simplicitystudio/v4/developer/toolchains/gnu_arm/4.9_2015q3/bin/../lib/gcc/arm-none-eabi/4.9.3/../../../../arm-none-eabi/lib/armv7-m\libc_nano.a(lib_a-gettzinfo.o)
 .data.__ctype_ptr__
                0x200000b4        0x4 c:/siliconlabs/simplicitystudio/v4/developer/toolchains/gnu_arm/4.9_2015q3/bin/../lib/gcc/arm-none-eabi/4.9.3/../../../../arm-none-eabi/lib/armv7-m\libc_nano.a(lib_a-ctype_.o)
                0x200000b4                __ctype_ptr__
 .data.environ  0x200000b8        0x4 c:/siliconlabs/simplicitystudio/v4/developer/toolchains/gnu_arm/4.9_2015q3/bin/../lib/gcc/arm-none-eabi/4.9.3/../../../../arm-none-eabi/lib/armv7-m\libc_nano.a(lib_a-environ.o)
                0x200000b8                environ
                0x200000bc                . = ALIGN (0x4)
 *(.ram)
                0x200000bc                . = ALIGN (0x4)
                0x200000bc                PROVIDE (__preinit_array_start, .)
 *(.preinit_array)
                0x200000bc                PROVIDE (__preinit_array_end, .)
                0x200000bc                . = ALIGN (0x4)
                0x200000bc                PROVIDE (__init_array_start, .)
 *(SORT(.init_array.*))
 *(.init_array)
 .init_array    0x200000bc        0x4 c:/siliconlabs/simplicitystudio/v4/developer/toolchains/gnu_arm/4.9_2015q3/bin/../lib/gcc/arm-none-eabi/4.9.3/armv7-m/crtbegin.o
                0x200000c0                PROVIDE (__init_array_end, .)
                0x200000c0                . = ALIGN (0x4)
                0x200000c0                PROVIDE (__fini_array_start, .)
 *(SORT(.fini_array.*))
 *(.fini_array)
 .fini_array    0x200000c0        0x4 c:/siliconlabs/simplicitystudio/v4/developer/toolchains/gnu_arm/4.9_2015q3/bin/../lib/gcc/arm-none-eabi/4.9.3/armv7-m/crtbegin.o
                0x200000c4                PROVIDE (__fini_array_end, .)
 *(.jcr*)
 .jcr           0x200000c4        0x0 c:/siliconlabs/simplicitystudio/v4/developer/toolchains/gnu_arm/4.9_2015q3/bin/../lib/gcc/arm-none-eabi/4.9.3/armv7-m/crtbegin.o
 .jcr           0x200000c4        0x4 c:/siliconlabs/simplicitystudio/v4/developer/toolchains/gnu_arm/4.9_2015q3/bin/../lib/gcc/arm-none-eabi/4.9.3/armv7-m/crtend.o
                0x200000c8                . = ALIGN (0x4)
                0x200000c8                __data_end__ = .

.igot.plt       0x200000c8        0x0 load address 0x00003844
 .igot.plt      0x00000000        0x0 c:/siliconlabs/simplicitystudio/v4/developer/toolchains/gnu_arm/4.9_2015q3/bin/../lib/gcc/arm-none-eabi/4.9.3/armv7-m/crtbegin.o

.bss            0x200000c8      0x140 load address 0x00003844
                0x200000c8                . = ALIGN (0x4)
                0x200000c8                __bss_start__ = .
 *(.bss*)
 .bss           0x200000c8       0x1c c:/siliconlabs/simplicitystudio/v4/developer/toolchains/gnu_arm/4.9_2015q3/bin/../lib/gcc/arm-none-eabi/4.9.3/armv7-m/crtbegin.o
 .bss.wakeUpCallback
                0x200000e4        0x4 ./Drivers/sleep.o
 .bss.sleepCallback
                0x200000e8        0x4 ./Drivers/sleep.o
 .bss.sleepBlockCnt
                0x200000ec        0x2 ./Drivers/sleep.o
 *fill*         0x200000ee        0x2 
 .bss.xNextTaskUnblockTime
                0x200000f0        0x4 ./FreeRTOS/efm32g/tasks.o
 .bss.xNumOfOverflows
                0x200000f4        0x4 ./FreeRTOS/efm32g/tasks.o
 .bss.pxDelayedTaskList
                0x200000f8        0x4 ./FreeRTOS/efm32g/tasks.o
 .bss.uxPendedTicks
                0x200000fc        0x4 ./FreeRTOS/efm32g/tasks.o
 .bss.pxReadyTasksLists
                0x20000100       0x3c ./FreeRTOS/efm32g/tasks.o
 .bss.uxSchedulerSuspended
                0x2000013c        0x4 ./FreeRTOS/efm32g/tasks.o
 .bss.pxCurrentTCB
                0x20000140        0x4 ./FreeRTOS/efm32g/tasks.o
                0x20000140                pxCurrentTCB
 .bss.xTickCount
                0x20000144        0x4 ./FreeRTOS/efm32g/tasks.o
 .bss.pxOverflowDelayedTaskList
                0x20000148        0x4 ./FreeRTOS/efm32g/tasks.o
 .bss.uxTopReadyPriority
                0x2000014c        0x4 ./FreeRTOS/efm32g/tasks.o
 .bss.xYieldPending
                0x20000150        0x4 ./FreeRTOS/efm32g/tasks.o
 .bss.cmuStatus
                0x20000154        0x4 ./emlib/em_emu.o
 .bss.rtcOverflowCounter
                0x20000158        0x4 ./src/clock.o
 .bss.rtcStartTime
                0x2000015c        0x4 ./src/clock.o
 .bss.overflow_interval_r
                0x20000160        0x4 ./src/clock.o
 .bss.overflow_interval
                0x20000164        0x4 ./src/clock.o
 .bss.burtcOverflowCounter
                0x20000168        0x4 ./src/clockApp_stk.o
 .bss.burtcTimestamp
                0x2000016c        0x4 ./src/clockApp_stk.o
 .bss.burtcOverflowIntervalRem
                0x20000170        0x4 ./src/clockApp_stk.o
 .bss.resetcause
                0x20000174        0x4 ./src/main.o
 .bss.displayStringBuf
                0x20000178        0x6 ./src/main.o
 *fill*         0x2000017e        0x2 
 .bss.calendar  0x20000180       0x24 ./src/main.o
 .bss.initialCalendar
                0x200001a4       0x24 ./src/main.o
 .bss.currentTime
                0x200001c8        0x4 ./src/main.o
 .bss.__malloc_sbrk_start
                0x200001cc        0x4 c:/siliconlabs/simplicitystudio/v4/developer/toolchains/gnu_arm/4.9_2015q3/bin/../lib/gcc/arm-none-eabi/4.9.3/../../../../arm-none-eabi/lib/armv7-m\libc_nano.a(lib_a-nano-mallocr.o)
                0x200001cc                __malloc_sbrk_start
 .bss.__malloc_free_list
                0x200001d0        0x4 c:/siliconlabs/simplicitystudio/v4/developer/toolchains/gnu_arm/4.9_2015q3/bin/../lib/gcc/arm-none-eabi/4.9.3/../../../../arm-none-eabi/lib/armv7-m\libc_nano.a(lib_a-nano-mallocr.o)
                0x200001d0                __malloc_free_list
 .bss.__tzname_dst
                0x200001d4        0xb c:/siliconlabs/simplicitystudio/v4/developer/toolchains/gnu_arm/4.9_2015q3/bin/../lib/gcc/arm-none-eabi/4.9.3/../../../../arm-none-eabi/lib/armv7-m\libc_nano.a(lib_a-tzset_r.o)
 .bss.__tzname_std
                0x200001df        0xb c:/siliconlabs/simplicitystudio/v4/developer/toolchains/gnu_arm/4.9_2015q3/bin/../lib/gcc/arm-none-eabi/4.9.3/../../../../arm-none-eabi/lib/armv7-m\libc_nano.a(lib_a-tzset_r.o)
 *fill*         0x200001ea        0x2 
 .bss.prev_tzenv
                0x200001ec        0x4 c:/siliconlabs/simplicitystudio/v4/developer/toolchains/gnu_arm/4.9_2015q3/bin/../lib/gcc/arm-none-eabi/4.9.3/../../../../arm-none-eabi/lib/armv7-m\libc_nano.a(lib_a-tzset_r.o)
 .bss._daylight
                0x200001f0        0x4 c:/siliconlabs/simplicitystudio/v4/developer/toolchains/gnu_arm/4.9_2015q3/bin/../lib/gcc/arm-none-eabi/4.9.3/../../../../arm-none-eabi/lib/armv7-m\libc_nano.a(lib_a-tzvars.o)
                0x200001f0                _daylight
 .bss._timezone
                0x200001f4        0x4 c:/siliconlabs/simplicitystudio/v4/developer/toolchains/gnu_arm/4.9_2015q3/bin/../lib/gcc/arm-none-eabi/4.9.3/../../../../arm-none-eabi/lib/armv7-m\libc_nano.a(lib_a-tzvars.o)
                0x200001f4                _timezone
 .bss.initial_env
                0x200001f8        0x4 c:/siliconlabs/simplicitystudio/v4/developer/toolchains/gnu_arm/4.9_2015q3/bin/../lib/gcc/arm-none-eabi/4.9.3/../../../../arm-none-eabi/lib/armv7-m\libc_nano.a(lib_a-environ.o)
 .bss.heap_end.4079
                0x200001fc        0x4 c:/siliconlabs/simplicitystudio/v4/developer/toolchains/gnu_arm/4.9_2015q3/bin/../lib/gcc/arm-none-eabi/4.9.3/../../../../arm-none-eabi/lib/armv7-m\libnosys.a(sbrk.o)
 *(COMMON)
 COMMON         0x20000200        0x4 ./CMSIS/EFM32GG/system_efm32gg.o
                0x20000200                SystemCoreClock
 COMMON         0x20000204        0x4 c:/siliconlabs/simplicitystudio/v4/developer/toolchains/gnu_arm/4.9_2015q3/bin/../lib/gcc/arm-none-eabi/4.9.3/../../../../arm-none-eabi/lib/armv7-m\libc_nano.a(lib_a-reent.o)
                0x20000204                errno
                0x20000208                . = ALIGN (0x4)
                0x20000208                __bss_end__ = .

.heap           0x20000208      0xc00
                0x20000208                __HeapBase = .
                0x20000208                __end__ = .
                0x20000208                end = __end__
                0x20000208                _end = __end__
 *(.heap*)
 .heap          0x20000208      0xc00 ./CMSIS/EFM32GG/startup_gcc_efm32gg.o
                0x20000e08                __HeapLimit = .

.stack_dummy    0x20000208      0x400
 *(.stack*)
 .stack         0x20000208      0x400 ./CMSIS/EFM32GG/startup_gcc_efm32gg.o
                0x20020000                __StackTop = (ORIGIN (RAM) + 0x20000)
                0x2001fc00                __StackLimit = (__StackTop - SIZEOF (.stack_dummy))
                0x20020000                PROVIDE (__stack, __StackTop)
                0x00000001                ASSERT ((__StackLimit >= __HeapLimit), region RAM overflowed with stack)
                0x00000001                ASSERT ((0x100000 >= (__etext + SIZEOF (.data))), FLASH memory overflowed !)
OUTPUT(EFM32GG280F1024.axf elf32-littlearm)

.ARM.attributes
                0x00000000       0x29
 .ARM.attributes
                0x00000000       0x1d c:/siliconlabs/simplicitystudio/v4/developer/toolchains/gnu_arm/4.9_2015q3/bin/../lib/gcc/arm-none-eabi/4.9.3/armv7-m/crti.o
 .ARM.attributes
                0x0000001d       0x2d c:/siliconlabs/simplicitystudio/v4/developer/toolchains/gnu_arm/4.9_2015q3/bin/../lib/gcc/arm-none-eabi/4.9.3/armv7-m/crtbegin.o
 .ARM.attributes
                0x0000004a       0x1b c:/siliconlabs/simplicitystudio/v4/developer/toolchains/gnu_arm/4.9_2015q3/bin/../lib/gcc/arm-none-eabi/4.9.3/../../../../arm-none-eabi/lib/armv7-m/crt0.o
 .ARM.attributes
                0x00000065       0x1b ./CMSIS/EFM32GG/startup_gcc_efm32gg.o
 .ARM.attributes
                0x00000080       0x33 ./CMSIS/EFM32GG/system_efm32gg.o
 .ARM.attributes
                0x000000b3       0x33 ./Drivers/sleep.o
 .ARM.attributes
                0x000000e6       0x33 ./FreeRTOS/efm32g/list.o
 .ARM.attributes
                0x00000119       0x33 ./FreeRTOS/efm32g/port.o
 .ARM.attributes
                0x0000014c       0x33 ./FreeRTOS/efm32g/tasks.o
 .ARM.attributes
                0x0000017f       0x33 ./emlib/em_burtc.o
 .ARM.attributes
                0x000001b2       0x33 ./emlib/em_cmu.o
 .ARM.attributes
                0x000001e5       0x33 ./emlib/em_emu.o
 .ARM.attributes
                0x00000218       0x33 ./emlib/em_rmu.o
 .ARM.attributes
                0x0000024b       0x33 ./emlib/em_rtc.o
 .ARM.attributes
                0x0000027e       0x33 ./emlib/em_system.o
 .ARM.attributes
                0x000002b1       0x33 ./emlib/em_usart.o
 .ARM.attributes
                0x000002e4       0x33 ./src/InitDevice.o
 .ARM.attributes
                0x00000317       0x33 ./src/clock.o
 .ARM.attributes
                0x0000034a       0x33 ./src/clockApp_stk.o
 .ARM.attributes
                0x0000037d       0x33 ./src/low_power_tick_management.o
 .ARM.attributes
                0x000003b0       0x33 ./src/main.o
 .ARM.attributes
                0x000003e3       0x2d c:/siliconlabs/simplicitystudio/v4/developer/toolchains/gnu_arm/4.9_2015q3/bin/../lib/gcc/arm-none-eabi/4.9.3/../../../../arm-none-eabi/lib/armv7-m\libc_nano.a(lib_a-exit.o)
 .ARM.attributes
                0x00000410       0x2d c:/siliconlabs/simplicitystudio/v4/developer/toolchains/gnu_arm/4.9_2015q3/bin/../lib/gcc/arm-none-eabi/4.9.3/../../../../arm-none-eabi/lib/armv7-m\libc_nano.a(lib_a-impure.o)
 .ARM.attributes
                0x0000043d       0x2d c:/siliconlabs/simplicitystudio/v4/developer/toolchains/gnu_arm/4.9_2015q3/bin/../lib/gcc/arm-none-eabi/4.9.3/../../../../arm-none-eabi/lib/armv7-m\libc_nano.a(lib_a-init.o)
 .ARM.attributes
                0x0000046a       0x2d c:/siliconlabs/simplicitystudio/v4/developer/toolchains/gnu_arm/4.9_2015q3/bin/../lib/gcc/arm-none-eabi/4.9.3/../../../../arm-none-eabi/lib/armv7-m\libc_nano.a(lib_a-lcltime.o)
 .ARM.attributes
                0x00000497       0x2d c:/siliconlabs/simplicitystudio/v4/developer/toolchains/gnu_arm/4.9_2015q3/bin/../lib/gcc/arm-none-eabi/4.9.3/../../../../arm-none-eabi/lib/armv7-m\libc_nano.a(lib_a-lcltime_r.o)
 .ARM.attributes
                0x000004c4       0x2d c:/siliconlabs/simplicitystudio/v4/developer/toolchains/gnu_arm/4.9_2015q3/bin/../lib/gcc/arm-none-eabi/4.9.3/../../../../arm-none-eabi/lib/armv7-m\libc_nano.a(lib_a-malloc.o)
 .ARM.attributes
                0x000004f1       0x2d c:/siliconlabs/simplicitystudio/v4/developer/toolchains/gnu_arm/4.9_2015q3/bin/../lib/gcc/arm-none-eabi/4.9.3/../../../../arm-none-eabi/lib/armv7-m\libc_nano.a(lib_a-memcpy.o)
 .ARM.attributes
                0x0000051e       0x2d c:/siliconlabs/simplicitystudio/v4/developer/toolchains/gnu_arm/4.9_2015q3/bin/../lib/gcc/arm-none-eabi/4.9.3/../../../../arm-none-eabi/lib/armv7-m\libc_nano.a(lib_a-memset.o)
 .ARM.attributes
                0x0000054b       0x2d c:/siliconlabs/simplicitystudio/v4/developer/toolchains/gnu_arm/4.9_2015q3/bin/../lib/gcc/arm-none-eabi/4.9.3/../../../../arm-none-eabi/lib/armv7-m\libc_nano.a(lib_a-mktime.o)
 .ARM.attributes
                0x00000578       0x2d c:/siliconlabs/simplicitystudio/v4/developer/toolchains/gnu_arm/4.9_2015q3/bin/../lib/gcc/arm-none-eabi/4.9.3/../../../../arm-none-eabi/lib/armv7-m\libc_nano.a(lib_a-month_lengths.o)
 .ARM.attributes
                0x000005a5       0x2d c:/siliconlabs/simplicitystudio/v4/developer/toolchains/gnu_arm/4.9_2015q3/bin/../lib/gcc/arm-none-eabi/4.9.3/../../../../arm-none-eabi/lib/armv7-m\libc_nano.a(lib_a-nano-freer.o)
 .ARM.attributes
                0x000005d2       0x2d c:/siliconlabs/simplicitystudio/v4/developer/toolchains/gnu_arm/4.9_2015q3/bin/../lib/gcc/arm-none-eabi/4.9.3/../../../../arm-none-eabi/lib/armv7-m\libc_nano.a(lib_a-nano-mallocr.o)
 .ARM.attributes
                0x000005ff       0x2d c:/siliconlabs/simplicitystudio/v4/developer/toolchains/gnu_arm/4.9_2015q3/bin/../lib/gcc/arm-none-eabi/4.9.3/../../../../arm-none-eabi/lib/armv7-m\libc_nano.a(lib_a-sbrkr.o)
 .ARM.attributes
                0x0000062c       0x2d c:/siliconlabs/simplicitystudio/v4/developer/toolchains/gnu_arm/4.9_2015q3/bin/../lib/gcc/arm-none-eabi/4.9.3/../../../../arm-none-eabi/lib/armv7-m\libc_nano.a(lib_a-tzcalc_limits.o)
 .ARM.attributes
                0x00000659       0x2d c:/siliconlabs/simplicitystudio/v4/developer/toolchains/gnu_arm/4.9_2015q3/bin/../lib/gcc/arm-none-eabi/4.9.3/../../../../arm-none-eabi/lib/armv7-m\libc_nano.a(lib_a-tzlock.o)
 .ARM.attributes
                0x00000686       0x2d c:/siliconlabs/simplicitystudio/v4/developer/toolchains/gnu_arm/4.9_2015q3/bin/../lib/gcc/arm-none-eabi/4.9.3/../../../../arm-none-eabi/lib/armv7-m\libc_nano.a(lib_a-tzset.o)
 .ARM.attributes
                0x000006b3       0x2d c:/siliconlabs/simplicitystudio/v4/developer/toolchains/gnu_arm/4.9_2015q3/bin/../lib/gcc/arm-none-eabi/4.9.3/../../../../arm-none-eabi/lib/armv7-m\libc_nano.a(lib_a-tzset_r.o)
 .ARM.attributes
                0x000006e0       0x2d c:/siliconlabs/simplicitystudio/v4/developer/toolchains/gnu_arm/4.9_2015q3/bin/../lib/gcc/arm-none-eabi/4.9.3/../../../../arm-none-eabi/lib/armv7-m\libc_nano.a(lib_a-tzvars.o)
 .ARM.attributes
                0x0000070d       0x2d c:/siliconlabs/simplicitystudio/v4/developer/toolchains/gnu_arm/4.9_2015q3/bin/../lib/gcc/arm-none-eabi/4.9.3/../../../../arm-none-eabi/lib/armv7-m\libc_nano.a(lib_a-div.o)
 .ARM.attributes
                0x0000073a       0x2d c:/siliconlabs/simplicitystudio/v4/developer/toolchains/gnu_arm/4.9_2015q3/bin/../lib/gcc/arm-none-eabi/4.9.3/../../../../arm-none-eabi/lib/armv7-m\libc_nano.a(lib_a-getenv_r.o)
 .ARM.attributes
                0x00000767       0x2d c:/siliconlabs/simplicitystudio/v4/developer/toolchains/gnu_arm/4.9_2015q3/bin/../lib/gcc/arm-none-eabi/4.9.3/../../../../arm-none-eabi/lib/armv7-m\libc_nano.a(lib_a-gettzinfo.o)
 .ARM.attributes
                0x00000794       0x2d c:/siliconlabs/simplicitystudio/v4/developer/toolchains/gnu_arm/4.9_2015q3/bin/../lib/gcc/arm-none-eabi/4.9.3/../../../../arm-none-eabi/lib/armv7-m\libc_nano.a(lib_a-gmtime_r.o)
 .ARM.attributes
                0x000007c1       0x2d c:/siliconlabs/simplicitystudio/v4/developer/toolchains/gnu_arm/4.9_2015q3/bin/../lib/gcc/arm-none-eabi/4.9.3/../../../../arm-none-eabi/lib/armv7-m\libc_nano.a(lib_a-reent.o)
 .ARM.attributes
                0x000007ee       0x2d c:/siliconlabs/simplicitystudio/v4/developer/toolchains/gnu_arm/4.9_2015q3/bin/../lib/gcc/arm-none-eabi/4.9.3/../../../../arm-none-eabi/lib/armv7-m\libc_nano.a(lib_a-sscanf.o)
 .ARM.attributes
                0x0000081b       0x2d c:/siliconlabs/simplicitystudio/v4/developer/toolchains/gnu_arm/4.9_2015q3/bin/../lib/gcc/arm-none-eabi/4.9.3/../../../../arm-none-eabi/lib/armv7-m\libc_nano.a(lib_a-stdio.o)
 .ARM.attributes
                0x00000848       0x1b c:/siliconlabs/simplicitystudio/v4/developer/toolchains/gnu_arm/4.9_2015q3/bin/../lib/gcc/arm-none-eabi/4.9.3/../../../../arm-none-eabi/lib/armv7-m\libc_nano.a(lib_a-strcmp.o)
 .ARM.attributes
                0x00000863       0x2d c:/siliconlabs/simplicitystudio/v4/developer/toolchains/gnu_arm/4.9_2015q3/bin/../lib/gcc/arm-none-eabi/4.9.3/../../../../arm-none-eabi/lib/armv7-m\libc_nano.a(lib_a-strcpy.o)
 .ARM.attributes
                0x00000890       0x2d c:/siliconlabs/simplicitystudio/v4/developer/toolchains/gnu_arm/4.9_2015q3/bin/../lib/gcc/arm-none-eabi/4.9.3/../../../../arm-none-eabi/lib/armv7-m\libc_nano.a(lib_a-strlen.o)
 .ARM.attributes
                0x000008bd       0x2d c:/siliconlabs/simplicitystudio/v4/developer/toolchains/gnu_arm/4.9_2015q3/bin/../lib/gcc/arm-none-eabi/4.9.3/../../../../arm-none-eabi/lib/armv7-m\libc_nano.a(lib_a-strncmp.o)
 .ARM.attributes
                0x000008ea       0x2d c:/siliconlabs/simplicitystudio/v4/developer/toolchains/gnu_arm/4.9_2015q3/bin/../lib/gcc/arm-none-eabi/4.9.3/../../../../arm-none-eabi/lib/armv7-m\libc_nano.a(lib_a-strtoul.o)
 .ARM.attributes
                0x00000917       0x2d c:/siliconlabs/simplicitystudio/v4/developer/toolchains/gnu_arm/4.9_2015q3/bin/../lib/gcc/arm-none-eabi/4.9.3/../../../../arm-none-eabi/lib/armv7-m\libc_nano.a(lib_a-ctype_.o)
 .ARM.attributes
                0x00000944       0x2d c:/siliconlabs/simplicitystudio/v4/developer/toolchains/gnu_arm/4.9_2015q3/bin/../lib/gcc/arm-none-eabi/4.9.3/../../../../arm-none-eabi/lib/armv7-m\libc_nano.a(lib_a-environ.o)
 .ARM.attributes
                0x00000971       0x2d c:/siliconlabs/simplicitystudio/v4/developer/toolchains/gnu_arm/4.9_2015q3/bin/../lib/gcc/arm-none-eabi/4.9.3/../../../../arm-none-eabi/lib/armv7-m\libc_nano.a(lib_a-envlock.o)
 .ARM.attributes
                0x0000099e       0x2d c:/siliconlabs/simplicitystudio/v4/developer/toolchains/gnu_arm/4.9_2015q3/bin/../lib/gcc/arm-none-eabi/4.9.3/../../../../arm-none-eabi/lib/armv7-m\libc_nano.a(lib_a-nano-svfscanf.o)
 .ARM.attributes
                0x000009cb       0x2d c:/siliconlabs/simplicitystudio/v4/developer/toolchains/gnu_arm/4.9_2015q3/bin/../lib/gcc/arm-none-eabi/4.9.3/../../../../arm-none-eabi/lib/armv7-m\libc_nano.a(lib_a-nano-vfscanf_i.o)
 .ARM.attributes
                0x000009f8       0x2d c:/siliconlabs/simplicitystudio/v4/developer/toolchains/gnu_arm/4.9_2015q3/bin/../lib/gcc/arm-none-eabi/4.9.3/../../../../arm-none-eabi/lib/armv7-m\libc_nano.a(lib_a-sccl.o)
 .ARM.attributes
                0x00000a25       0x2d c:/siliconlabs/simplicitystudio/v4/developer/toolchains/gnu_arm/4.9_2015q3/bin/../lib/gcc/arm-none-eabi/4.9.3/../../../../arm-none-eabi/lib/armv7-m\libc_nano.a(lib_a-strtol.o)
 .ARM.attributes
                0x00000a52       0x2d c:/siliconlabs/simplicitystudio/v4/developer/toolchains/gnu_arm/4.9_2015q3/bin/../lib/gcc/arm-none-eabi/4.9.3/../../../../arm-none-eabi/lib/armv7-m\libc_nano.a(lib_a-ungetc.o)
 .ARM.attributes
                0x00000a7f       0x2d c:/siliconlabs/simplicitystudio/v4/developer/toolchains/gnu_arm/4.9_2015q3/bin/../lib/gcc/arm-none-eabi/4.9.3/../../../../arm-none-eabi/lib/armv7-m\libc_nano.a(lib_a-findfp.o)
 .ARM.attributes
                0x00000aac       0x2d c:/siliconlabs/simplicitystudio/v4/developer/toolchains/gnu_arm/4.9_2015q3/bin/../lib/gcc/arm-none-eabi/4.9.3/../../../../arm-none-eabi/lib/armv7-m\libc_nano.a(lib_a-memchr.o)
 .ARM.attributes
                0x00000ad9       0x2d c:/siliconlabs/simplicitystudio/v4/developer/toolchains/gnu_arm/4.9_2015q3/bin/../lib/gcc/arm-none-eabi/4.9.3/../../../../arm-none-eabi/lib/armv7-m\libc_nano.a(lib_a-nano-reallocr.o)
 .ARM.attributes
                0x00000b06       0x2d c:/siliconlabs/simplicitystudio/v4/developer/toolchains/gnu_arm/4.9_2015q3/bin/../lib/gcc/arm-none-eabi/4.9.3/../../../../arm-none-eabi/lib/armv7-m\libc_nano.a(lib_a-nano-msizer.o)
 .ARM.attributes
                0x00000b33       0x2d c:/siliconlabs/simplicitystudio/v4/developer/toolchains/gnu_arm/4.9_2015q3/bin/../lib/gcc/arm-none-eabi/4.9.3/../../../../arm-none-eabi/lib/armv7-m\libnosys.a(sbrk.o)
 .ARM.attributes
                0x00000b60       0x2d c:/siliconlabs/simplicitystudio/v4/developer/toolchains/gnu_arm/4.9_2015q3/bin/../lib/gcc/arm-none-eabi/4.9.3/../../../../arm-none-eabi/lib/armv7-m\libnosys.a(_exit.o)
 .ARM.attributes
                0x00000b8d       0x2d c:/siliconlabs/simplicitystudio/v4/developer/toolchains/gnu_arm/4.9_2015q3/bin/../lib/gcc/arm-none-eabi/4.9.3/armv7-m/crtend.o
 .ARM.attributes
                0x00000bba       0x1d c:/siliconlabs/simplicitystudio/v4/developer/toolchains/gnu_arm/4.9_2015q3/bin/../lib/gcc/arm-none-eabi/4.9.3/armv7-m/crtn.o

.comment        0x00000000       0x70
 .comment       0x00000000       0x70 ./CMSIS/EFM32GG/system_efm32gg.o
                                 0x71 (size before relaxing)
 .comment       0x00000000       0x71 ./Drivers/sleep.o
 .comment       0x00000000       0x71 ./FreeRTOS/efm32g/list.o
 .comment       0x00000000       0x71 ./FreeRTOS/efm32g/port.o
 .comment       0x00000000       0x71 ./FreeRTOS/efm32g/tasks.o
 .comment       0x00000000       0x71 ./emlib/em_burtc.o
 .comment       0x00000000       0x71 ./emlib/em_cmu.o
 .comment       0x00000000       0x71 ./emlib/em_emu.o
 .comment       0x00000000       0x71 ./emlib/em_rmu.o
 .comment       0x00000000       0x71 ./emlib/em_rtc.o
 .comment       0x00000000       0x71 ./emlib/em_system.o
 .comment       0x00000000       0x71 ./emlib/em_usart.o
 .comment       0x00000000       0x71 ./src/InitDevice.o
 .comment       0x00000000       0x71 ./src/clock.o
 .comment       0x00000000       0x71 ./src/clockApp_stk.o
 .comment       0x00000000       0x71 ./src/low_power_tick_management.o
 .comment       0x00000000       0x71 ./src/main.o

.debug_line     0x00000000     0x5f00
 .debug_line    0x00000000       0x72 ./CMSIS/EFM32GG/startup_gcc_efm32gg.o
 .debug_line    0x00000072      0x41b ./CMSIS/EFM32GG/system_efm32gg.o
 .debug_line    0x0000048d      0x44c ./Drivers/sleep.o
 .debug_line    0x000008d9      0x31c ./FreeRTOS/efm32g/list.o
 .debug_line    0x00000bf5      0x365 ./FreeRTOS/efm32g/port.o
 .debug_line    0x00000f5a      0xdbe ./FreeRTOS/efm32g/tasks.o
 .debug_line    0x00001d18      0x3b0 ./emlib/em_burtc.o
 .debug_line    0x000020c8      0xdb4 ./emlib/em_cmu.o
 .debug_line    0x00002e7c      0x5d3 ./emlib/em_emu.o
 .debug_line    0x0000344f      0x3c6 ./emlib/em_rmu.o
 .debug_line    0x00003815      0x369 ./emlib/em_rtc.o
 .debug_line    0x00003b7e      0x2f7 ./emlib/em_system.o
 .debug_line    0x00003e75      0x750 ./emlib/em_usart.o
 .debug_line    0x000045c5      0x584 ./src/InitDevice.o
 .debug_line    0x00004b49      0x39c ./src/clock.o
 .debug_line    0x00004ee5      0x3c1 ./src/clockApp_stk.o
 .debug_line    0x000052a6      0x4c1 ./src/low_power_tick_management.o
 .debug_line    0x00005767      0x799 ./src/main.o

.debug_info     0x00000000     0xdd73
 .debug_info    0x00000000       0xaa ./CMSIS/EFM32GG/startup_gcc_efm32gg.o
 .debug_info    0x000000aa      0x6d0 ./CMSIS/EFM32GG/system_efm32gg.o
 .debug_info    0x0000077a      0x89b ./Drivers/sleep.o
 .debug_info    0x00001015      0x2c5 ./FreeRTOS/efm32g/list.o
 .debug_info    0x000012da      0x404 ./FreeRTOS/efm32g/port.o
 .debug_info    0x000016de     0x27db ./FreeRTOS/efm32g/tasks.o
 .debug_info    0x00003eb9      0x8ad ./emlib/em_burtc.o
 .debug_info    0x00004766     0x29c4 ./emlib/em_cmu.o
 .debug_info    0x0000712a      0xee4 ./emlib/em_emu.o
 .debug_info    0x0000800e      0x5cc ./emlib/em_rmu.o
 .debug_info    0x000085da      0x405 ./emlib/em_rtc.o
 .debug_info    0x000089df      0x26a ./emlib/em_system.o
 .debug_info    0x00008c49     0x1352 ./emlib/em_usart.o
 .debug_info    0x00009f9b      0xda4 ./src/InitDevice.o
 .debug_info    0x0000ad3f      0x4be ./src/clock.o
 .debug_info    0x0000b1fd      0x5e7 ./src/clockApp_stk.o
 .debug_info    0x0000b7e4      0xc22 ./src/low_power_tick_management.o
 .debug_info    0x0000c406     0x196d ./src/main.o

.debug_abbrev   0x00000000     0x2d7d
 .debug_abbrev  0x00000000       0x14 ./CMSIS/EFM32GG/startup_gcc_efm32gg.o
 .debug_abbrev  0x00000014      0x1ed ./CMSIS/EFM32GG/system_efm32gg.o
 .debug_abbrev  0x00000201      0x384 ./Drivers/sleep.o
 .debug_abbrev  0x00000585       0xf6 ./FreeRTOS/efm32g/list.o
 .debug_abbrev  0x0000067b      0x259 ./FreeRTOS/efm32g/port.o
 .debug_abbrev  0x000008d4      0x45d ./FreeRTOS/efm32g/tasks.o
 .debug_abbrev  0x00000d31      0x2ec ./emlib/em_burtc.o
 .debug_abbrev  0x0000101d      0x44d ./emlib/em_cmu.o
 .debug_abbrev  0x0000146a      0x32a ./emlib/em_emu.o
 .debug_abbrev  0x00001794      0x286 ./emlib/em_rmu.o
 .debug_abbrev  0x00001a1a      0x21b ./emlib/em_rtc.o
 .debug_abbrev  0x00001c35       0xed ./emlib/em_system.o
 .debug_abbrev  0x00001d22      0x30c ./emlib/em_usart.o
 .debug_abbrev  0x0000202e      0x221 ./src/InitDevice.o
 .debug_abbrev  0x0000224f      0x20a ./src/clock.o
 .debug_abbrev  0x00002459      0x2a0 ./src/clockApp_stk.o
 .debug_abbrev  0x000026f9      0x2b7 ./src/low_power_tick_management.o
 .debug_abbrev  0x000029b0      0x3cd ./src/main.o

.debug_aranges  0x00000000      0x828
 .debug_aranges
                0x00000000       0x20 ./CMSIS/EFM32GG/startup_gcc_efm32gg.o
 .debug_aranges
                0x00000020       0x68 ./CMSIS/EFM32GG/system_efm32gg.o
 .debug_aranges
                0x00000088       0x48 ./Drivers/sleep.o
 .debug_aranges
                0x000000d0       0x40 ./FreeRTOS/efm32g/list.o
 .debug_aranges
                0x00000110       0x78 ./FreeRTOS/efm32g/port.o
 .debug_aranges
                0x00000188      0x160 ./FreeRTOS/efm32g/tasks.o
 .debug_aranges
                0x000002e8       0x48 ./emlib/em_burtc.o
 .debug_aranges
                0x00000330       0xe8 ./emlib/em_cmu.o
 .debug_aranges
                0x00000418       0x70 ./emlib/em_emu.o
 .debug_aranges
                0x00000488       0x30 ./emlib/em_rmu.o
 .debug_aranges
                0x000004b8       0x50 ./emlib/em_rtc.o
 .debug_aranges
                0x00000508       0x28 ./emlib/em_system.o
 .debug_aranges
                0x00000530       0xb8 ./emlib/em_usart.o
 .debug_aranges
                0x000005e8      0x138 ./src/InitDevice.o
 .debug_aranges
                0x00000720       0x58 ./src/clock.o
 .debug_aranges
                0x00000778       0x38 ./src/clockApp_stk.o
 .debug_aranges
                0x000007b0       0x30 ./src/low_power_tick_management.o
 .debug_aranges
                0x000007e0       0x48 ./src/main.o

.debug_loc      0x00000000     0x7c55
 .debug_loc     0x00000000      0x36a ./CMSIS/EFM32GG/system_efm32gg.o
 .debug_loc     0x0000036a      0x243 ./Drivers/sleep.o
 .debug_loc     0x000005ad       0xf9 ./FreeRTOS/efm32g/list.o
 .debug_loc     0x000006a6      0x105 ./FreeRTOS/efm32g/port.o
 .debug_loc     0x000007ab     0x2419 ./FreeRTOS/efm32g/tasks.o
 .debug_loc     0x00002bc4      0x2a8 ./emlib/em_burtc.o
 .debug_loc     0x00002e6c     0x303a ./emlib/em_cmu.o
 .debug_loc     0x00005ea6      0x4cc ./emlib/em_emu.o
 .debug_loc     0x00006372      0x3e2 ./emlib/em_rmu.o
 .debug_loc     0x00006754       0x8f ./emlib/em_rtc.o
 .debug_loc     0x000067e3       0x75 ./emlib/em_system.o
 .debug_loc     0x00006858      0xd10 ./emlib/em_usart.o
 .debug_loc     0x00007568       0x9c ./src/InitDevice.o
 .debug_loc     0x00007604      0x103 ./src/clock.o
 .debug_loc     0x00007707      0x108 ./src/clockApp_stk.o
 .debug_loc     0x0000780f       0x58 ./src/low_power_tick_management.o
 .debug_loc     0x00007867      0x3ee ./src/main.o

.debug_ranges   0x00000000     0x1c80
 .debug_ranges  0x00000000      0x190 ./CMSIS/EFM32GG/system_efm32gg.o
 .debug_ranges  0x00000190       0xb0 ./Drivers/sleep.o
 .debug_ranges  0x00000240       0x30 ./FreeRTOS/efm32g/list.o
 .debug_ranges  0x00000270       0x88 ./FreeRTOS/efm32g/port.o
 .debug_ranges  0x000002f8      0x5e0 ./FreeRTOS/efm32g/tasks.o
 .debug_ranges  0x000008d8      0x108 ./emlib/em_burtc.o
 .debug_ranges  0x000009e0      0x9b8 ./emlib/em_cmu.o
 .debug_ranges  0x00001398      0x180 ./emlib/em_emu.o
 .debug_ranges  0x00001518       0xc8 ./emlib/em_rmu.o
 .debug_ranges  0x000015e0       0x70 ./emlib/em_rtc.o
 .debug_ranges  0x00001650       0x18 ./emlib/em_system.o
 .debug_ranges  0x00001668      0x290 ./emlib/em_usart.o
 .debug_ranges  0x000018f8      0x170 ./src/InitDevice.o
 .debug_ranges  0x00001a68       0x48 ./src/clock.o
 .debug_ranges  0x00001ab0       0x88 ./src/clockApp_stk.o
 .debug_ranges  0x00001b38       0x98 ./src/low_power_tick_management.o
 .debug_ranges  0x00001bd0       0xb0 ./src/main.o

.debug_str      0x00000000     0x4077
 .debug_str     0x00000000      0x426 ./CMSIS/EFM32GG/system_efm32gg.o
                                0x4a6 (size before relaxing)
 .debug_str     0x00000426      0x314 ./Drivers/sleep.o
                                0x4c8 (size before relaxing)
 .debug_str     0x0000073a      0x19d ./FreeRTOS/efm32g/list.o
                                0x300 (size before relaxing)
 .debug_str     0x000008d7      0x2b5 ./FreeRTOS/efm32g/port.o
                                0x436 (size before relaxing)
 .debug_str     0x00000b8c      0xaed ./FreeRTOS/efm32g/tasks.o
                                0xe97 (size before relaxing)
 .debug_str     0x00001679      0x290 ./emlib/em_burtc.o
                                0x4f3 (size before relaxing)
 .debug_str     0x00001909      0xc15 ./emlib/em_cmu.o
                               0x1098 (size before relaxing)
 .debug_str     0x0000251e      0x3f6 ./emlib/em_emu.o
                                0x84b (size before relaxing)
 .debug_str     0x00002914      0x173 ./emlib/em_rmu.o
                                0x3e3 (size before relaxing)
 .debug_str     0x00002a87       0x79 ./emlib/em_rtc.o
                                0x2c1 (size before relaxing)
 .debug_str     0x00002b00       0xf7 ./emlib/em_system.o
                                0x2bf (size before relaxing)
 .debug_str     0x00002bf7      0x95a ./emlib/em_usart.o
                                0xdf5 (size before relaxing)
 .debug_str     0x00003551      0x4fc ./src/InitDevice.o
                                0xfa0 (size before relaxing)
 .debug_str     0x00003a4d      0x139 ./src/clock.o
                                0x3b2 (size before relaxing)
 .debug_str     0x00003b86       0xf1 ./src/clockApp_stk.o
                                0x408 (size before relaxing)
 .debug_str     0x00003c77      0x2c7 ./src/low_power_tick_management.o
                                0xa69 (size before relaxing)
 .debug_str     0x00003f3e      0x139 ./src/main.o
                               0x1064 (size before relaxing)

.debug_frame    0x00000000     0x1d5c
 .debug_frame   0x00000000       0xb0 ./CMSIS/EFM32GG/system_efm32gg.o
 .debug_frame   0x000000b0       0xa0 ./Drivers/sleep.o
 .debug_frame   0x00000150       0x88 ./FreeRTOS/efm32g/list.o
 .debug_frame   0x000001d8       0xf0 ./FreeRTOS/efm32g/port.o
 .debug_frame   0x000002c8      0x4f4 ./FreeRTOS/efm32g/tasks.o
 .debug_frame   0x000007bc       0x90 ./emlib/em_burtc.o
 .debug_frame   0x0000084c      0x274 ./emlib/em_cmu.o
 .debug_frame   0x00000ac0      0x134 ./emlib/em_emu.o
 .debug_frame   0x00000bf4       0x4c ./emlib/em_rmu.o
 .debug_frame   0x00000c40       0x80 ./emlib/em_rtc.o
 .debug_frame   0x00000cc0       0x30 ./emlib/em_system.o
 .debug_frame   0x00000cf0      0x1e4 ./emlib/em_usart.o
 .debug_frame   0x00000ed4      0x284 ./src/InitDevice.o
 .debug_frame   0x00001158       0xa4 ./src/clock.o
 .debug_frame   0x000011fc       0x74 ./src/clockApp_stk.o
 .debug_frame   0x00001270       0x5c ./src/low_power_tick_management.o
 .debug_frame   0x000012cc       0xe4 ./src/main.o
 .debug_frame   0x000013b0       0x28 c:/siliconlabs/simplicitystudio/v4/developer/toolchains/gnu_arm/4.9_2015q3/bin/../lib/gcc/arm-none-eabi/4.9.3/../../../../arm-none-eabi/lib/armv7-m\libc_nano.a(lib_a-exit.o)
 .debug_frame   0x000013d8       0x2c c:/siliconlabs/simplicitystudio/v4/developer/toolchains/gnu_arm/4.9_2015q3/bin/../lib/gcc/arm-none-eabi/4.9.3/../../../../arm-none-eabi/lib/armv7-m\libc_nano.a(lib_a-init.o)
 .debug_frame   0x00001404       0x34 c:/siliconlabs/simplicitystudio/v4/developer/toolchains/gnu_arm/4.9_2015q3/bin/../lib/gcc/arm-none-eabi/4.9.3/../../../../arm-none-eabi/lib/armv7-m\libc_nano.a(lib_a-lcltime.o)
 .debug_frame   0x00001438       0x30 c:/siliconlabs/simplicitystudio/v4/developer/toolchains/gnu_arm/4.9_2015q3/bin/../lib/gcc/arm-none-eabi/4.9.3/../../../../arm-none-eabi/lib/armv7-m\libc_nano.a(lib_a-lcltime_r.o)
 .debug_frame   0x00001468       0x30 c:/siliconlabs/simplicitystudio/v4/developer/toolchains/gnu_arm/4.9_2015q3/bin/../lib/gcc/arm-none-eabi/4.9.3/../../../../arm-none-eabi/lib/armv7-m\libc_nano.a(lib_a-malloc.o)
 .debug_frame   0x00001498       0x28 c:/siliconlabs/simplicitystudio/v4/developer/toolchains/gnu_arm/4.9_2015q3/bin/../lib/gcc/arm-none-eabi/4.9.3/../../../../arm-none-eabi/lib/armv7-m\libc_nano.a(lib_a-memcpy.o)
 .debug_frame   0x000014c0       0x20 c:/siliconlabs/simplicitystudio/v4/developer/toolchains/gnu_arm/4.9_2015q3/bin/../lib/gcc/arm-none-eabi/4.9.3/../../../../arm-none-eabi/lib/armv7-m\libc_nano.a(lib_a-memset.o)
 .debug_frame   0x000014e0       0x54 c:/siliconlabs/simplicitystudio/v4/developer/toolchains/gnu_arm/4.9_2015q3/bin/../lib/gcc/arm-none-eabi/4.9.3/../../../../arm-none-eabi/lib/armv7-m\libc_nano.a(lib_a-mktime.o)
 .debug_frame   0x00001534       0x2c c:/siliconlabs/simplicitystudio/v4/developer/toolchains/gnu_arm/4.9_2015q3/bin/../lib/gcc/arm-none-eabi/4.9.3/../../../../arm-none-eabi/lib/armv7-m\libc_nano.a(lib_a-nano-freer.o)
 .debug_frame   0x00001560       0x2c c:/siliconlabs/simplicitystudio/v4/developer/toolchains/gnu_arm/4.9_2015q3/bin/../lib/gcc/arm-none-eabi/4.9.3/../../../../arm-none-eabi/lib/armv7-m\libc_nano.a(lib_a-nano-mallocr.o)
 .debug_frame   0x0000158c       0x2c c:/siliconlabs/simplicitystudio/v4/developer/toolchains/gnu_arm/4.9_2015q3/bin/../lib/gcc/arm-none-eabi/4.9.3/../../../../arm-none-eabi/lib/armv7-m\libc_nano.a(lib_a-sbrkr.o)
 .debug_frame   0x000015b8       0x34 c:/siliconlabs/simplicitystudio/v4/developer/toolchains/gnu_arm/4.9_2015q3/bin/../lib/gcc/arm-none-eabi/4.9.3/../../../../arm-none-eabi/lib/armv7-m\libc_nano.a(lib_a-tzcalc_limits.o)
 .debug_frame   0x000015ec       0x30 c:/siliconlabs/simplicitystudio/v4/developer/toolchains/gnu_arm/4.9_2015q3/bin/../lib/gcc/arm-none-eabi/4.9.3/../../../../arm-none-eabi/lib/armv7-m\libc_nano.a(lib_a-tzlock.o)
 .debug_frame   0x0000161c       0x3c c:/siliconlabs/simplicitystudio/v4/developer/toolchains/gnu_arm/4.9_2015q3/bin/../lib/gcc/arm-none-eabi/4.9.3/../../../../arm-none-eabi/lib/armv7-m\libc_nano.a(lib_a-tzset.o)
 .debug_frame   0x00001658       0x5c c:/siliconlabs/simplicitystudio/v4/developer/toolchains/gnu_arm/4.9_2015q3/bin/../lib/gcc/arm-none-eabi/4.9.3/../../../../arm-none-eabi/lib/armv7-m\libc_nano.a(lib_a-tzset_r.o)
 .debug_frame   0x000016b4       0x28 c:/siliconlabs/simplicitystudio/v4/developer/toolchains/gnu_arm/4.9_2015q3/bin/../lib/gcc/arm-none-eabi/4.9.3/../../../../arm-none-eabi/lib/armv7-m\libc_nano.a(lib_a-div.o)
 .debug_frame   0x000016dc       0x50 c:/siliconlabs/simplicitystudio/v4/developer/toolchains/gnu_arm/4.9_2015q3/bin/../lib/gcc/arm-none-eabi/4.9.3/../../../../arm-none-eabi/lib/armv7-m\libc_nano.a(lib_a-getenv_r.o)
 .debug_frame   0x0000172c       0x20 c:/siliconlabs/simplicitystudio/v4/developer/toolchains/gnu_arm/4.9_2015q3/bin/../lib/gcc/arm-none-eabi/4.9.3/../../../../arm-none-eabi/lib/armv7-m\libc_nano.a(lib_a-gettzinfo.o)
 .debug_frame   0x0000174c       0x30 c:/siliconlabs/simplicitystudio/v4/developer/toolchains/gnu_arm/4.9_2015q3/bin/../lib/gcc/arm-none-eabi/4.9.3/../../../../arm-none-eabi/lib/armv7-m\libc_nano.a(lib_a-gmtime_r.o)
 .debug_frame   0x0000177c       0x5c c:/siliconlabs/simplicitystudio/v4/developer/toolchains/gnu_arm/4.9_2015q3/bin/../lib/gcc/arm-none-eabi/4.9.3/../../../../arm-none-eabi/lib/armv7-m\libc_nano.a(lib_a-reent.o)
 .debug_frame   0x000017d8       0x80 c:/siliconlabs/simplicitystudio/v4/developer/toolchains/gnu_arm/4.9_2015q3/bin/../lib/gcc/arm-none-eabi/4.9.3/../../../../arm-none-eabi/lib/armv7-m\libc_nano.a(lib_a-sscanf.o)
 .debug_frame   0x00001858       0x88 c:/siliconlabs/simplicitystudio/v4/developer/toolchains/gnu_arm/4.9_2015q3/bin/../lib/gcc/arm-none-eabi/4.9.3/../../../../arm-none-eabi/lib/armv7-m\libc_nano.a(lib_a-stdio.o)
 .debug_frame   0x000018e0       0x20 c:/siliconlabs/simplicitystudio/v4/developer/toolchains/gnu_arm/4.9_2015q3/bin/../lib/gcc/arm-none-eabi/4.9.3/../../../../arm-none-eabi/lib/armv7-m\libc_nano.a(lib_a-strcpy.o)
 .debug_frame   0x00001900       0x20 c:/siliconlabs/simplicitystudio/v4/developer/toolchains/gnu_arm/4.9_2015q3/bin/../lib/gcc/arm-none-eabi/4.9.3/../../../../arm-none-eabi/lib/armv7-m\libc_nano.a(lib_a-strlen.o)
 .debug_frame   0x00001920       0x2c c:/siliconlabs/simplicitystudio/v4/developer/toolchains/gnu_arm/4.9_2015q3/bin/../lib/gcc/arm-none-eabi/4.9.3/../../../../arm-none-eabi/lib/armv7-m\libc_nano.a(lib_a-strncmp.o)
 .debug_frame   0x0000194c       0x54 c:/siliconlabs/simplicitystudio/v4/developer/toolchains/gnu_arm/4.9_2015q3/bin/../lib/gcc/arm-none-eabi/4.9.3/../../../../arm-none-eabi/lib/armv7-m\libc_nano.a(lib_a-strtoul.o)
 .debug_frame   0x000019a0       0x30 c:/siliconlabs/simplicitystudio/v4/developer/toolchains/gnu_arm/4.9_2015q3/bin/../lib/gcc/arm-none-eabi/4.9.3/../../../../arm-none-eabi/lib/armv7-m\libc_nano.a(lib_a-envlock.o)
 .debug_frame   0x000019d0       0x70 c:/siliconlabs/simplicitystudio/v4/developer/toolchains/gnu_arm/4.9_2015q3/bin/../lib/gcc/arm-none-eabi/4.9.3/../../../../arm-none-eabi/lib/armv7-m\libc_nano.a(lib_a-nano-svfscanf.o)
 .debug_frame   0x00001a40       0x5c c:/siliconlabs/simplicitystudio/v4/developer/toolchains/gnu_arm/4.9_2015q3/bin/../lib/gcc/arm-none-eabi/4.9.3/../../../../arm-none-eabi/lib/armv7-m\libc_nano.a(lib_a-nano-vfscanf_i.o)
 .debug_frame   0x00001a9c       0x30 c:/siliconlabs/simplicitystudio/v4/developer/toolchains/gnu_arm/4.9_2015q3/bin/../lib/gcc/arm-none-eabi/4.9.3/../../../../arm-none-eabi/lib/armv7-m\libc_nano.a(lib_a-sccl.o)
 .debug_frame   0x00001acc       0x54 c:/siliconlabs/simplicitystudio/v4/developer/toolchains/gnu_arm/4.9_2015q3/bin/../lib/gcc/arm-none-eabi/4.9.3/../../../../arm-none-eabi/lib/armv7-m\libc_nano.a(lib_a-strtol.o)
 .debug_frame   0x00001b20       0x5c c:/siliconlabs/simplicitystudio/v4/developer/toolchains/gnu_arm/4.9_2015q3/bin/../lib/gcc/arm-none-eabi/4.9.3/../../../../arm-none-eabi/lib/armv7-m\libc_nano.a(lib_a-ungetc.o)
 .debug_frame   0x00001b7c      0x11c c:/siliconlabs/simplicitystudio/v4/developer/toolchains/gnu_arm/4.9_2015q3/bin/../lib/gcc/arm-none-eabi/4.9.3/../../../../arm-none-eabi/lib/armv7-m\libc_nano.a(lib_a-findfp.o)
 .debug_frame   0x00001c98       0x28 c:/siliconlabs/simplicitystudio/v4/developer/toolchains/gnu_arm/4.9_2015q3/bin/../lib/gcc/arm-none-eabi/4.9.3/../../../../arm-none-eabi/lib/armv7-m\libc_nano.a(lib_a-memchr.o)
 .debug_frame   0x00001cc0       0x3c c:/siliconlabs/simplicitystudio/v4/developer/toolchains/gnu_arm/4.9_2015q3/bin/../lib/gcc/arm-none-eabi/4.9.3/../../../../arm-none-eabi/lib/armv7-m\libc_nano.a(lib_a-nano-reallocr.o)
 .debug_frame   0x00001cfc       0x20 c:/siliconlabs/simplicitystudio/v4/developer/toolchains/gnu_arm/4.9_2015q3/bin/../lib/gcc/arm-none-eabi/4.9.3/../../../../arm-none-eabi/lib/armv7-m\libc_nano.a(lib_a-nano-msizer.o)
 .debug_frame   0x00001d1c       0x20 c:/siliconlabs/simplicitystudio/v4/developer/toolchains/gnu_arm/4.9_2015q3/bin/../lib/gcc/arm-none-eabi/4.9.3/../../../../arm-none-eabi/lib/armv7-m\libnosys.a(sbrk.o)
 .debug_frame   0x00001d3c       0x20 c:/siliconlabs/simplicitystudio/v4/developer/toolchains/gnu_arm/4.9_2015q3/bin/../lib/gcc/arm-none-eabi/4.9.3/../../../../arm-none-eabi/lib/armv7-m\libnosys.a(_exit.o)

.stabstr        0x00000000       0xdf
 .stabstr       0x00000000       0xdf c:/siliconlabs/simplicitystudio/v4/developer/toolchains/gnu_arm/4.9_2015q3/bin/../lib/gcc/arm-none-eabi/4.9.3/../../../../arm-none-eabi/lib/armv7-m\libnosys.a(close.o)
