Archive member included because of file (symbol)

c:/siliconlabs/simplicitystudio/v4/developer/toolchains/gnu_arm/4.9_2015q3/bin/../lib/gcc/arm-none-eabi/4.9.3/armv7-m\libgcc.a(_aeabi_uldivmod.o)
                              ./emlib/em_usart.o (__aeabi_uldivmod)
c:/siliconlabs/simplicitystudio/v4/developer/toolchains/gnu_arm/4.9_2015q3/bin/../lib/gcc/arm-none-eabi/4.9.3/armv7-m\libgcc.a(bpabi.o)
                              c:/siliconlabs/simplicitystudio/v4/developer/toolchains/gnu_arm/4.9_2015q3/bin/../lib/gcc/arm-none-eabi/4.9.3/armv7-m\libgcc.a(_aeabi_uldivmod.o) (__gnu_uldivmod_helper)
c:/siliconlabs/simplicitystudio/v4/developer/toolchains/gnu_arm/4.9_2015q3/bin/../lib/gcc/arm-none-eabi/4.9.3/armv7-m\libgcc.a(_dvmd_tls.o)
                              c:/siliconlabs/simplicitystudio/v4/developer/toolchains/gnu_arm/4.9_2015q3/bin/../lib/gcc/arm-none-eabi/4.9.3/armv7-m\libgcc.a(_aeabi_uldivmod.o) (__aeabi_ldiv0)
c:/siliconlabs/simplicitystudio/v4/developer/toolchains/gnu_arm/4.9_2015q3/bin/../lib/gcc/arm-none-eabi/4.9.3/armv7-m\libgcc.a(_divdi3.o)
                              c:/siliconlabs/simplicitystudio/v4/developer/toolchains/gnu_arm/4.9_2015q3/bin/../lib/gcc/arm-none-eabi/4.9.3/armv7-m\libgcc.a(bpabi.o) (__divdi3)
c:/siliconlabs/simplicitystudio/v4/developer/toolchains/gnu_arm/4.9_2015q3/bin/../lib/gcc/arm-none-eabi/4.9.3/armv7-m\libgcc.a(_udivdi3.o)
                              c:/siliconlabs/simplicitystudio/v4/developer/toolchains/gnu_arm/4.9_2015q3/bin/../lib/gcc/arm-none-eabi/4.9.3/armv7-m\libgcc.a(bpabi.o) (__udivdi3)
c:/siliconlabs/simplicitystudio/v4/developer/toolchains/gnu_arm/4.9_2015q3/bin/../lib/gcc/arm-none-eabi/4.9.3/../../../../arm-none-eabi/lib/armv7-m\libc_nano.a(lib_a-exit.o)
                              c:/siliconlabs/simplicitystudio/v4/developer/toolchains/gnu_arm/4.9_2015q3/bin/../lib/gcc/arm-none-eabi/4.9.3/../../../../arm-none-eabi/lib/armv7-m/crt0.o (exit)
c:/siliconlabs/simplicitystudio/v4/developer/toolchains/gnu_arm/4.9_2015q3/bin/../lib/gcc/arm-none-eabi/4.9.3/../../../../arm-none-eabi/lib/armv7-m\libc_nano.a(lib_a-impure.o)
                              c:/siliconlabs/simplicitystudio/v4/developer/toolchains/gnu_arm/4.9_2015q3/bin/../lib/gcc/arm-none-eabi/4.9.3/../../../../arm-none-eabi/lib/armv7-m\libc_nano.a(lib_a-exit.o) (_global_impure_ptr)
c:/siliconlabs/simplicitystudio/v4/developer/toolchains/gnu_arm/4.9_2015q3/bin/../lib/gcc/arm-none-eabi/4.9.3/../../../../arm-none-eabi/lib/armv7-m\libc_nano.a(lib_a-init.o)
                              c:/siliconlabs/simplicitystudio/v4/developer/toolchains/gnu_arm/4.9_2015q3/bin/../lib/gcc/arm-none-eabi/4.9.3/../../../../arm-none-eabi/lib/armv7-m/crt0.o (__libc_init_array)
c:/siliconlabs/simplicitystudio/v4/developer/toolchains/gnu_arm/4.9_2015q3/bin/../lib/gcc/arm-none-eabi/4.9.3/../../../../arm-none-eabi/lib/armv7-m\libc_nano.a(lib_a-memcpy.o)
                              ./FreeRTOS/efm32g/queue.o (memcpy)
c:/siliconlabs/simplicitystudio/v4/developer/toolchains/gnu_arm/4.9_2015q3/bin/../lib/gcc/arm-none-eabi/4.9.3/../../../../arm-none-eabi/lib/armv7-m\libc_nano.a(lib_a-memset.o)
                              c:/siliconlabs/simplicitystudio/v4/developer/toolchains/gnu_arm/4.9_2015q3/bin/../lib/gcc/arm-none-eabi/4.9.3/../../../../arm-none-eabi/lib/armv7-m/crt0.o (memset)
c:/siliconlabs/simplicitystudio/v4/developer/toolchains/gnu_arm/4.9_2015q3/bin/../lib/gcc/arm-none-eabi/4.9.3/../../../../arm-none-eabi/lib/armv7-m\libc_nano.a(lib_a-mktime.o)
                              ./src/clock.o (mktime)
c:/siliconlabs/simplicitystudio/v4/developer/toolchains/gnu_arm/4.9_2015q3/bin/../lib/gcc/arm-none-eabi/4.9.3/../../../../arm-none-eabi/lib/armv7-m\libc_nano.a(lib_a-tzcalc_limits.o)
                              c:/siliconlabs/simplicitystudio/v4/developer/toolchains/gnu_arm/4.9_2015q3/bin/../lib/gcc/arm-none-eabi/4.9.3/../../../../arm-none-eabi/lib/armv7-m\libc_nano.a(lib_a-mktime.o) (__tzcalc_limits)
c:/siliconlabs/simplicitystudio/v4/developer/toolchains/gnu_arm/4.9_2015q3/bin/../lib/gcc/arm-none-eabi/4.9.3/../../../../arm-none-eabi/lib/armv7-m\libc_nano.a(lib_a-tzlock.o)
                              c:/siliconlabs/simplicitystudio/v4/developer/toolchains/gnu_arm/4.9_2015q3/bin/../lib/gcc/arm-none-eabi/4.9.3/../../../../arm-none-eabi/lib/armv7-m\libc_nano.a(lib_a-mktime.o) (__tz_lock)
c:/siliconlabs/simplicitystudio/v4/developer/toolchains/gnu_arm/4.9_2015q3/bin/../lib/gcc/arm-none-eabi/4.9.3/../../../../arm-none-eabi/lib/armv7-m\libc_nano.a(lib_a-tzset.o)
                              c:/siliconlabs/simplicitystudio/v4/developer/toolchains/gnu_arm/4.9_2015q3/bin/../lib/gcc/arm-none-eabi/4.9.3/../../../../arm-none-eabi/lib/armv7-m\libc_nano.a(lib_a-mktime.o) (_tzset_unlocked)
c:/siliconlabs/simplicitystudio/v4/developer/toolchains/gnu_arm/4.9_2015q3/bin/../lib/gcc/arm-none-eabi/4.9.3/../../../../arm-none-eabi/lib/armv7-m\libc_nano.a(lib_a-tzset_r.o)
[...]
Memory Configuration

Name             Origin             Length             Attributes
FLASH            0x00000000         0x00100000         xr
RAM              0x20000000         0x00020000         xrw
*default*        0x00000000         0xffffffff

Linker script and memory map

LOAD c:/siliconlabs/simplicitystudio/v4/developer/toolchains/gnu_arm/4.9_2015q3/bin/../lib/gcc/arm-none-eabi/4.9.3/armv7-m/crti.o
LOAD c:/siliconlabs/simplicitystudio/v4/developer/toolchains/gnu_arm/4.9_2015q3/bin/../lib/gcc/arm-none-eabi/4.9.3/armv7-m/crtbegin.o
LOAD c:/siliconlabs/simplicitystudio/v4/developer/toolchains/gnu_arm/4.9_2015q3/bin/../lib/gcc/arm-none-eabi/4.9.3/../../../../arm-none-eabi/lib/armv7-m/crt0.o
LOAD ./CMSIS/EFM32GG/startup_gcc_efm32gg.o
LOAD ./CMSIS/EFM32GG/system_efm32gg.o
LOAD ./Drivers/sleep.o
LOAD ./FreeRTOS/efm32g/croutine.o
LOAD ./FreeRTOS/efm32g/event_groups.o
LOAD ./FreeRTOS/efm32g/heap_1.o
LOAD ./FreeRTOS/efm32g/list.o
LOAD ./FreeRTOS/efm32g/port.o
LOAD ./FreeRTOS/efm32g/queue.o
LOAD ./FreeRTOS/efm32g/tasks.o
LOAD ./FreeRTOS/efm32g/timers.o
LOAD ./emlib/em_assert.o
LOAD ./emlib/em_burtc.o
LOAD ./emlib/em_cmu.o
LOAD ./emlib/em_core.o
LOAD ./emlib/em_emu.o
LOAD ./emlib/em_gpio.o
LOAD ./emlib/em_rmu.o
LOAD ./emlib/em_rtc.o
LOAD ./emlib/em_system.o
LOAD ./emlib/em_usart.o
LOAD ./src/InitDevice.o
LOAD ./src/clock.o
LOAD ./src/clockApp_stk.o
LOAD ./src/low_power_tick_management.o
LOAD ./src/main.o
START GROUP
LOAD c:/siliconlabs/simplicitystudio/v4/developer/toolchains/gnu_arm/4.9_2015q3/bin/../lib/gcc/arm-none-eabi/4.9.3/armv7-m\libgcc.a
LOAD c:/siliconlabs/simplicitystudio/v4/developer/toolchains/gnu_arm/4.9_2015q3/bin/../lib/gcc/arm-none-eabi/4.9.3/../../../../arm-none-eabi/lib/armv7-m\libc_nano.a
LOAD c:/siliconlabs/simplicitystudio/v4/developer/toolchains/gnu_arm/4.9_2015q3/bin/../lib/gcc/arm-none-eabi/4.9.3/../../../../arm-none-eabi/lib/armv7-m\libnosys.a
END GROUP
START GROUP
LOAD c:/siliconlabs/simplicitystudio/v4/developer/toolchains/gnu_arm/4.9_2015q3/bin/../lib/gcc/arm-none-eabi/4.9.3/armv7-m\libgcc.a
LOAD c:/siliconlabs/simplicitystudio/v4/developer/toolchains/gnu_arm/4.9_2015q3/bin/../lib/gcc/arm-none-eabi/4.9.3/../../../../arm-none-eabi/lib/armv7-m\libg_nano.a
LOAD c:/siliconlabs/simplicitystudio/v4/developer/toolchains/gnu_arm/4.9_2015q3/bin/../lib/gcc/arm-none-eabi/4.9.3/../../../../arm-none-eabi/lib/armv7-m\libc_nano.a
END GROUP
START GROUP
LOAD c:/siliconlabs/simplicitystudio/v4/developer/toolchains/gnu_arm/4.9_2015q3/bin/../lib/gcc/arm-none-eabi/4.9.3/armv7-m\libgcc.a
LOAD c:/siliconlabs/simplicitystudio/v4/developer/toolchains/gnu_arm/4.9_2015q3/bin/../lib/gcc/arm-none-eabi/4.9.3/../../../../arm-none-eabi/lib/armv7-m\libc_nano.a
END GROUP
LOAD c:/siliconlabs/simplicitystudio/v4/developer/toolchains/gnu_arm/4.9_2015q3/bin/../lib/gcc/arm-none-eabi/4.9.3/armv7-m/crtend.o
LOAD c:/siliconlabs/simplicitystudio/v4/developer/toolchains/gnu_arm/4.9_2015q3/bin/../lib/gcc/arm-none-eabi/4.9.3/armv7-m/crtn.o

.text           0x00000000     0x1580
 *(.vectors)
 .vectors       0x00000000       0xdc ./CMSIS/EFM32GG/startup_gcc_efm32gg.o
                0x00000000                __Vectors
                0x000000dc                __Vectors_End = .
                0x000000dc                __Vectors_Size = (__Vectors_End - __Vectors)
                0x000000dc                __end__ = .
 *(.text*)
 .text          0x000000dc       0x5c c:/siliconlabs/simplicitystudio/v4/developer/toolchains/gnu_arm/4.9_2015q3/bin/../lib/gcc/arm-none-eabi/4.9.3/armv7-m/crtbegin.o
 .text          0x00000138       0x74 c:/siliconlabs/simplicitystudio/v4/developer/toolchains/gnu_arm/4.9_2015q3/bin/../lib/gcc/arm-none-eabi/4.9.3/../../../../arm-none-eabi/lib/armv7-m/crt0.o
                0x00000138                _start
                0x00000138                _mainCRTStartup
 .text          0x000001ac       0x30 ./CMSIS/EFM32GG/startup_gcc_efm32gg.o
                0x000001ac                Reset_Handler
                0x000001d8                DebugMon_Handler
                0x000001d8                USART0_TX_IRQHandler
                0x000001d8                I2C0_IRQHandler
                0x000001d8                HardFault_Handler
                0x000001d8                LEUART1_IRQHandler
                0x000001d8                USART1_RX_IRQHandler
                0x000001d8                NMI_Handler
                0x000001d8                I2C1_IRQHandler
                0x000001d8                TIMER3_IRQHandler
                0x000001d8                USART1_TX_IRQHandler
                0x000001d8                MSC_IRQHandler
                0x000001d8                ADC0_IRQHandler
                0x000001d8                UsageFault_Handler
                0x000001d8                LEUART0_IRQHandler
                0x000001d8                GPIO_EVEN_IRQHandler
                0x000001d8                UART0_TX_IRQHandler
                0x000001d8                UART1_TX_IRQHandler
                0x000001d8                TIMER0_IRQHandler
                0x000001d8                TIMER2_IRQHandler
                0x000001d8                LCD_IRQHandler
                0x000001d8                PCNT2_IRQHandler
                0x000001d8                UART0_RX_IRQHandler
                0x000001d8                LETIMER0_IRQHandler
                0x000001d8                TIMER1_IRQHandler
                0x000001d8                USART2_RX_IRQHandler
                0x000001d8                Default_Handler
                0x000001d8                EMU_IRQHandler
                0x000001d8                PCNT0_IRQHandler
                0x000001d8                USB_IRQHandler
                0x000001d8                PCNT1_IRQHandler
                0x000001d8                ACMP0_IRQHandler
                0x000001d8                USART0_RX_IRQHandler
                0x000001d8                MemManage_Handler
                0x000001d8                DAC0_IRQHandler
                0x000001d8                UART1_RX_IRQHandler
                0x000001d8                CMU_IRQHandler
                0x000001d8                EBI_IRQHandler
                0x000001d8                LESENSE_IRQHandler
                0x000001d8                GPIO_ODD_IRQHandler
                0x000001d8                AES_IRQHandler
                0x000001d8                VCMP_IRQHandler
                0x000001d8                DMA_IRQHandler
                0x000001d8                BusFault_Handler
                0x000001d8                USART2_TX_IRQHandler
 .text.GetProdRev
                0x000001dc       0x1c ./CMSIS/EFM32GG/system_efm32gg.o
 .text.SystemCoreClockGet
                0x000001f8       0x34 ./CMSIS/EFM32GG/system_efm32gg.o
                0x000001f8                SystemCoreClockGet
 .text.SystemHFClockGet
                0x0000022c      0x100 ./CMSIS/EFM32GG/system_efm32gg.o
                0x0000022c                SystemHFClockGet
 .text.SystemInit
                0x0000032c        0xc ./CMSIS/EFM32GG/system_efm32gg.o
                0x0000032c                SystemInit
 .text.SystemLFRCOClockGet
                0x00000338       0x14 ./CMSIS/EFM32GG/system_efm32gg.o
                0x00000338                SystemLFRCOClockGet
 .text.SystemULFRCOClockGet
                0x0000034c       0x14 ./CMSIS/EFM32GG/system_efm32gg.o
                0x0000034c                SystemULFRCOClockGet
 .text.SystemLFXOClockGet
                0x00000360       0x18 ./CMSIS/EFM32GG/system_efm32gg.o
                0x00000360                SystemLFXOClockGet
 .text.vListInsertEnd
                0x00000378       0x48 ./FreeRTOS/efm32g/list.o
                0x00000378                vListInsertEnd
 .text.uxListRemove
                0x000003c0       0x54 ./FreeRTOS/efm32g/list.o
                0x000003c0                uxListRemove
 *fill*         0x00000414        0xc 
 .text.SVC_Handler
                0x00000420       0x24 ./FreeRTOS/efm32g/port.o
                0x00000420                SVC_Handler
 *fill*         0x00000444        0xc 
 .text.PendSV_Handler
                0x00000450       0x44 ./FreeRTOS/efm32g/port.o
                0x00000450                PendSV_Handler
 .text.SysTick_Handler
                0x00000494       0x40 ./FreeRTOS/efm32g/port.o
                0x00000494                SysTick_Handler
 .text.xTaskIncrementTick
                0x000004d4      0x164 ./FreeRTOS/efm32g/tasks.o
                0x000004d4                xTaskIncrementTick
 .text.vTaskSwitchContext
                0x00000638       0x94 ./FreeRTOS/efm32g/tasks.o
                0x00000638                vTaskSwitchContext
 .text.prvResetNextTaskUnblockTime
                0x000006cc       0x48 ./FreeRTOS/efm32g/tasks.o
 .text.regSync  0x00000714       0x40 ./emlib/em_burtc.o
 .text.BURTC_CompareSet
                0x00000754       0x20 ./emlib/em_burtc.o
                0x00000754                BURTC_CompareSet
 .text.BURTC_CompareGet
                0x00000774       0x1c ./emlib/em_burtc.o
                0x00000774                BURTC_CompareGet
 .text.BUS_RegBitWrite
                0x00000790       0x2c ./emlib/em_cmu.o
 .text.BUS_RegBitRead
                0x000007bc       0x2c ./emlib/em_cmu.o
 .text.SYSTEM_GetProdRev
                0x000007e8       0x1c ./emlib/em_cmu.o
 .text.SYSTEM_GetFamily
                0x00000804       0x20 ./emlib/em_cmu.o
 .text.maxFreqHfle
                0x00000824       0x78 ./emlib/em_cmu.o
 .text.setHfLeConfig
                0x0000089c       0x3c ./emlib/em_cmu.o
 .text.getHfLeConfig
                0x000008d8       0x2c ./emlib/em_cmu.o
 .text.auxClkGet
                0x00000904       0xb0 ./emlib/em_cmu.o
 .text.dbgClkGet
                0x000009b4       0x40 ./emlib/em_cmu.o
 .text.lfClkGet
                0x000009f4       0xec ./emlib/em_cmu.o
 .text.syncReg  0x00000ae0       0x34 ./emlib/em_cmu.o
 .text.CMU_ClockEnable
                0x00000b14       0xd8 ./emlib/em_cmu.o
                0x00000b14                CMU_ClockEnable
 .text.CMU_ClockFreqGet
                0x00000bec      0x160 ./emlib/em_cmu.o
                0x00000bec                CMU_ClockFreqGet
 .text.CMU_ClockSelectGet
                0x00000d4c      0x124 ./emlib/em_cmu.o
                0x00000d4c                CMU_ClockSelectGet
 .text.GPIO_PinOutClear
                0x00000e70       0x58 ./emlib/em_gpio.o
 .text.GPIO_PinOutSet
                0x00000ec8       0x58 ./emlib/em_gpio.o
 .text.GPIO_PinModeSet
                0x00000f20      0x10c ./emlib/em_gpio.o
                0x00000f20                GPIO_PinModeSet
 .text.BUS_RegBitWrite
                0x0000102c       0x2c ./emlib/em_rtc.o
 .text.RTC_CompareGet
                0x00001058       0x3c ./emlib/em_rtc.o
                0x00001058                RTC_CompareGet
 .text.RTC_CompareSet
                0x00001094       0x4c ./emlib/em_rtc.o
                0x00001094                RTC_CompareSet
 .text.RTC_Enable
                0x000010e0       0x20 ./emlib/em_rtc.o
                0x000010e0                RTC_Enable
 .text.SYSTEM_ChipRevisionGet
                0x00001100       0x74 ./emlib/em_system.o
                0x00001100                SYSTEM_ChipRevisionGet
 .text.clockGetStartTime
                0x00001174       0x18 ./src/clock.o
                0x00001174                clockGetStartTime
 .text.clockOverflow
                0x0000118c       0x20 ./src/clock.o
                0x0000118c                clockOverflow
 .text.clockGetOverflowCounter
                0x000011ac       0x18 ./src/clock.o
                0x000011ac                clockGetOverflowCounter
 .text.BURTC_IntClear
                0x000011c4       0x1c ./src/clockApp_stk.o
 .text.BURTC_IntGet
                0x000011e0       0x18 ./src/clockApp_stk.o
 .text.BURTC_RetRegSet
                0x000011f8       0x24 ./src/clockApp_stk.o
 .text.BURTC_IRQHandler
                0x0000121c       0x4c ./src/clockApp_stk.o
                0x0000121c                BURTC_IRQHandler
 .text.clockAppBackup
                0x00001268       0x24 ./src/clockApp_stk.o
                0x00001268                clockAppBackup
 .text.RTC_IntClear
                0x0000128c       0x1c ./src/low_power_tick_management.o
 .text.RTC_IRQHandler
                0x000012a8       0x78 ./src/low_power_tick_management.o
                0x000012a8                RTC_IRQHandler
 .text.GPIO_PortOutSetVal
                0x00001320       0x70 ./src/main.o
 .text.CHIP_Init
                0x00001390       0x40 ./src/main.o
 .text.Delay    0x000013d0       0x60 ./src/main.o
                0x000013d0                Delay
 .text.main     0x00001430       0x44 ./src/main.o
                0x00001430                main
 .text.exit     0x00001474       0x28 c:/siliconlabs/simplicitystudio/v4/developer/toolchains/gnu_arm/4.9_2015q3/bin/../lib/gcc/arm-none-eabi/4.9.3/../../../../arm-none-eabi/lib/armv7-m\libc_nano.a(lib_a-exit.o)
                0x00001474                exit
 .text.__libc_init_array
                0x0000149c       0x4c c:/siliconlabs/simplicitystudio/v4/developer/toolchains/gnu_arm/4.9_2015q3/bin/../lib/gcc/arm-none-eabi/4.9.3/../../../../arm-none-eabi/lib/armv7-m\libc_nano.a(lib_a-init.o)
                0x0000149c                __libc_init_array
 .text.memset   0x000014e8       0x10 c:/siliconlabs/simplicitystudio/v4/developer/toolchains/gnu_arm/4.9_2015q3/bin/../lib/gcc/arm-none-eabi/4.9.3/../../../../arm-none-eabi/lib/armv7-m\libc_nano.a(lib_a-memset.o)
                0x000014e8                memset
 .text._exit    0x000014f8        0x4 c:/siliconlabs/simplicitystudio/v4/developer/toolchains/gnu_arm/4.9_2015q3/bin/../lib/gcc/arm-none-eabi/4.9.3/../../../../arm-none-eabi/lib/armv7-m\libnosys.a(_exit.o)
                0x000014f8                _exit
 *(.init)
 .init          0x000014fc        0x4 c:/siliconlabs/simplicitystudio/v4/developer/toolchains/gnu_arm/4.9_2015q3/bin/../lib/gcc/arm-none-eabi/4.9.3/armv7-m/crti.o
                0x000014fc                _init
 .init          0x00001500        0x8 c:/siliconlabs/simplicitystudio/v4/developer/toolchains/gnu_arm/4.9_2015q3/bin/../lib/gcc/arm-none-eabi/4.9.3/armv7-m/crtn.o
 *(.fini)
 .fini          0x00001508        0x4 c:/siliconlabs/simplicitystudio/v4/developer/toolchains/gnu_arm/4.9_2015q3/bin/../lib/gcc/arm-none-eabi/4.9.3/armv7-m/crti.o
                0x00001508                _fini
 .fini          0x0000150c        0x8 c:/siliconlabs/simplicitystudio/v4/developer/toolchains/gnu_arm/4.9_2015q3/bin/../lib/gcc/arm-none-eabi/4.9.3/armv7-m/crtn.o
 *crtbegin.o(.ctors)
 *crtbegin?.o(.ctors)
 *(EXCLUDE_FILE(*crtend.o *crtend?.o) .ctors)
 *(SORT(.ctors.*))
 *(.ctors)
 *crtbegin.o(.dtors)
 *crtbegin?.o(.dtors)
 *(EXCLUDE_FILE(*crtend.o *crtend?.o) .dtors)
 *(SORT(.dtors.*))
 *(.dtors)
 *(.rodata*)
 .rodata.str1.1
                0x00001514        0x2 c:/siliconlabs/simplicitystudio/v4/developer/toolchains/gnu_arm/4.9_2015q3/bin/../lib/gcc/arm-none-eabi/4.9.3/../../../../arm-none-eabi/lib/armv7-m\libc_nano.a(lib_a-impure.o)
 *fill*         0x00001516        0x2 
 .rodata._global_impure_ptr
                0x00001518        0x4 c:/siliconlabs/simplicitystudio/v4/developer/toolchains/gnu_arm/4.9_2015q3/bin/../lib/gcc/arm-none-eabi/4.9.3/../../../../arm-none-eabi/lib/armv7-m\libc_nano.a(lib_a-impure.o)
                0x00001518                _global_impure_ptr
 .rodata.__sf_fake_stdin
                0x0000151c       0x20 c:/siliconlabs/simplicitystudio/v4/developer/toolchains/gnu_arm/4.9_2015q3/bin/../lib/gcc/arm-none-eabi/4.9.3/../../../../arm-none-eabi/lib/armv7-m\libc_nano.a(lib_a-findfp.o)
                0x0000151c                __sf_fake_stdin
 .rodata.__sf_fake_stdout
                0x0000153c       0x20 c:/siliconlabs/simplicitystudio/v4/developer/toolchains/gnu_arm/4.9_2015q3/bin/../lib/gcc/arm-none-eabi/4.9.3/../../../../arm-none-eabi/lib/armv7-m\libc_nano.a(lib_a-findfp.o)
                0x0000153c                __sf_fake_stdout
 .rodata.__sf_fake_stderr
                0x0000155c       0x20 c:/siliconlabs/simplicitystudio/v4/developer/toolchains/gnu_arm/4.9_2015q3/bin/../lib/gcc/arm-none-eabi/4.9.3/../../../../arm-none-eabi/lib/armv7-m\libc_nano.a(lib_a-findfp.o)
                0x0000155c                __sf_fake_stderr
 *(.eh_frame*)
 .eh_frame      0x0000157c        0x0 c:/siliconlabs/simplicitystudio/v4/developer/toolchains/gnu_arm/4.9_2015q3/bin/../lib/gcc/arm-none-eabi/4.9.3/armv7-m/crtbegin.o
 .eh_frame      0x0000157c        0x0 c:/siliconlabs/simplicitystudio/v4/developer/toolchains/gnu_arm/4.9_2015q3/bin/../lib/gcc/arm-none-eabi/4.9.3/../../../../arm-none-eabi/lib/armv7-m\libc_nano.a(lib_a-strcmp.o)
                                 0x28 (size before relaxing)
 .eh_frame      0x0000157c        0x4 c:/siliconlabs/simplicitystudio/v4/developer/toolchains/gnu_arm/4.9_2015q3/bin/../lib/gcc/arm-none-eabi/4.9.3/armv7-m/crtend.o

.glue_7         0x00001580        0x0
 .glue_7        0x00000000        0x0 linker stubs

.glue_7t        0x00001580        0x0
 .glue_7t       0x00000000        0x0 linker stubs

.vfp11_veneer   0x00001580        0x0
 .vfp11_veneer  0x00000000        0x0 linker stubs

.v4_bx          0x00001580        0x0
 .v4_bx         0x00000000        0x0 linker stubs

.iplt           0x00001580        0x0
 .iplt          0x00000000        0x0 c:/siliconlabs/simplicitystudio/v4/developer/toolchains/gnu_arm/4.9_2015q3/bin/../lib/gcc/arm-none-eabi/4.9.3/armv7-m/crtbegin.o

.ARM.extab
 *(.ARM.extab* .gnu.linkonce.armextab.*)
                0x00001580                __exidx_start = .

.ARM.exidx      0x00001580        0x8
 *(.ARM.exidx* .gnu.linkonce.armexidx.*)
 .ARM.exidx     0x00001580        0x8 c:/siliconlabs/simplicitystudio/v4/developer/toolchains/gnu_arm/4.9_2015q3/bin/../lib/gcc/arm-none-eabi/4.9.3/../../../../arm-none-eabi/lib/armv7-m/crt0.o
                0x00001588                __exidx_end = .
                0x00001588                __etext = .

.rel.dyn        0x00001588        0x0
 .rel.iplt      0x00000000        0x0 c:/siliconlabs/simplicitystudio/v4/developer/toolchains/gnu_arm/4.9_2015q3/bin/../lib/gcc/arm-none-eabi/4.9.3/armv7-m/crtbegin.o

.data           0x20000000       0x74 load address 0x00001588
                0x20000000                __data_start__ = .
 *(vtable)
 *(.data*)
 .data.SystemHFXOClock
                0x20000000        0x4 ./CMSIS/EFM32GG/system_efm32gg.o
 .data.SystemLFXOClock
                0x20000004        0x4 ./CMSIS/EFM32GG/system_efm32gg.o
 .data.impure_data
                0x20000008       0x60 c:/siliconlabs/simplicitystudio/v4/developer/toolchains/gnu_arm/4.9_2015q3/bin/../lib/gcc/arm-none-eabi/4.9.3/../../../../arm-none-eabi/lib/armv7-m\libc_nano.a(lib_a-impure.o)
                0x20000068                . = ALIGN (0x4)
 *(.ram)
                0x20000068                . = ALIGN (0x4)
                0x20000068                PROVIDE (__preinit_array_start, .)
 *(.preinit_array)
                0x20000068                PROVIDE (__preinit_array_end, .)
                0x20000068                . = ALIGN (0x4)
                0x20000068                PROVIDE (__init_array_start, .)
 *(SORT(.init_array.*))
 *(.init_array)
 .init_array    0x20000068        0x4 c:/siliconlabs/simplicitystudio/v4/developer/toolchains/gnu_arm/4.9_2015q3/bin/../lib/gcc/arm-none-eabi/4.9.3/armv7-m/crtbegin.o
                0x2000006c                PROVIDE (__init_array_end, .)
                0x2000006c                . = ALIGN (0x4)
                0x2000006c                PROVIDE (__fini_array_start, .)
 *(SORT(.fini_array.*))
 *(.fini_array)
 .fini_array    0x2000006c        0x4 c:/siliconlabs/simplicitystudio/v4/developer/toolchains/gnu_arm/4.9_2015q3/bin/../lib/gcc/arm-none-eabi/4.9.3/armv7-m/crtbegin.o
                0x20000070                PROVIDE (__fini_array_end, .)
 *(.jcr*)
 .jcr           0x20000070        0x0 c:/siliconlabs/simplicitystudio/v4/developer/toolchains/gnu_arm/4.9_2015q3/bin/../lib/gcc/arm-none-eabi/4.9.3/armv7-m/crtbegin.o
 .jcr           0x20000070        0x4 c:/siliconlabs/simplicitystudio/v4/developer/toolchains/gnu_arm/4.9_2015q3/bin/../lib/gcc/arm-none-eabi/4.9.3/armv7-m/crtend.o
                0x20000074                . = ALIGN (0x4)
                0x20000074                __data_end__ = .

.igot.plt       0x20000074        0x0 load address 0x000015fc
 .igot.plt      0x00000000        0x0 c:/siliconlabs/simplicitystudio/v4/developer/toolchains/gnu_arm/4.9_2015q3/bin/../lib/gcc/arm-none-eabi/4.9.3/armv7-m/crtbegin.o

.bss            0x20000074       0x8c load address 0x000015fc
                0x20000074                . = ALIGN (0x4)
                0x20000074                __bss_start__ = .
 *(.bss*)
 .bss           0x20000074       0x1c c:/siliconlabs/simplicitystudio/v4/developer/toolchains/gnu_arm/4.9_2015q3/bin/../lib/gcc/arm-none-eabi/4.9.3/armv7-m/crtbegin.o
 .bss.pxCurrentTCB
                0x20000090        0x4 ./FreeRTOS/efm32g/tasks.o
                0x20000090                pxCurrentTCB
 .bss.pxReadyTasksLists
                0x20000094       0x3c ./FreeRTOS/efm32g/tasks.o
 .bss.pxDelayedTaskList
                0x200000d0        0x4 ./FreeRTOS/efm32g/tasks.o
 .bss.pxOverflowDelayedTaskList
                0x200000d4        0x4 ./FreeRTOS/efm32g/tasks.o
 .bss.xTickCount
                0x200000d8        0x4 ./FreeRTOS/efm32g/tasks.o
 .bss.uxTopReadyPriority
                0x200000dc        0x4 ./FreeRTOS/efm32g/tasks.o
 .bss.uxPendedTicks
                0x200000e0        0x4 ./FreeRTOS/efm32g/tasks.o
 .bss.xYieldPending
                0x200000e4        0x4 ./FreeRTOS/efm32g/tasks.o
 .bss.xNumOfOverflows
                0x200000e8        0x4 ./FreeRTOS/efm32g/tasks.o
 .bss.xNextTaskUnblockTime
                0x200000ec        0x4 ./FreeRTOS/efm32g/tasks.o
 .bss.uxSchedulerSuspended
                0x200000f0        0x4 ./FreeRTOS/efm32g/tasks.o
 .bss.rtcStartTime
                0x200000f4        0x4 ./src/clock.o
 .bss.rtcOverflowCounter
                0x200000f8        0x4 ./src/clock.o
 *(COMMON)
 COMMON         0x200000fc        0x4 ./CMSIS/EFM32GG/system_efm32gg.o
                0x200000fc                SystemCoreClock
                0x20000100                . = ALIGN (0x4)
                0x20000100                __bss_end__ = .

.heap           0x20000100      0xc00
                0x20000100                __HeapBase = .
                0x20000100                __end__ = .
                0x20000100                end = __end__
                0x20000100                _end = __end__
 *(.heap*)
 .heap          0x20000100      0xc00 ./CMSIS/EFM32GG/startup_gcc_efm32gg.o
                0x20000d00                __HeapLimit = .

.stack_dummy    0x20000100      0x400
 *(.stack*)
 .stack         0x20000100      0x400 ./CMSIS/EFM32GG/startup_gcc_efm32gg.o
                0x20020000                __StackTop = (ORIGIN (RAM) + 0x20000)
                0x2001fc00                __StackLimit = (__StackTop - SIZEOF (.stack_dummy))
                0x20020000                PROVIDE (__stack, __StackTop)
                0x00000001                ASSERT ((__StackLimit >= __HeapLimit), region RAM overflowed with stack)
                0x00000001                ASSERT ((0x100000 >= (__etext + SIZEOF (.data))), FLASH memory overflowed !)
OUTPUT(EFM32GG280F1024.axf elf32-littlearm)

.ARM.attributes
                0x00000000       0x29
 .ARM.attributes
                0x00000000       0x1d c:/siliconlabs/simplicitystudio/v4/developer/toolchains/gnu_arm/4.9_2015q3/bin/../lib/gcc/arm-none-eabi/4.9.3/armv7-m/crti.o
 .ARM.attributes
                0x0000001d       0x2d c:/siliconlabs/simplicitystudio/v4/developer/toolchains/gnu_arm/4.9_2015q3/bin/../lib/gcc/arm-none-eabi/4.9.3/armv7-m/crtbegin.o
 .ARM.attributes
                0x0000004a       0x1b c:/siliconlabs/simplicitystudio/v4/developer/toolchains/gnu_arm/4.9_2015q3/bin/../lib/gcc/arm-none-eabi/4.9.3/../../../../arm-none-eabi/lib/armv7-m/crt0.o
 .ARM.attributes
                0x00000065       0x1b ./CMSIS/EFM32GG/startup_gcc_efm32gg.o
 .ARM.attributes
                0x00000080       0x33 ./CMSIS/EFM32GG/system_efm32gg.o
 .ARM.attributes
                0x000000b3       0x33 ./FreeRTOS/efm32g/list.o
 .ARM.attributes
                0x000000e6       0x33 ./FreeRTOS/efm32g/port.o
 .ARM.attributes
                0x00000119       0x33 ./FreeRTOS/efm32g/tasks.o
 .ARM.attributes
                0x0000014c       0x33 ./emlib/em_burtc.o
 .ARM.attributes
                0x0000017f       0x33 ./emlib/em_cmu.o
 .ARM.attributes
                0x000001b2       0x33 ./emlib/em_gpio.o
 .ARM.attributes
                0x000001e5       0x33 ./emlib/em_rtc.o
 .ARM.attributes
                0x00000218       0x33 ./emlib/em_system.o
 .ARM.attributes
                0x0000024b       0x33 ./src/clock.o
 .ARM.attributes
                0x0000027e       0x33 ./src/clockApp_stk.o
 .ARM.attributes
                0x000002b1       0x33 ./src/low_power_tick_management.o
 .ARM.attributes
                0x000002e4       0x33 ./src/main.o
 .ARM.attributes
                0x00000317       0x2d c:/siliconlabs/simplicitystudio/v4/developer/toolchains/gnu_arm/4.9_2015q3/bin/../lib/gcc/arm-none-eabi/4.9.3/../../../../arm-none-eabi/lib/armv7-m\libc_nano.a(lib_a-exit.o)
 .ARM.attributes
                0x00000344       0x2d c:/siliconlabs/simplicitystudio/v4/developer/toolchains/gnu_arm/4.9_2015q3/bin/../lib/gcc/arm-none-eabi/4.9.3/../../../../arm-none-eabi/lib/armv7-m\libc_nano.a(lib_a-impure.o)
 .ARM.attributes
                0x00000371       0x2d c:/siliconlabs/simplicitystudio/v4/developer/toolchains/gnu_arm/4.9_2015q3/bin/../lib/gcc/arm-none-eabi/4.9.3/../../../../arm-none-eabi/lib/armv7-m\libc_nano.a(lib_a-init.o)
 .ARM.attributes
                0x0000039e       0x2d c:/siliconlabs/simplicitystudio/v4/developer/toolchains/gnu_arm/4.9_2015q3/bin/../lib/gcc/arm-none-eabi/4.9.3/../../../../arm-none-eabi/lib/armv7-m\libc_nano.a(lib_a-memset.o)
 .ARM.attributes
                0x000003cb       0x1b c:/siliconlabs/simplicitystudio/v4/developer/toolchains/gnu_arm/4.9_2015q3/bin/../lib/gcc/arm-none-eabi/4.9.3/../../../../arm-none-eabi/lib/armv7-m\libc_nano.a(lib_a-strcmp.o)
 .ARM.attributes
                0x000003e6       0x2d c:/siliconlabs/simplicitystudio/v4/developer/toolchains/gnu_arm/4.9_2015q3/bin/../lib/gcc/arm-none-eabi/4.9.3/../../../../arm-none-eabi/lib/armv7-m\libc_nano.a(lib_a-findfp.o)
 .ARM.attributes
                0x00000413       0x2d c:/siliconlabs/simplicitystudio/v4/developer/toolchains/gnu_arm/4.9_2015q3/bin/../lib/gcc/arm-none-eabi/4.9.3/../../../../arm-none-eabi/lib/armv7-m\libnosys.a(_exit.o)
 .ARM.attributes
                0x00000440       0x2d c:/siliconlabs/simplicitystudio/v4/developer/toolchains/gnu_arm/4.9_2015q3/bin/../lib/gcc/arm-none-eabi/4.9.3/armv7-m/crtend.o
 .ARM.attributes
                0x0000046d       0x1d c:/siliconlabs/simplicitystudio/v4/developer/toolchains/gnu_arm/4.9_2015q3/bin/../lib/gcc/arm-none-eabi/4.9.3/armv7-m/crtn.o

.comment        0x00000000       0x70
 .comment       0x00000000       0x70 ./CMSIS/EFM32GG/system_efm32gg.o
                                 0x71 (size before relaxing)
 .comment       0x00000000       0x71 ./FreeRTOS/efm32g/list.o
 .comment       0x00000000       0x71 ./FreeRTOS/efm32g/port.o
 .comment       0x00000000       0x71 ./FreeRTOS/efm32g/tasks.o
 .comment       0x00000000       0x71 ./emlib/em_burtc.o
 .comment       0x00000000       0x71 ./emlib/em_cmu.o
 .comment       0x00000000       0x71 ./emlib/em_gpio.o
 .comment       0x00000000       0x71 ./emlib/em_rtc.o
 .comment       0x00000000       0x71 ./emlib/em_system.o
 .comment       0x00000000       0x71 ./src/clock.o
 .comment       0x00000000       0x71 ./src/clockApp_stk.o
 .comment       0x00000000       0x71 ./src/low_power_tick_management.o
 .comment       0x00000000       0x71 ./src/main.o

.debug_line     0x00000000     0x3c6a
 .debug_line    0x00000000       0x72 ./CMSIS/EFM32GG/startup_gcc_efm32gg.o
 .debug_line    0x00000072      0x320 ./CMSIS/EFM32GG/system_efm32gg.o
 .debug_line    0x00000392      0x2f8 ./FreeRTOS/efm32g/list.o
 .debug_line    0x0000068a      0x349 ./FreeRTOS/efm32g/port.o
 .debug_line    0x000009d3      0xaf5 ./FreeRTOS/efm32g/tasks.o
 .debug_line    0x000014c8      0x41e ./emlib/em_burtc.o
 .debug_line    0x000018e6      0x9de ./emlib/em_cmu.o
 .debug_line    0x000022c4      0x4a5 ./emlib/em_gpio.o
 .debug_line    0x00002769      0x389 ./emlib/em_rtc.o
 .debug_line    0x00002af2      0x2f8 ./emlib/em_system.o
 .debug_line    0x00002dea      0x3b0 ./src/clock.o
 .debug_line    0x0000319a      0x350 ./src/clockApp_stk.o
 .debug_line    0x000034ea      0x3ff ./src/low_power_tick_management.o
 .debug_line    0x000038e9      0x381 ./src/main.o

.debug_info     0x00000000     0x6563
 .debug_info    0x00000000       0xa8 ./CMSIS/EFM32GG/startup_gcc_efm32gg.o
 .debug_info    0x000000a8      0x5a5 ./CMSIS/EFM32GG/system_efm32gg.o
 .debug_info    0x0000064d      0x2cc ./FreeRTOS/efm32g/list.o
 .debug_info    0x00000919      0x3dd ./FreeRTOS/efm32g/port.o
 .debug_info    0x00000cf6     0x1648 ./FreeRTOS/efm32g/tasks.o
 .debug_info    0x0000233e      0x62d ./emlib/em_burtc.o
 .debug_info    0x0000296b     0x14c4 ./emlib/em_cmu.o
 .debug_info    0x00003e2f      0x65a ./emlib/em_gpio.o
 .debug_info    0x00004489      0x33f ./emlib/em_rtc.o
 .debug_info    0x000047c8      0x269 ./emlib/em_system.o
 .debug_info    0x00004a31      0x460 ./src/clock.o
 .debug_info    0x00004e91      0x3cd ./src/clockApp_stk.o
 .debug_info    0x0000525e      0x999 ./src/low_power_tick_management.o
 .debug_info    0x00005bf7      0x96c ./src/main.o

.debug_abbrev   0x00000000     0x16f3
 .debug_abbrev  0x00000000       0x14 ./CMSIS/EFM32GG/startup_gcc_efm32gg.o
 .debug_abbrev  0x00000014      0x1a5 ./CMSIS/EFM32GG/system_efm32gg.o
 .debug_abbrev  0x000001b9       0xbe ./FreeRTOS/efm32g/list.o
 .debug_abbrev  0x00000277      0x1fa ./FreeRTOS/efm32g/port.o
 .debug_abbrev  0x00000471      0x2a4 ./FreeRTOS/efm32g/tasks.o
 .debug_abbrev  0x00000715      0x1da ./emlib/em_burtc.o
 .debug_abbrev  0x000008ef      0x2ed ./emlib/em_cmu.o
 .debug_abbrev  0x00000bdc      0x1cd ./emlib/em_gpio.o
 .debug_abbrev  0x00000da9      0x196 ./emlib/em_rtc.o
 .debug_abbrev  0x00000f3f       0xde ./emlib/em_system.o
 .debug_abbrev  0x0000101d      0x178 ./src/clock.o
 .debug_abbrev  0x00001195      0x18a ./src/clockApp_stk.o
 .debug_abbrev  0x0000131f      0x228 ./src/low_power_tick_management.o
 .debug_abbrev  0x00001547      0x1ac ./src/main.o

.debug_aranges  0x00000000      0x718
 .debug_aranges
                0x00000000       0x20 ./CMSIS/EFM32GG/startup_gcc_efm32gg.o
 .debug_aranges
                0x00000020       0x70 ./CMSIS/EFM32GG/system_efm32gg.o
 .debug_aranges
                0x00000090       0x40 ./FreeRTOS/efm32g/list.o
 .debug_aranges
                0x000000d0       0x78 ./FreeRTOS/efm32g/port.o
 .debug_aranges
                0x00000148      0x1a0 ./FreeRTOS/efm32g/tasks.o
 .debug_aranges
                0x000002e8       0x80 ./emlib/em_burtc.o
 .debug_aranges
                0x00000368      0x160 ./emlib/em_cmu.o
 .debug_aranges
                0x000004c8       0x70 ./emlib/em_gpio.o
 .debug_aranges
                0x00000538       0x58 ./emlib/em_rtc.o
 .debug_aranges
                0x00000590       0x28 ./emlib/em_system.o
 .debug_aranges
                0x000005b8       0x60 ./src/clock.o
 .debug_aranges
                0x00000618       0x68 ./src/clockApp_stk.o
 .debug_aranges
                0x00000680       0x60 ./src/low_power_tick_management.o
 .debug_aranges
                0x000006e0       0x38 ./src/main.o

.debug_loc      0x00000000     0x3908
 .debug_loc     0x00000000      0x31c ./CMSIS/EFM32GG/system_efm32gg.o
 .debug_loc     0x0000031c      0x1cc ./FreeRTOS/efm32g/list.o
 .debug_loc     0x000004e8      0x2d0 ./FreeRTOS/efm32g/port.o
 .debug_loc     0x000007b8      0xf74 ./FreeRTOS/efm32g/tasks.o
 .debug_loc     0x0000172c      0x434 ./emlib/em_burtc.o
 .debug_loc     0x00001b60      0xd00 ./emlib/em_cmu.o
 .debug_loc     0x00002860      0x3d0 ./emlib/em_gpio.o
 .debug_loc     0x00002c30      0x28c ./emlib/em_rtc.o
 .debug_loc     0x00002ebc       0xb8 ./emlib/em_system.o
 .debug_loc     0x00002f74      0x2b8 ./src/clock.o
 .debug_loc     0x0000322c      0x2b4 ./src/clockApp_stk.o
 .debug_loc     0x000034e0      0x2f4 ./src/low_power_tick_management.o
 .debug_loc     0x000037d4      0x134 ./src/main.o

.debug_ranges   0x00000000      0x628
 .debug_ranges  0x00000000       0x60 ./CMSIS/EFM32GG/system_efm32gg.o
 .debug_ranges  0x00000060       0x30 ./FreeRTOS/efm32g/list.o
 .debug_ranges  0x00000090       0x68 ./FreeRTOS/efm32g/port.o
 .debug_ranges  0x000000f8      0x190 ./FreeRTOS/efm32g/tasks.o
 .debug_ranges  0x00000288       0x70 ./emlib/em_burtc.o
 .debug_ranges  0x000002f8      0x150 ./emlib/em_cmu.o
 .debug_ranges  0x00000448       0x60 ./emlib/em_gpio.o
 .debug_ranges  0x000004a8       0x48 ./emlib/em_rtc.o
 .debug_ranges  0x000004f0       0x18 ./emlib/em_system.o
 .debug_ranges  0x00000508       0x50 ./src/clock.o
 .debug_ranges  0x00000558       0x58 ./src/clockApp_stk.o
 .debug_ranges  0x000005b0       0x50 ./src/low_power_tick_management.o
 .debug_ranges  0x00000600       0x28 ./src/main.o

.debug_str      0x00000000     0x2e1f
 .debug_str     0x00000000      0x443 ./CMSIS/EFM32GG/system_efm32gg.o
                                0x4c3 (size before relaxing)
 .debug_str     0x00000443      0x19d ./FreeRTOS/efm32g/list.o
                                0x31f (size before relaxing)
 .debug_str     0x000005e0      0x2a2 ./FreeRTOS/efm32g/port.o
                                0x442 (size before relaxing)
 .debug_str     0x00000882      0xad3 ./FreeRTOS/efm32g/tasks.o
                                0xdbd (size before relaxing)
 .debug_str     0x00001355      0x2ba ./emlib/em_burtc.o
                                0x4d4 (size before relaxing)
 .debug_str     0x0000160f      0xc63 ./emlib/em_cmu.o
                               0x101a (size before relaxing)
 .debug_str     0x00002272      0x406 ./emlib/em_gpio.o
                                0x5fa (size before relaxing)
 .debug_str     0x00002678       0x79 ./emlib/em_rtc.o
                                0x2e0 (size before relaxing)
 .debug_str     0x000026f1       0xf7 ./emlib/em_system.o
                                0x2de (size before relaxing)
 .debug_str     0x000027e8      0x142 ./src/clock.o
                                0x3c8 (size before relaxing)
 .debug_str     0x0000292a       0xf6 ./src/clockApp_stk.o
                                0x39a (size before relaxing)
 .debug_str     0x00002a20      0x35a ./src/low_power_tick_management.o
                                0x98a (size before relaxing)
 .debug_str     0x00002d7a       0xa5 ./src/main.o
                                0x876 (size before relaxing)

.debug_frame    0x00000000     0x1c8c
 .debug_frame   0x00000000      0x180 ./CMSIS/EFM32GG/system_efm32gg.o
 .debug_frame   0x00000180       0xd8 ./FreeRTOS/efm32g/list.o
 .debug_frame   0x00000258      0x184 ./FreeRTOS/efm32g/port.o
 .debug_frame   0x000003dc      0x704 ./FreeRTOS/efm32g/tasks.o
 .debug_frame   0x00000ae0      0x1f4 ./emlib/em_burtc.o
 .debug_frame   0x00000cd4      0x600 ./emlib/em_cmu.o
 .debug_frame   0x000012d4      0x1c0 ./emlib/em_gpio.o
 .debug_frame   0x00001494      0x138 ./emlib/em_rtc.o
 .debug_frame   0x000015cc       0x60 ./emlib/em_system.o
 .debug_frame   0x0000162c      0x14c ./src/clock.o
 .debug_frame   0x00001778      0x160 ./src/clockApp_stk.o
 .debug_frame   0x000018d8      0x164 ./src/low_power_tick_management.o
 .debug_frame   0x00001a3c       0xa0 ./src/main.o
 .debug_frame   0x00001adc       0x28 c:/siliconlabs/simplicitystudio/v4/developer/toolchains/gnu_arm/4.9_2015q3/bin/../lib/gcc/arm-none-eabi/4.9.3/../../../../arm-none-eabi/lib/armv7-m\libc_nano.a(lib_a-exit.o)
 .debug_frame   0x00001b04       0x2c c:/siliconlabs/simplicitystudio/v4/developer/toolchains/gnu_arm/4.9_2015q3/bin/../lib/gcc/arm-none-eabi/4.9.3/../../../../arm-none-eabi/lib/armv7-m\libc_nano.a(lib_a-init.o)
 .debug_frame   0x00001b30       0x20 c:/siliconlabs/simplicitystudio/v4/developer/toolchains/gnu_arm/4.9_2015q3/bin/../lib/gcc/arm-none-eabi/4.9.3/../../../../arm-none-eabi/lib/armv7-m\libc_nano.a(lib_a-memset.o)
 .debug_frame   0x00001b50      0x11c c:/siliconlabs/simplicitystudio/v4/developer/toolchains/gnu_arm/4.9_2015q3/bin/../lib/gcc/arm-none-eabi/4.9.3/../../../../arm-none-eabi/lib/armv7-m\libc_nano.a(lib_a-findfp.o)
 .debug_frame   0x00001c6c       0x20 c:/siliconlabs/simplicitystudio/v4/developer/toolchains/gnu_arm/4.9_2015q3/bin/../lib/gcc/arm-none-eabi/4.9.3/../../../../arm-none-eabi/lib/armv7-m\libnosys.a(_exit.o)

.stabstr        0x00000000       0xdf
 .stabstr       0x00000000       0xdf c:/siliconlabs/simplicitystudio/v4/developer/toolchains/gnu_arm/4.9_2015q3/bin/../lib/gcc/arm-none-eabi/4.9.3/../../../../arm-none-eabi/lib/armv7-m\libnosys.a(close.o)
