Archive member included because of file (symbol)

c:/siliconlabs/simplicitystudio/v4/developer/toolchains/gnu_arm/4.9_2015q3/bin/../lib/gcc/arm-none-eabi/4.9.3/armv7-m\libgcc.a(_aeabi_uldivmod.o)
                              ./emlib/em_usart.o (__aeabi_uldivmod)
c:/siliconlabs/simplicitystudio/v4/developer/toolchains/gnu_arm/4.9_2015q3/bin/../lib/gcc/arm-none-eabi/4.9.3/armv7-m\libgcc.a(bpabi.o)
                              c:/siliconlabs/simplicitystudio/v4/developer/toolchains/gnu_arm/4.9_2015q3/bin/../lib/gcc/arm-none-eabi/4.9.3/armv7-m\libgcc.a(_aeabi_uldivmod.o) (__gnu_uldivmod_helper)
c:/siliconlabs/simplicitystudio/v4/developer/toolchains/gnu_arm/4.9_2015q3/bin/../lib/gcc/arm-none-eabi/4.9.3/armv7-m\libgcc.a(_dvmd_tls.o)
                              c:/siliconlabs/simplicitystudio/v4/developer/toolchains/gnu_arm/4.9_2015q3/bin/../lib/gcc/arm-none-eabi/4.9.3/armv7-m\libgcc.a(_aeabi_uldivmod.o) (__aeabi_ldiv0)
c:/siliconlabs/simplicitystudio/v4/developer/toolchains/gnu_arm/4.9_2015q3/bin/../lib/gcc/arm-none-eabi/4.9.3/armv7-m\libgcc.a(_divdi3.o)
                              c:/siliconlabs/simplicitystudio/v4/developer/toolchains/gnu_arm/4.9_2015q3/bin/../lib/gcc/arm-none-eabi/4.9.3/armv7-m\libgcc.a(bpabi.o) (__divdi3)
c:/siliconlabs/simplicitystudio/v4/developer/toolchains/gnu_arm/4.9_2015q3/bin/../lib/gcc/arm-none-eabi/4.9.3/armv7-m\libgcc.a(_udivdi3.o)
                              c:/siliconlabs/simplicitystudio/v4/developer/toolchains/gnu_arm/4.9_2015q3/bin/../lib/gcc/arm-none-eabi/4.9.3/armv7-m\libgcc.a(bpabi.o) (__udivdi3)
c:/siliconlabs/simplicitystudio/v4/developer/toolchains/gnu_arm/4.9_2015q3/bin/../lib/gcc/arm-none-eabi/4.9.3/../../../../arm-none-eabi/lib/armv7-m\libc_nano.a(lib_a-exit.o)
                              c:/siliconlabs/simplicitystudio/v4/developer/toolchains/gnu_arm/4.9_2015q3/bin/../lib/gcc/arm-none-eabi/4.9.3/../../../../arm-none-eabi/lib/armv7-m/crt0.o (exit)
c:/siliconlabs/simplicitystudio/v4/developer/toolchains/gnu_arm/4.9_2015q3/bin/../lib/gcc/arm-none-eabi/4.9.3/../../../../arm-none-eabi/lib/armv7-m\libc_nano.a(lib_a-impure.o)
                              c:/siliconlabs/simplicitystudio/v4/developer/toolchains/gnu_arm/4.9_2015q3/bin/../lib/gcc/arm-none-eabi/4.9.3/../../../../arm-none-eabi/lib/armv7-m\libc_nano.a(lib_a-exit.o) (_global_impure_ptr)
c:/siliconlabs/simplicitystudio/v4/developer/toolchains/gnu_arm/4.9_2015q3/bin/../lib/gcc/arm-none-eabi/4.9.3/../../../../arm-none-eabi/lib/armv7-m\libc_nano.a(lib_a-init.o)
                              c:/siliconlabs/simplicitystudio/v4/developer/toolchains/gnu_arm/4.9_2015q3/bin/../lib/gcc/arm-none-eabi/4.9.3/../../../../arm-none-eabi/lib/armv7-m/crt0.o (__libc_init_array)
c:/siliconlabs/simplicitystudio/v4/developer/toolchains/gnu_arm/4.9_2015q3/bin/../lib/gcc/arm-none-eabi/4.9.3/../../../../arm-none-eabi/lib/armv7-m\libc_nano.a(lib_a-memcpy.o)
                              ./FreeRTOS/efm32g/queue.o (memcpy)
c:/siliconlabs/simplicitystudio/v4/developer/toolchains/gnu_arm/4.9_2015q3/bin/../lib/gcc/arm-none-eabi/4.9.3/../../../../arm-none-eabi/lib/armv7-m\libc_nano.a(lib_a-memset.o)
                              c:/siliconlabs/simplicitystudio/v4/developer/toolchains/gnu_arm/4.9_2015q3/bin/../lib/gcc/arm-none-eabi/4.9.3/../../../../arm-none-eabi/lib/armv7-m/crt0.o (memset)
c:/siliconlabs/simplicitystudio/v4/developer/toolchains/gnu_arm/4.9_2015q3/bin/../lib/gcc/arm-none-eabi/4.9.3/../../../../arm-none-eabi/lib/armv7-m\libnosys.a(_exit.o)
                              c:/siliconlabs/simplicitystudio/v4/developer/toolchains/gnu_arm/4.9_2015q3/bin/../lib/gcc/arm-none-eabi/4.9.3/../../../../arm-none-eabi/lib/armv7-m\libc_nano.a(lib_a-exit.o) (_exit)

Allocating common symbols
Common symbol       size              file

SystemCoreClock     0x4               ./CMSIS/EFM32GG/system_efm32gg.o
xQueueRegistry      0x50              ./FreeRTOS/efm32g/queue.o

Discarded input sections

 .text          0x00000000        0x0 c:/siliconlabs/simplicitystudio/v4/developer/toolchains/gnu_arm/4.9_2015q3/bin/../lib/gcc/arm-none-eabi/4.9.3/armv7-m/crti.o
 .data          0x00000000        0x0 c:/siliconlabs/simplicitystudio/v4/developer/toolchains/gnu_arm/4.9_2015q3/bin/../lib/gcc/arm-none-eabi/4.9.3/armv7-m/crti.o
 .bss           0x00000000        0x0 c:/siliconlabs/simplicitystudio/v4/developer/toolchains/gnu_arm/4.9_2015q3/bin/../lib/gcc/arm-none-eabi/4.9.3/armv7-m/crti.o
 .data          0x00000000        0x4 c:/siliconlabs/simplicitystudio/v4/developer/toolchains/gnu_arm/4.9_2015q3/bin/../lib/gcc/arm-none-eabi/4.9.3/armv7-m/crtbegin.o
 .data          0x00000000        0x0 c:/siliconlabs/simplicitystudio/v4/developer/toolchains/gnu_arm/4.9_2015q3/bin/../lib/gcc/arm-none-eabi/4.9.3/../../../../arm-none-eabi/lib/armv7-m/crt0.o
 .bss           0x00000000        0x0 c:/siliconlabs/simplicitystudio/v4/developer/toolchains/gnu_arm/4.9_2015q3/bin/../lib/gcc/arm-none-eabi/4.9.3/../../../../arm-none-eabi/lib/armv7-m/crt0.o
 .ARM.extab     0x00000000        0x0 c:/siliconlabs/simplicitystudio/v4/developer/toolchains/gnu_arm/4.9_2015q3/bin/../lib/gcc/arm-none-eabi/4.9.3/../../../../arm-none-eabi/lib/armv7-m/crt0.o
 .data          0x00000000        0x0 ./CMSIS/EFM32GG/startup_gcc_efm32gg.o
 .bss           0x00000000        0x0 ./CMSIS/EFM32GG/startup_gcc_efm32gg.o
 .text          0x00000000        0x0 ./CMSIS/EFM32GG/system_efm32gg.o
 .data          0x00000000        0x0 ./CMSIS/EFM32GG/system_efm32gg.o
 .bss           0x00000000        0x0 ./CMSIS/EFM32GG/system_efm32gg.o
 .text.SystemHFXOClockSet
                0x00000000       0x2c ./CMSIS/EFM32GG/system_efm32gg.o
 .text.SystemLFXOClockSet
                0x00000000       0x2c ./CMSIS/EFM32GG/system_efm32gg.o
 .text          0x00000000        0x0 ./Drivers/sleep.o
 .data          0x00000000        0x0 ./Drivers/sleep.o
 .bss           0x00000000        0x0 ./Drivers/sleep.o
 .text.EMU_EM2UnBlock
                0x00000000       0x14 ./Drivers/sleep.o
 .text.SLEEP_ForceSleepInEM4
                0x00000000       0x10 ./Drivers/sleep.o
 .text.SLEEP_SleepBlockEnd
                0x00000000       0x58 ./Drivers/sleep.o
 .text          0x00000000        0x0 ./FreeRTOS/efm32g/croutine.o
 .data          0x00000000        0x0 ./FreeRTOS/efm32g/croutine.o
 .bss           0x00000000        0x0 ./FreeRTOS/efm32g/croutine.o
 .debug_info    0x00000000       0x6e ./FreeRTOS/efm32g/croutine.o
 .debug_abbrev  0x00000000       0x24 ./FreeRTOS/efm32g/croutine.o
 .debug_aranges
                0x00000000       0x18 ./FreeRTOS/efm32g/croutine.o
 .debug_line    0x00000000       0x1d ./FreeRTOS/efm32g/croutine.o
 .debug_str     0x00000000      0x1d0 ./FreeRTOS/efm32g/croutine.o
 .comment       0x00000000       0x71 ./FreeRTOS/efm32g/croutine.o
 .ARM.attributes
                0x00000000       0x33 ./FreeRTOS/efm32g/croutine.o
 .text          0x00000000        0x0 ./FreeRTOS/efm32g/event_groups.o
 .data          0x00000000        0x0 ./FreeRTOS/efm32g/event_groups.o
 .bss           0x00000000        0x0 ./FreeRTOS/efm32g/event_groups.o
 .text.xEventGroupCreate
                0x00000000       0x30 ./FreeRTOS/efm32g/event_groups.o
 .text.xEventGroupSync
                0x00000000      0x100 ./FreeRTOS/efm32g/event_groups.o
 .text.xEventGroupWaitBits
                0x00000000      0x124 ./FreeRTOS/efm32g/event_groups.o
 .text.xEventGroupClearBits
                0x00000000       0x34 ./FreeRTOS/efm32g/event_groups.o
 .text.xEventGroupGetBitsFromISR
                0x00000000       0x48 ./FreeRTOS/efm32g/event_groups.o
 .text.xEventGroupSetBits
                0x00000000       0xdc ./FreeRTOS/efm32g/event_groups.o
 .text.vEventGroupDelete
                0x00000000       0x40 ./FreeRTOS/efm32g/event_groups.o
 .text.vEventGroupSetBitsCallback
                0x00000000       0x18 ./FreeRTOS/efm32g/event_groups.o
 .text.vEventGroupClearBitsCallback
                0x00000000       0x18 ./FreeRTOS/efm32g/event_groups.o
 .text.prvTestWaitCondition
                0x00000000       0x44 ./FreeRTOS/efm32g/event_groups.o
 .debug_info    0x00000000      0x6e0 ./FreeRTOS/efm32g/event_groups.o
 .debug_abbrev  0x00000000      0x1a7 ./FreeRTOS/efm32g/event_groups.o
 .debug_loc     0x00000000      0x338 ./FreeRTOS/efm32g/event_groups.o
 .debug_aranges
                0x00000000       0x68 ./FreeRTOS/efm32g/event_groups.o
 .debug_ranges  0x00000000       0x58 ./FreeRTOS/efm32g/event_groups.o
 .debug_line    0x00000000      0x3fc ./FreeRTOS/efm32g/event_groups.o
 .debug_str     0x00000000      0x591 ./FreeRTOS/efm32g/event_groups.o
 .comment       0x00000000       0x71 ./FreeRTOS/efm32g/event_groups.o
 .debug_frame   0x00000000      0x180 ./FreeRTOS/efm32g/event_groups.o
 .ARM.attributes
                0x00000000       0x33 ./FreeRTOS/efm32g/event_groups.o
 .text          0x00000000        0x0 ./FreeRTOS/efm32g/heap_1.o
 .data          0x00000000        0x0 ./FreeRTOS/efm32g/heap_1.o
 .bss           0x00000000        0x0 ./FreeRTOS/efm32g/heap_1.o
 .text.vPortInitialiseBlocks
                0x00000000       0x18 ./FreeRTOS/efm32g/heap_1.o
 .text.xPortGetFreeHeapSize
                0x00000000       0x1c ./FreeRTOS/efm32g/heap_1.o
 .text          0x00000000        0x0 ./FreeRTOS/efm32g/list.o
 .data          0x00000000        0x0 ./FreeRTOS/efm32g/list.o
 .bss           0x00000000        0x0 ./FreeRTOS/efm32g/list.o
 .text          0x00000000        0x0 ./FreeRTOS/efm32g/port.o
 .data          0x00000000        0x0 ./FreeRTOS/efm32g/port.o
 .bss           0x00000000        0x0 ./FreeRTOS/efm32g/port.o
 .rodata.pcInterruptPriorityRegisters
                0x00000000        0x4 ./FreeRTOS/efm32g/port.o
 .text.vPortEndScheduler
                0x00000000        0xc ./FreeRTOS/efm32g/port.o
 .text.vPortSetupTimerInterrupt
                0x00000000       0x20 ./FreeRTOS/efm32g/port.o
 .text          0x00000000        0x0 ./FreeRTOS/efm32g/queue.o
 .data          0x00000000        0x0 ./FreeRTOS/efm32g/queue.o
 .bss           0x00000000        0x0 ./FreeRTOS/efm32g/queue.o
 .text.prvInitialiseMutex
                0x00000000       0x34 ./FreeRTOS/efm32g/queue.o
 .text.xQueueCreateMutex
                0x00000000       0x30 ./FreeRTOS/efm32g/queue.o
 .text.xQueueGiveFromISR
                0x00000000       0xbc ./FreeRTOS/efm32g/queue.o
 .text.xQueueReceiveFromISR
                0x00000000       0xc0 ./FreeRTOS/efm32g/queue.o
 .text.xQueuePeekFromISR
                0x00000000       0x78 ./FreeRTOS/efm32g/queue.o
 .text.uxQueueMessagesWaiting
                0x00000000       0x20 ./FreeRTOS/efm32g/queue.o
 .text.uxQueueSpacesAvailable
                0x00000000       0x2c ./FreeRTOS/efm32g/queue.o
 .text.uxQueueMessagesWaitingFromISR
                0x00000000       0x1c ./FreeRTOS/efm32g/queue.o
 .text.vQueueDelete
                0x00000000       0x20 ./FreeRTOS/efm32g/queue.o
 .text.xQueueIsQueueEmptyFromISR
                0x00000000       0x28 ./FreeRTOS/efm32g/queue.o
 .text.xQueueIsQueueFullFromISR
                0x00000000       0x2c ./FreeRTOS/efm32g/queue.o
 .text.pcQueueGetName
                0x00000000       0x4c ./FreeRTOS/efm32g/queue.o
 .text.vQueueUnregisterQueue
                0x00000000       0x50 ./FreeRTOS/efm32g/queue.o
 .text          0x00000000        0x0 ./FreeRTOS/efm32g/tasks.o
 .data          0x00000000        0x0 ./FreeRTOS/efm32g/tasks.o
 .bss           0x00000000        0x0 ./FreeRTOS/efm32g/tasks.o
 .text.vTaskDelete
                0x00000000      0x104 ./FreeRTOS/efm32g/tasks.o
 .text.vTaskDelayUntil
                0x00000000       0xa8 ./FreeRTOS/efm32g/tasks.o
 .text.uxTaskPriorityGet
                0x00000000       0x34 ./FreeRTOS/efm32g/tasks.o
 .text.uxTaskPriorityGetFromISR
                0x00000000       0x58 ./FreeRTOS/efm32g/tasks.o
 .text.vTaskPrioritySet
                0x00000000      0x144 ./FreeRTOS/efm32g/tasks.o
 .text.vTaskSuspend
                0x00000000       0xf4 ./FreeRTOS/efm32g/tasks.o
 .text.prvTaskIsTaskSuspended
                0x00000000       0x5c ./FreeRTOS/efm32g/tasks.o
 .text.vTaskResume
                0x00000000       0xa0 ./FreeRTOS/efm32g/tasks.o
 .text.xTaskResumeFromISR
                0x00000000       0xc8 ./FreeRTOS/efm32g/tasks.o
 .text.vTaskEndScheduler
                0x00000000       0x2c ./FreeRTOS/efm32g/tasks.o
 .text.xTaskGetTickCountFromISR
                0x00000000       0x24 ./FreeRTOS/efm32g/tasks.o
 .text.uxTaskGetNumberOfTasks
                0x00000000       0x18 ./FreeRTOS/efm32g/tasks.o
 .text.pcTaskGetName
                0x00000000       0x2c ./FreeRTOS/efm32g/tasks.o
 .text.vTaskPlaceOnUnorderedEventList
                0x00000000       0x40 ./FreeRTOS/efm32g/tasks.o
 .text.xTaskRemoveFromUnorderedEventList
                0x00000000       0x9c ./FreeRTOS/efm32g/tasks.o
 .text.xTaskGetCurrentTaskHandle
                0x00000000       0x20 ./FreeRTOS/efm32g/tasks.o
 .text.uxTaskResetEventItemValue
                0x00000000       0x30 ./FreeRTOS/efm32g/tasks.o
 .text.ulTaskNotifyTake
                0x00000000       0x90 ./FreeRTOS/efm32g/tasks.o
 .text.xTaskNotifyWait
                0x00000000       0xb4 ./FreeRTOS/efm32g/tasks.o
 .text.xTaskGenericNotify
                0x00000000      0x110 ./FreeRTOS/efm32g/tasks.o
 .text.xTaskGenericNotifyFromISR
                0x00000000      0x158 ./FreeRTOS/efm32g/tasks.o
 .text.vTaskNotifyGiveFromISR
                0x00000000       0xec ./FreeRTOS/efm32g/tasks.o
 .text.xTaskNotifyStateClear
                0x00000000       0x4c ./FreeRTOS/efm32g/tasks.o
 .text          0x00000000        0x0 ./FreeRTOS/efm32g/timers.o
 .data          0x00000000        0x0 ./FreeRTOS/efm32g/timers.o
 .bss           0x00000000        0x0 ./FreeRTOS/efm32g/timers.o
 .text.xTimerCreate
                0x00000000       0x3c ./FreeRTOS/efm32g/timers.o
 .text.prvInitialiseNewTimer
                0x00000000       0x48 ./FreeRTOS/efm32g/timers.o
 .text.xTimerGetTimerDaemonTaskHandle
                0x00000000       0x18 ./FreeRTOS/efm32g/timers.o
 .text.xTimerGetPeriod
                0x00000000       0x1c ./FreeRTOS/efm32g/timers.o
 .text.xTimerGetExpiryTime
                0x00000000       0x20 ./FreeRTOS/efm32g/timers.o
 .text.pcTimerGetName
                0x00000000       0x1c ./FreeRTOS/efm32g/timers.o
 .text.xTimerIsTimerActive
                0x00000000       0x30 ./FreeRTOS/efm32g/timers.o
 .text.pvTimerGetTimerID
                0x00000000       0x24 ./FreeRTOS/efm32g/timers.o
 .text.vTimerSetTimerID
                0x00000000       0x24 ./FreeRTOS/efm32g/timers.o
 .text          0x00000000        0x0 ./emlib/em_assert.o
 .data          0x00000000        0x0 ./emlib/em_assert.o
 .bss           0x00000000        0x0 ./emlib/em_assert.o
 .debug_line    0x00000000        0x0 ./emlib/em_assert.o
 .debug_str     0x00000000      0x131 ./emlib/em_assert.o
 .comment       0x00000000       0x71 ./emlib/em_assert.o
 .ARM.attributes
                0x00000000       0x33 ./emlib/em_assert.o
 .text          0x00000000        0x0 ./emlib/em_cmu.o
 .data          0x00000000        0x0 ./emlib/em_cmu.o
 .bss           0x00000000        0x0 ./emlib/em_cmu.o
 .text.BUS_RegMaskedWrite
                0x00000000       0x28 ./emlib/em_cmu.o
 .text.CMU_Log2ToDiv
                0x00000000       0x1c ./emlib/em_cmu.o
 .text.CMU_AUXHFRCOBandGet
                0x00000000       0x20 ./emlib/em_cmu.o
 .text.CMU_AUXHFRCOBandSet
                0x00000000       0xb0 ./emlib/em_cmu.o
 .text.CMU_Calibrate
                0x00000000       0x88 ./emlib/em_cmu.o
 .text.CMU_CalibrateConfig
                0x00000000       0xd8 ./emlib/em_cmu.o
 .text.CMU_CalibrateCountGet
                0x00000000       0x38 ./emlib/em_cmu.o
 .text.CMU_ClockDivGet
                0x00000000      0x13c ./emlib/em_cmu.o
 .text.CMU_FreezeEnable
                0x00000000       0x38 ./emlib/em_cmu.o
 .text.CMU_HFRCOBandGet
                0x00000000       0x20 ./emlib/em_cmu.o
 .text.CMU_HFRCOBandSet
                0x00000000       0xe4 ./emlib/em_cmu.o
 .text.CMU_HFRCOStartupDelayGet
                0x00000000       0x1c ./emlib/em_cmu.o
 .text.CMU_HFRCOStartupDelaySet
                0x00000000       0x30 ./emlib/em_cmu.o
 .text.CMU_HFXOInit
                0x00000000       0x54 ./emlib/em_cmu.o
 .text.CMU_LCDClkFDIVGet
                0x00000000       0x10 ./emlib/em_cmu.o
 .text.CMU_LCDClkFDIVSet
                0x00000000       0x14 ./emlib/em_cmu.o
 .text.CMU_LFXOInit
                0x00000000       0x78 ./emlib/em_cmu.o
 .text.CMU_OscillatorTuningGet
                0x00000000       0x50 ./emlib/em_cmu.o
 .text.CMU_OscillatorTuningSet
                0x00000000       0x74 ./emlib/em_cmu.o
 .text.CMU_PCNTClockExternalGet
                0x00000000       0x60 ./emlib/em_cmu.o
 .text.CMU_PCNTClockExternalSet
                0x00000000       0x34 ./emlib/em_cmu.o
 .text          0x00000000        0x0 ./emlib/em_core.o
 .data          0x00000000        0x0 ./emlib/em_core.o
 .bss           0x00000000        0x0 ./emlib/em_core.o
 .text.NVIC_GetPriority
                0x00000000       0x50 ./emlib/em_core.o
 .text.CORE_CriticalDisableIrq
                0x00000000       0x10 ./emlib/em_core.o
 .text.CORE_CriticalEnableIrq
                0x00000000       0x10 ./emlib/em_core.o
 .text.CORE_EnterCritical
                0x00000000       0x20 ./emlib/em_core.o
 .text.CORE_ExitCritical
                0x00000000       0x1c ./emlib/em_core.o
 .text.CORE_YieldCritical
                0x00000000       0x24 ./emlib/em_core.o
 .text.CORE_AtomicDisableIrq
                0x00000000       0x10 ./emlib/em_core.o
 .text.CORE_AtomicEnableIrq
                0x00000000       0x10 ./emlib/em_core.o
 .text.CORE_YieldAtomic
                0x00000000       0x24 ./emlib/em_core.o
 .text.CORE_EnterNvicMask
                0x00000000       0x38 ./emlib/em_core.o
 .text.CORE_NvicDisableMask
                0x00000000       0x2c ./emlib/em_core.o
 .text.CORE_NvicEnableMask
                0x00000000       0x2c ./emlib/em_core.o
 .text.CORE_YieldNvicMask
                0x00000000       0x88 ./emlib/em_core.o
 .text.CORE_NvicMaskSetIRQ
                0x00000000       0x58 ./emlib/em_core.o
 .text.CORE_NvicMaskClearIRQ
                0x00000000       0x58 ./emlib/em_core.o
 .text.CORE_InIrqContext
                0x00000000       0x24 ./emlib/em_core.o
 .text.CORE_IrqIsBlocked
                0x00000000       0xac ./emlib/em_core.o
 .text.CORE_IrqIsDisabled
                0x00000000       0x28 ./emlib/em_core.o
 .text.CORE_GetNvicEnabledMask
                0x00000000       0x2c ./emlib/em_core.o
 .text.CORE_GetNvicMaskDisableState
                0x00000000       0x54 ./emlib/em_core.o
 .text.CORE_NvicIRQDisabled
                0x00000000       0x58 ./emlib/em_core.o
 .text.CORE_GetNvicRamTableHandler
                0x00000000       0x40 ./emlib/em_core.o
 .text.CORE_SetNvicRamTableHandler
                0x00000000       0x44 ./emlib/em_core.o
 .text.CORE_InitNvicVectorTable
                0x00000000       0xc8 ./emlib/em_core.o
 .text          0x00000000        0x0 ./emlib/em_emu.o
 .data          0x00000000        0x0 ./emlib/em_emu.o
 .bss           0x00000000        0x0 ./emlib/em_emu.o
 .text.BUS_RegBitWrite
                0x00000000       0x2c ./emlib/em_emu.o
 .text.EMU_BUPinEnable
                0x00000000       0x20 ./emlib/em_emu.o
 .text.EMU_MemPwrDown
                0x00000000       0x1c ./emlib/em_emu.o
 .text.EMU_EM23Init
                0x00000000       0x34 ./emlib/em_emu.o
 .text.EMU_EM4Init
                0x00000000       0x50 ./emlib/em_emu.o
 .text.EMU_BUPDInit
                0x00000000       0xd4 ./emlib/em_emu.o
 .text.EMU_BUThresholdSet
                0x00000000       0x4c ./emlib/em_emu.o
 .text.EMU_BUThresRangeSet
                0x00000000       0x50 ./emlib/em_emu.o
 .text          0x00000000        0x0 ./emlib/em_gpio.o
 .data          0x00000000        0x0 ./emlib/em_gpio.o
 .bss           0x00000000        0x0 ./emlib/em_gpio.o
 .text.BUS_RegBitWrite
                0x00000000       0x2c ./emlib/em_gpio.o
 .text.BUS_RegMaskedWrite
                0x00000000       0x28 ./emlib/em_gpio.o
 .text.GPIO_EM4SetPinRetention
                0x00000000       0x40 ./emlib/em_gpio.o
 .text.GPIO_PinOutClear
                0x00000000       0x58 ./emlib/em_gpio.o
 .text.GPIO_PinOutSet
                0x00000000       0x58 ./emlib/em_gpio.o
 .text.GPIO_DbgLocationSet
                0x00000000       0x2c ./emlib/em_gpio.o
 .text.GPIO_DriveModeSet
                0x00000000       0x70 ./emlib/em_gpio.o
 .text.GPIO_ExtIntConfig
                0x00000000       0xd0 ./emlib/em_gpio.o
 .text.GPIO_PinModeSet
                0x00000000      0x10c ./emlib/em_gpio.o
 .text.GPIO_PinModeGet
                0x00000000       0x8c ./emlib/em_gpio.o
 .text.GPIO_EM4EnablePinWakeup
                0x00000000       0x58 ./emlib/em_gpio.o
 .debug_info    0x00000000      0x65a ./emlib/em_gpio.o
 .debug_abbrev  0x00000000      0x1cd ./emlib/em_gpio.o
 .debug_loc     0x00000000      0x3d0 ./emlib/em_gpio.o
 .debug_aranges
                0x00000000       0x70 ./emlib/em_gpio.o
 .debug_ranges  0x00000000       0x60 ./emlib/em_gpio.o
 .debug_line    0x00000000      0x4a5 ./emlib/em_gpio.o
 .debug_str     0x00000000      0x5fa ./emlib/em_gpio.o
 .comment       0x00000000       0x71 ./emlib/em_gpio.o
 .debug_frame   0x00000000      0x1c0 ./emlib/em_gpio.o
 .ARM.attributes
                0x00000000       0x33 ./emlib/em_gpio.o
 .text          0x00000000        0x0 ./emlib/em_rmu.o
 .data          0x00000000        0x0 ./emlib/em_rmu.o
 .bss           0x00000000        0x0 ./emlib/em_rmu.o
 .text.SL_CTZ   0x00000000       0x28 ./emlib/em_rmu.o
 .text.RMU_ResetControl
                0x00000000       0x3c ./emlib/em_rmu.o
 .text          0x00000000        0x0 ./emlib/em_rtc.o
 .data          0x00000000        0x0 ./emlib/em_rtc.o
 .bss           0x00000000        0x0 ./emlib/em_rtc.o
 .text.RTC_FreezeEnable
                0x00000000       0x2c ./emlib/em_rtc.o
 .text.RTC_Reset
                0x00000000       0x34 ./emlib/em_rtc.o
 .text.RTC_CounterReset
                0x00000000       0x14 ./emlib/em_rtc.o
 .text          0x00000000        0x0 ./emlib/em_system.o
 .data          0x00000000        0x0 ./emlib/em_system.o
 .bss           0x00000000        0x0 ./emlib/em_system.o
 .text.SYSTEM_GetCalibrationValue
                0x00000000       0x5c ./emlib/em_system.o
 .text          0x00000000        0x0 ./emlib/em_usart.o
 .data          0x00000000        0x0 ./emlib/em_usart.o
 .bss           0x00000000        0x0 ./emlib/em_usart.o
 .text.BUS_RegMaskedWrite
                0x00000000       0x28 ./emlib/em_usart.o
 .text.USART_BaudrateCalc
                0x00000000      0x124 ./emlib/em_usart.o
 .text.USART_BaudrateGet
                0x00000000       0x50 ./emlib/em_usart.o
 .text.USART_BaudrateSyncSet
                0x00000000       0x74 ./emlib/em_usart.o
 .text.USART_Enable
                0x00000000       0x70 ./emlib/em_usart.o
 .text.USART_InitSync
                0x00000000       0xcc ./emlib/em_usart.o
 .text.USARTn_InitIrDA
                0x00000000       0x70 ./emlib/em_usart.o
 .text.USART_InitI2s
                0x00000000       0x94 ./emlib/em_usart.o
 .text.USART_Rx
                0x00000000       0x28 ./emlib/em_usart.o
 .text.USART_RxDouble
                0x00000000       0x28 ./emlib/em_usart.o
 .text.USART_RxDoubleExt
                0x00000000       0x28 ./emlib/em_usart.o
 .text.USART_RxExt
                0x00000000       0x28 ./emlib/em_usart.o
 .text.USART_SpiTransfer
                0x00000000       0x40 ./emlib/em_usart.o
 .text.USART_TxDouble
                0x00000000       0x2c ./emlib/em_usart.o
 .text.USART_TxDoubleExt
                0x00000000       0x28 ./emlib/em_usart.o
 .text.USART_TxExt
                0x00000000       0x2c ./emlib/em_usart.o
 .text          0x00000000        0x0 ./src/InitDevice.o
 .data          0x00000000        0x0 ./src/InitDevice.o
 .bss           0x00000000        0x0 ./src/InitDevice.o
 .text.HFXO_enter_DefaultMode_from_RESET
                0x00000000        0xc ./src/InitDevice.o
 .text.LFXO_enter_DefaultMode_from_RESET
                0x00000000        0xc ./src/InitDevice.o
 .text.ADC0_enter_DefaultMode_from_RESET
                0x00000000        0xc ./src/InitDevice.o
 .text.ACMP0_enter_DefaultMode_from_RESET
                0x00000000        0xc ./src/InitDevice.o
 .text.ACMP1_enter_DefaultMode_from_RESET
                0x00000000        0xc ./src/InitDevice.o
 .text.DAC0_enter_DefaultMode_from_RESET
                0x00000000        0xc ./src/InitDevice.o
 .text.BURTC_enter_DefaultMode_from_RESET
                0x00000000        0xc ./src/InitDevice.o
 .text.RTC_enter_DefaultMode_from_RESET
                0x00000000        0xc ./src/InitDevice.o
 .text.OPAMP0_enter_DefaultMode_from_RESET
                0x00000000        0xc ./src/InitDevice.o
 .text.OPAMP1_enter_DefaultMode_from_RESET
                0x00000000        0xc ./src/InitDevice.o
 .text.OPAMP2_enter_DefaultMode_from_RESET
                0x00000000        0xc ./src/InitDevice.o
 .text.USART0_enter_DefaultMode_from_RESET
                0x00000000        0xc ./src/InitDevice.o
 .text.USART1_enter_DefaultMode_from_RESET
                0x00000000        0xc ./src/InitDevice.o
 .text.USART2_enter_DefaultMode_from_RESET
                0x00000000        0xc ./src/InitDevice.o
 .text.UART0_enter_DefaultMode_from_RESET
                0x00000000        0xc ./src/InitDevice.o
 .text.LEUART0_enter_DefaultMode_from_RESET
                0x00000000        0xc ./src/InitDevice.o
 .text.LEUART1_enter_DefaultMode_from_RESET
                0x00000000        0xc ./src/InitDevice.o
 .text.VCMP_enter_DefaultMode_from_RESET
                0x00000000        0xc ./src/InitDevice.o
 .text.WDOG_enter_DefaultMode_from_RESET
                0x00000000        0xc ./src/InitDevice.o
 .text.I2C0_enter_DefaultMode_from_RESET
                0x00000000        0xc ./src/InitDevice.o
 .text.I2C1_enter_DefaultMode_from_RESET
                0x00000000        0xc ./src/InitDevice.o
 .text.TIMER0_enter_DefaultMode_from_RESET
                0x00000000        0xc ./src/InitDevice.o
 .text.TIMER1_enter_DefaultMode_from_RESET
                0x00000000        0xc ./src/InitDevice.o
 .text.TIMER2_enter_DefaultMode_from_RESET
                0x00000000        0xc ./src/InitDevice.o
 .text.TIMER3_enter_DefaultMode_from_RESET
                0x00000000        0xc ./src/InitDevice.o
 .text.LETIMER0_enter_DefaultMode_from_RESET
                0x00000000        0xc ./src/InitDevice.o
 .text.PCNT0_enter_DefaultMode_from_RESET
                0x00000000        0xc ./src/InitDevice.o
 .text.PCNT1_enter_DefaultMode_from_RESET
                0x00000000        0xc ./src/InitDevice.o
 .text.PCNT2_enter_DefaultMode_from_RESET
                0x00000000        0xc ./src/InitDevice.o
 .text.PRS_enter_DefaultMode_from_RESET
                0x00000000        0xc ./src/InitDevice.o
 .text.ETM_enter_DefaultMode_from_RESET
                0x00000000        0xc ./src/InitDevice.o
 .text.EBI_enter_DefaultMode_from_RESET
                0x00000000        0xc ./src/InitDevice.o
 .text          0x00000000        0x0 ./src/low_power_tick_management.o
 .data          0x00000000        0x0 ./src/low_power_tick_management.o
 .bss           0x00000000        0x0 ./src/low_power_tick_management.o
 .rodata.ulReloadValueForOneTick
                0x00000000        0x4 ./src/low_power_tick_management.o
 .text          0x00000000        0x0 ./src/main.o
 .data          0x00000000        0x0 ./src/main.o
 .bss           0x00000000        0x0 ./src/main.o
 .text          0x00000000       0x30 c:/siliconlabs/simplicitystudio/v4/developer/toolchains/gnu_arm/4.9_2015q3/bin/../lib/gcc/arm-none-eabi/4.9.3/armv7-m\libgcc.a(_aeabi_uldivmod.o)
 .data          0x00000000        0x0 c:/siliconlabs/simplicitystudio/v4/developer/toolchains/gnu_arm/4.9_2015q3/bin/../lib/gcc/arm-none-eabi/4.9.3/armv7-m\libgcc.a(_aeabi_uldivmod.o)
 .bss           0x00000000        0x0 c:/siliconlabs/simplicitystudio/v4/developer/toolchains/gnu_arm/4.9_2015q3/bin/../lib/gcc/arm-none-eabi/4.9.3/armv7-m\libgcc.a(_aeabi_uldivmod.o)
 .debug_frame   0x00000000       0x28 c:/siliconlabs/simplicitystudio/v4/developer/toolchains/gnu_arm/4.9_2015q3/bin/../lib/gcc/arm-none-eabi/4.9.3/armv7-m\libgcc.a(_aeabi_uldivmod.o)
 .ARM.attributes
                0x00000000       0x1d c:/siliconlabs/simplicitystudio/v4/developer/toolchains/gnu_arm/4.9_2015q3/bin/../lib/gcc/arm-none-eabi/4.9.3/armv7-m\libgcc.a(_aeabi_uldivmod.o)
 .text          0x00000000       0x60 c:/siliconlabs/simplicitystudio/v4/developer/toolchains/gnu_arm/4.9_2015q3/bin/../lib/gcc/arm-none-eabi/4.9.3/armv7-m\libgcc.a(bpabi.o)
 .data          0x00000000        0x0 c:/siliconlabs/simplicitystudio/v4/developer/toolchains/gnu_arm/4.9_2015q3/bin/../lib/gcc/arm-none-eabi/4.9.3/armv7-m\libgcc.a(bpabi.o)
 .bss           0x00000000        0x0 c:/siliconlabs/simplicitystudio/v4/developer/toolchains/gnu_arm/4.9_2015q3/bin/../lib/gcc/arm-none-eabi/4.9.3/armv7-m\libgcc.a(bpabi.o)
 .debug_frame   0x00000000       0x54 c:/siliconlabs/simplicitystudio/v4/developer/toolchains/gnu_arm/4.9_2015q3/bin/../lib/gcc/arm-none-eabi/4.9.3/armv7-m\libgcc.a(bpabi.o)
 .ARM.attributes
                0x00000000       0x2d c:/siliconlabs/simplicitystudio/v4/developer/toolchains/gnu_arm/4.9_2015q3/bin/../lib/gcc/arm-none-eabi/4.9.3/armv7-m\libgcc.a(bpabi.o)
 .text          0x00000000        0x4 c:/siliconlabs/simplicitystudio/v4/developer/toolchains/gnu_arm/4.9_2015q3/bin/../lib/gcc/arm-none-eabi/4.9.3/armv7-m\libgcc.a(_dvmd_tls.o)
 .data          0x00000000        0x0 c:/siliconlabs/simplicitystudio/v4/developer/toolchains/gnu_arm/4.9_2015q3/bin/../lib/gcc/arm-none-eabi/4.9.3/armv7-m\libgcc.a(_dvmd_tls.o)
 .bss           0x00000000        0x0 c:/siliconlabs/simplicitystudio/v4/developer/toolchains/gnu_arm/4.9_2015q3/bin/../lib/gcc/arm-none-eabi/4.9.3/armv7-m\libgcc.a(_dvmd_tls.o)
 .ARM.attributes
                0x00000000       0x1d c:/siliconlabs/simplicitystudio/v4/developer/toolchains/gnu_arm/4.9_2015q3/bin/../lib/gcc/arm-none-eabi/4.9.3/armv7-m\libgcc.a(_dvmd_tls.o)
 .text          0x00000000      0x2ac c:/siliconlabs/simplicitystudio/v4/developer/toolchains/gnu_arm/4.9_2015q3/bin/../lib/gcc/arm-none-eabi/4.9.3/armv7-m\libgcc.a(_divdi3.o)
 .data          0x00000000        0x0 c:/siliconlabs/simplicitystudio/v4/developer/toolchains/gnu_arm/4.9_2015q3/bin/../lib/gcc/arm-none-eabi/4.9.3/armv7-m\libgcc.a(_divdi3.o)
 .bss           0x00000000        0x0 c:/siliconlabs/simplicitystudio/v4/developer/toolchains/gnu_arm/4.9_2015q3/bin/../lib/gcc/arm-none-eabi/4.9.3/armv7-m\libgcc.a(_divdi3.o)
 .ARM.extab     0x00000000        0x0 c:/siliconlabs/simplicitystudio/v4/developer/toolchains/gnu_arm/4.9_2015q3/bin/../lib/gcc/arm-none-eabi/4.9.3/armv7-m\libgcc.a(_divdi3.o)
 .ARM.exidx     0x00000000        0x8 c:/siliconlabs/simplicitystudio/v4/developer/toolchains/gnu_arm/4.9_2015q3/bin/../lib/gcc/arm-none-eabi/4.9.3/armv7-m\libgcc.a(_divdi3.o)
 .debug_frame   0x00000000       0x34 c:/siliconlabs/simplicitystudio/v4/developer/toolchains/gnu_arm/4.9_2015q3/bin/../lib/gcc/arm-none-eabi/4.9.3/armv7-m\libgcc.a(_divdi3.o)
 .ARM.attributes
                0x00000000       0x2d c:/siliconlabs/simplicitystudio/v4/developer/toolchains/gnu_arm/4.9_2015q3/bin/../lib/gcc/arm-none-eabi/4.9.3/armv7-m\libgcc.a(_divdi3.o)
 .text          0x00000000      0x270 c:/siliconlabs/simplicitystudio/v4/developer/toolchains/gnu_arm/4.9_2015q3/bin/../lib/gcc/arm-none-eabi/4.9.3/armv7-m\libgcc.a(_udivdi3.o)
 .data          0x00000000        0x0 c:/siliconlabs/simplicitystudio/v4/developer/toolchains/gnu_arm/4.9_2015q3/bin/../lib/gcc/arm-none-eabi/4.9.3/armv7-m\libgcc.a(_udivdi3.o)
 .bss           0x00000000        0x0 c:/siliconlabs/simplicitystudio/v4/developer/toolchains/gnu_arm/4.9_2015q3/bin/../lib/gcc/arm-none-eabi/4.9.3/armv7-m\libgcc.a(_udivdi3.o)
 .ARM.extab     0x00000000        0x0 c:/siliconlabs/simplicitystudio/v4/developer/toolchains/gnu_arm/4.9_2015q3/bin/../lib/gcc/arm-none-eabi/4.9.3/armv7-m\libgcc.a(_udivdi3.o)
 .ARM.exidx     0x00000000        0x8 c:/siliconlabs/simplicitystudio/v4/developer/toolchains/gnu_arm/4.9_2015q3/bin/../lib/gcc/arm-none-eabi/4.9.3/armv7-m\libgcc.a(_udivdi3.o)
 .debug_frame   0x00000000       0x34 c:/siliconlabs/simplicitystudio/v4/developer/toolchains/gnu_arm/4.9_2015q3/bin/../lib/gcc/arm-none-eabi/4.9.3/armv7-m\libgcc.a(_udivdi3.o)
 .ARM.attributes
                0x00000000       0x2d c:/siliconlabs/simplicitystudio/v4/developer/toolchains/gnu_arm/4.9_2015q3/bin/../lib/gcc/arm-none-eabi/4.9.3/armv7-m\libgcc.a(_udivdi3.o)
 .text          0x00000000        0x0 c:/siliconlabs/simplicitystudio/v4/developer/toolchains/gnu_arm/4.9_2015q3/bin/../lib/gcc/arm-none-eabi/4.9.3/../../../../arm-none-eabi/lib/armv7-m\libc_nano.a(lib_a-exit.o)
 .data          0x00000000        0x0 c:/siliconlabs/simplicitystudio/v4/developer/toolchains/gnu_arm/4.9_2015q3/bin/../lib/gcc/arm-none-eabi/4.9.3/../../../../arm-none-eabi/lib/armv7-m\libc_nano.a(lib_a-exit.o)
 .bss           0x00000000        0x0 c:/siliconlabs/simplicitystudio/v4/developer/toolchains/gnu_arm/4.9_2015q3/bin/../lib/gcc/arm-none-eabi/4.9.3/../../../../arm-none-eabi/lib/armv7-m\libc_nano.a(lib_a-exit.o)
 .text          0x00000000        0x0 c:/siliconlabs/simplicitystudio/v4/developer/toolchains/gnu_arm/4.9_2015q3/bin/../lib/gcc/arm-none-eabi/4.9.3/../../../../arm-none-eabi/lib/armv7-m\libc_nano.a(lib_a-impure.o)
 .data          0x00000000        0x0 c:/siliconlabs/simplicitystudio/v4/developer/toolchains/gnu_arm/4.9_2015q3/bin/../lib/gcc/arm-none-eabi/4.9.3/../../../../arm-none-eabi/lib/armv7-m\libc_nano.a(lib_a-impure.o)
 .bss           0x00000000        0x0 c:/siliconlabs/simplicitystudio/v4/developer/toolchains/gnu_arm/4.9_2015q3/bin/../lib/gcc/arm-none-eabi/4.9.3/../../../../arm-none-eabi/lib/armv7-m\libc_nano.a(lib_a-impure.o)
 .data._impure_ptr
                0x00000000        0x4 c:/siliconlabs/simplicitystudio/v4/developer/toolchains/gnu_arm/4.9_2015q3/bin/../lib/gcc/arm-none-eabi/4.9.3/../../../../arm-none-eabi/lib/armv7-m\libc_nano.a(lib_a-impure.o)
 .text          0x00000000        0x0 c:/siliconlabs/simplicitystudio/v4/developer/toolchains/gnu_arm/4.9_2015q3/bin/../lib/gcc/arm-none-eabi/4.9.3/../../../../arm-none-eabi/lib/armv7-m\libc_nano.a(lib_a-init.o)
 .data          0x00000000        0x0 c:/siliconlabs/simplicitystudio/v4/developer/toolchains/gnu_arm/4.9_2015q3/bin/../lib/gcc/arm-none-eabi/4.9.3/../../../../arm-none-eabi/lib/armv7-m\libc_nano.a(lib_a-init.o)
 .bss           0x00000000        0x0 c:/siliconlabs/simplicitystudio/v4/developer/toolchains/gnu_arm/4.9_2015q3/bin/../lib/gcc/arm-none-eabi/4.9.3/../../../../arm-none-eabi/lib/armv7-m\libc_nano.a(lib_a-init.o)
 .text          0x00000000        0x0 c:/siliconlabs/simplicitystudio/v4/developer/toolchains/gnu_arm/4.9_2015q3/bin/../lib/gcc/arm-none-eabi/4.9.3/../../../../arm-none-eabi/lib/armv7-m\libc_nano.a(lib_a-memcpy.o)
 .data          0x00000000        0x0 c:/siliconlabs/simplicitystudio/v4/developer/toolchains/gnu_arm/4.9_2015q3/bin/../lib/gcc/arm-none-eabi/4.9.3/../../../../arm-none-eabi/lib/armv7-m\libc_nano.a(lib_a-memcpy.o)
 .bss           0x00000000        0x0 c:/siliconlabs/simplicitystudio/v4/developer/toolchains/gnu_arm/4.9_2015q3/bin/../lib/gcc/arm-none-eabi/4.9.3/../../../../arm-none-eabi/lib/armv7-m\libc_nano.a(lib_a-memcpy.o)
 .text          0x00000000        0x0 c:/siliconlabs/simplicitystudio/v4/developer/toolchains/gnu_arm/4.9_2015q3/bin/../lib/gcc/arm-none-eabi/4.9.3/../../../../arm-none-eabi/lib/armv7-m\libc_nano.a(lib_a-memset.o)
 .data          0x00000000        0x0 c:/siliconlabs/simplicitystudio/v4/developer/toolchains/gnu_arm/4.9_2015q3/bin/../lib/gcc/arm-none-eabi/4.9.3/../../../../arm-none-eabi/lib/armv7-m\libc_nano.a(lib_a-memset.o)
 .bss           0x00000000        0x0 c:/siliconlabs/simplicitystudio/v4/developer/toolchains/gnu_arm/4.9_2015q3/bin/../lib/gcc/arm-none-eabi/4.9.3/../../../../arm-none-eabi/lib/armv7-m\libc_nano.a(lib_a-memset.o)
 .text          0x00000000        0x0 c:/siliconlabs/simplicitystudio/v4/developer/toolchains/gnu_arm/4.9_2015q3/bin/../lib/gcc/arm-none-eabi/4.9.3/../../../../arm-none-eabi/lib/armv7-m\libnosys.a(_exit.o)
 .data          0x00000000        0x0 c:/siliconlabs/simplicitystudio/v4/developer/toolchains/gnu_arm/4.9_2015q3/bin/../lib/gcc/arm-none-eabi/4.9.3/../../../../arm-none-eabi/lib/armv7-m\libnosys.a(_exit.o)
 .bss           0x00000000        0x0 c:/siliconlabs/simplicitystudio/v4/developer/toolchains/gnu_arm/4.9_2015q3/bin/../lib/gcc/arm-none-eabi/4.9.3/../../../../arm-none-eabi/lib/armv7-m\libnosys.a(_exit.o)
 .text          0x00000000        0x0 c:/siliconlabs/simplicitystudio/v4/developer/toolchains/gnu_arm/4.9_2015q3/bin/../lib/gcc/arm-none-eabi/4.9.3/armv7-m/crtend.o
 .data          0x00000000        0x0 c:/siliconlabs/simplicitystudio/v4/developer/toolchains/gnu_arm/4.9_2015q3/bin/../lib/gcc/arm-none-eabi/4.9.3/armv7-m/crtend.o
 .bss           0x00000000        0x0 c:/siliconlabs/simplicitystudio/v4/developer/toolchains/gnu_arm/4.9_2015q3/bin/../lib/gcc/arm-none-eabi/4.9.3/armv7-m/crtend.o
 .text          0x00000000        0x0 c:/siliconlabs/simplicitystudio/v4/developer/toolchains/gnu_arm/4.9_2015q3/bin/../lib/gcc/arm-none-eabi/4.9.3/armv7-m/crtn.o
 .data          0x00000000        0x0 c:/siliconlabs/simplicitystudio/v4/developer/toolchains/gnu_arm/4.9_2015q3/bin/../lib/gcc/arm-none-eabi/4.9.3/armv7-m/crtn.o
 .bss           0x00000000        0x0 c:/siliconlabs/simplicitystudio/v4/developer/toolchains/gnu_arm/4.9_2015q3/bin/../lib/gcc/arm-none-eabi/4.9.3/armv7-m/crtn.o

Memory Configuration

Name             Origin             Length             Attributes
FLASH            0x00000000         0x00100000         xr
RAM              0x20000000         0x00020000         xrw
*default*        0x00000000         0xffffffff

Linker script and memory map

LOAD c:/siliconlabs/simplicitystudio/v4/developer/toolchains/gnu_arm/4.9_2015q3/bin/../lib/gcc/arm-none-eabi/4.9.3/armv7-m/crti.o
LOAD c:/siliconlabs/simplicitystudio/v4/developer/toolchains/gnu_arm/4.9_2015q3/bin/../lib/gcc/arm-none-eabi/4.9.3/armv7-m/crtbegin.o
LOAD c:/siliconlabs/simplicitystudio/v4/developer/toolchains/gnu_arm/4.9_2015q3/bin/../lib/gcc/arm-none-eabi/4.9.3/../../../../arm-none-eabi/lib/armv7-m/crt0.o
LOAD ./CMSIS/EFM32GG/startup_gcc_efm32gg.o
LOAD ./CMSIS/EFM32GG/system_efm32gg.o
LOAD ./Drivers/sleep.o
LOAD ./FreeRTOS/efm32g/croutine.o
LOAD ./FreeRTOS/efm32g/event_groups.o
LOAD ./FreeRTOS/efm32g/heap_1.o
LOAD ./FreeRTOS/efm32g/list.o
LOAD ./FreeRTOS/efm32g/port.o
LOAD ./FreeRTOS/efm32g/queue.o
LOAD ./FreeRTOS/efm32g/tasks.o
LOAD ./FreeRTOS/efm32g/timers.o
LOAD ./emlib/em_assert.o
LOAD ./emlib/em_cmu.o
LOAD ./emlib/em_core.o
LOAD ./emlib/em_emu.o
LOAD ./emlib/em_gpio.o
LOAD ./emlib/em_rmu.o
LOAD ./emlib/em_rtc.o
LOAD ./emlib/em_system.o
LOAD ./emlib/em_usart.o
LOAD ./src/InitDevice.o
LOAD ./src/low_power_tick_management.o
LOAD ./src/main.o
START GROUP
LOAD c:/siliconlabs/simplicitystudio/v4/developer/toolchains/gnu_arm/4.9_2015q3/bin/../lib/gcc/arm-none-eabi/4.9.3/armv7-m\libgcc.a
LOAD c:/siliconlabs/simplicitystudio/v4/developer/toolchains/gnu_arm/4.9_2015q3/bin/../lib/gcc/arm-none-eabi/4.9.3/../../../../arm-none-eabi/lib/armv7-m\libc_nano.a
LOAD c:/siliconlabs/simplicitystudio/v4/developer/toolchains/gnu_arm/4.9_2015q3/bin/../lib/gcc/arm-none-eabi/4.9.3/../../../../arm-none-eabi/lib/armv7-m\libnosys.a
END GROUP
START GROUP
LOAD c:/siliconlabs/simplicitystudio/v4/developer/toolchains/gnu_arm/4.9_2015q3/bin/../lib/gcc/arm-none-eabi/4.9.3/armv7-m\libgcc.a
LOAD c:/siliconlabs/simplicitystudio/v4/developer/toolchains/gnu_arm/4.9_2015q3/bin/../lib/gcc/arm-none-eabi/4.9.3/../../../../arm-none-eabi/lib/armv7-m\libg_nano.a
LOAD c:/siliconlabs/simplicitystudio/v4/developer/toolchains/gnu_arm/4.9_2015q3/bin/../lib/gcc/arm-none-eabi/4.9.3/../../../../arm-none-eabi/lib/armv7-m\libc_nano.a
END GROUP
START GROUP
LOAD c:/siliconlabs/simplicitystudio/v4/developer/toolchains/gnu_arm/4.9_2015q3/bin/../lib/gcc/arm-none-eabi/4.9.3/armv7-m\libgcc.a
LOAD c:/siliconlabs/simplicitystudio/v4/developer/toolchains/gnu_arm/4.9_2015q3/bin/../lib/gcc/arm-none-eabi/4.9.3/../../../../arm-none-eabi/lib/armv7-m\libc_nano.a
END GROUP
LOAD c:/siliconlabs/simplicitystudio/v4/developer/toolchains/gnu_arm/4.9_2015q3/bin/../lib/gcc/arm-none-eabi/4.9.3/armv7-m/crtend.o
LOAD c:/siliconlabs/simplicitystudio/v4/developer/toolchains/gnu_arm/4.9_2015q3/bin/../lib/gcc/arm-none-eabi/4.9.3/armv7-m/crtn.o

.text           0x00000000     0x40b4
 *(.vectors)
 .vectors       0x00000000       0xdc ./CMSIS/EFM32GG/startup_gcc_efm32gg.o
                0x00000000                __Vectors
                0x000000dc                __Vectors_End = .
                0x000000dc                __Vectors_Size = (__Vectors_End - __Vectors)
                0x000000dc                __end__ = .
 *(.text*)
 .text          0x000000dc       0x5c c:/siliconlabs/simplicitystudio/v4/developer/toolchains/gnu_arm/4.9_2015q3/bin/../lib/gcc/arm-none-eabi/4.9.3/armv7-m/crtbegin.o
 .text          0x00000138       0x74 c:/siliconlabs/simplicitystudio/v4/developer/toolchains/gnu_arm/4.9_2015q3/bin/../lib/gcc/arm-none-eabi/4.9.3/../../../../arm-none-eabi/lib/armv7-m/crt0.o
                0x00000138                _start
                0x00000138                _mainCRTStartup
 .text          0x000001ac       0x30 ./CMSIS/EFM32GG/startup_gcc_efm32gg.o
                0x000001ac                Reset_Handler
                0x000001d8                DebugMon_Handler
                0x000001d8                USART0_TX_IRQHandler
                0x000001d8                I2C0_IRQHandler
                0x000001d8                HardFault_Handler
                0x000001d8                LEUART1_IRQHandler
                0x000001d8                USART1_RX_IRQHandler
                0x000001d8                NMI_Handler
                0x000001d8                I2C1_IRQHandler
                0x000001d8                TIMER3_IRQHandler
                0x000001d8                USART1_TX_IRQHandler
                0x000001d8                MSC_IRQHandler
                0x000001d8                ADC0_IRQHandler
                0x000001d8                UsageFault_Handler
                0x000001d8                LEUART0_IRQHandler
                0x000001d8                GPIO_EVEN_IRQHandler
                0x000001d8                UART0_TX_IRQHandler
                0x000001d8                UART1_TX_IRQHandler
                0x000001d8                TIMER0_IRQHandler
                0x000001d8                TIMER2_IRQHandler
                0x000001d8                LCD_IRQHandler
                0x000001d8                PCNT2_IRQHandler
                0x000001d8                UART0_RX_IRQHandler
                0x000001d8                LETIMER0_IRQHandler
                0x000001d8                TIMER1_IRQHandler
                0x000001d8                USART2_RX_IRQHandler
                0x000001d8                Default_Handler
                0x000001d8                EMU_IRQHandler
                0x000001d8                PCNT0_IRQHandler
                0x000001d8                USB_IRQHandler
                0x000001d8                BURTC_IRQHandler
                0x000001d8                PCNT1_IRQHandler
                0x000001d8                ACMP0_IRQHandler
                0x000001d8                USART0_RX_IRQHandler
                0x000001d8                MemManage_Handler
                0x000001d8                DAC0_IRQHandler
                0x000001d8                UART1_RX_IRQHandler
                0x000001d8                CMU_IRQHandler
                0x000001d8                EBI_IRQHandler
                0x000001d8                LESENSE_IRQHandler
                0x000001d8                GPIO_ODD_IRQHandler
                0x000001d8                AES_IRQHandler
                0x000001d8                VCMP_IRQHandler
                0x000001d8                DMA_IRQHandler
                0x000001d8                BusFault_Handler
                0x000001d8                USART2_TX_IRQHandler
 .text.GetProdRev
                0x000001dc       0x1c ./CMSIS/EFM32GG/system_efm32gg.o
 .text.SystemCoreClockGet
                0x000001f8       0x34 ./CMSIS/EFM32GG/system_efm32gg.o
                0x000001f8                SystemCoreClockGet
 .text.SystemMaxCoreClockGet
                0x0000022c       0x14 ./CMSIS/EFM32GG/system_efm32gg.o
                0x0000022c                SystemMaxCoreClockGet
 .text.SystemHFClockGet
                0x00000240      0x100 ./CMSIS/EFM32GG/system_efm32gg.o
                0x00000240                SystemHFClockGet
 .text.SystemHFXOClockGet
                0x00000340       0x18 ./CMSIS/EFM32GG/system_efm32gg.o
                0x00000340                SystemHFXOClockGet
 .text.SystemInit
                0x00000358        0xc ./CMSIS/EFM32GG/system_efm32gg.o
                0x00000358                SystemInit
 .text.SystemLFRCOClockGet
                0x00000364       0x14 ./CMSIS/EFM32GG/system_efm32gg.o
                0x00000364                SystemLFRCOClockGet
 .text.SystemULFRCOClockGet
                0x00000378       0x14 ./CMSIS/EFM32GG/system_efm32gg.o
                0x00000378                SystemULFRCOClockGet
 .text.SystemLFXOClockGet
                0x0000038c       0x18 ./CMSIS/EFM32GG/system_efm32gg.o
                0x0000038c                SystemLFXOClockGet
 .text.BUS_RegBitWrite
                0x000003a4       0x2c ./Drivers/sleep.o
 .text.EMU_EnterEM1
                0x000003d0       0x20 ./Drivers/sleep.o
 .text.EMU_EM2Block
                0x000003f0       0x14 ./Drivers/sleep.o
 .text.SLEEP_Init
                0x00000404       0x58 ./Drivers/sleep.o
                0x00000404                SLEEP_Init
 .text.SLEEP_Sleep
                0x0000045c       0x40 ./Drivers/sleep.o
                0x0000045c                SLEEP_Sleep
 .text.SLEEP_SleepBlockBegin
                0x0000049c       0x48 ./Drivers/sleep.o
                0x0000049c                SLEEP_SleepBlockBegin
 .text.SLEEP_LowestEnergyModeGet
                0x000004e4       0x40 ./Drivers/sleep.o
                0x000004e4                SLEEP_LowestEnergyModeGet
 .text.enterEMx
                0x00000524       0x88 ./Drivers/sleep.o
 .text.pvPortMalloc
                0x000005ac       0x8c ./FreeRTOS/efm32g/heap_1.o
                0x000005ac                pvPortMalloc
 .text.vPortFree
                0x00000638       0x14 ./FreeRTOS/efm32g/heap_1.o
                0x00000638                vPortFree
 .text.vListInitialise
                0x0000064c       0x40 ./FreeRTOS/efm32g/list.o
                0x0000064c                vListInitialise
 .text.vListInitialiseItem
                0x0000068c       0x18 ./FreeRTOS/efm32g/list.o
                0x0000068c                vListInitialiseItem
 .text.vListInsertEnd
                0x000006a4       0x48 ./FreeRTOS/efm32g/list.o
                0x000006a4                vListInsertEnd
 .text.vListInsert
                0x000006ec       0x70 ./FreeRTOS/efm32g/list.o
                0x000006ec                vListInsert
 .text.uxListRemove
                0x0000075c       0x54 ./FreeRTOS/efm32g/list.o
                0x0000075c                uxListRemove
 .text.pxPortInitialiseStack
                0x000007b0       0x5c ./FreeRTOS/efm32g/port.o
                0x000007b0                pxPortInitialiseStack
 .text.prvTaskExitError
                0x0000080c       0x1c ./FreeRTOS/efm32g/port.o
 *fill*         0x00000828        0x8 
 .text.SVC_Handler
                0x00000830       0x24 ./FreeRTOS/efm32g/port.o
                0x00000830                SVC_Handler
 .text.prvPortStartFirstTask
                0x00000854       0x20 ./FreeRTOS/efm32g/port.o
 .text.xPortStartScheduler
                0x00000874       0xbc ./FreeRTOS/efm32g/port.o
                0x00000874                xPortStartScheduler
 .text.vPortEnterCritical
                0x00000930       0x40 ./FreeRTOS/efm32g/port.o
                0x00000930                vPortEnterCritical
 .text.vPortExitCritical
                0x00000970       0x30 ./FreeRTOS/efm32g/port.o
                0x00000970                vPortExitCritical
 .text.PendSV_Handler
                0x000009a0       0x44 ./FreeRTOS/efm32g/port.o
                0x000009a0                PendSV_Handler
 .text.SysTick_Handler
                0x000009e4       0x40 ./FreeRTOS/efm32g/port.o
                0x000009e4                SysTick_Handler
 .text.vPortValidateInterruptPriority
                0x00000a24       0x34 ./FreeRTOS/efm32g/port.o
                0x00000a24                vPortValidateInterruptPriority
 .text.xQueueGenericReset
                0x00000a58       0xb4 ./FreeRTOS/efm32g/queue.o
                0x00000a58                xQueueGenericReset
 .text.xQueueGenericCreate
                0x00000b0c       0x58 ./FreeRTOS/efm32g/queue.o
                0x00000b0c                xQueueGenericCreate
 .text.prvInitialiseNewQueue
                0x00000b64       0x3c ./FreeRTOS/efm32g/queue.o
 .text.xQueueGenericSend
                0x00000ba0      0x18c ./FreeRTOS/efm32g/queue.o
                0x00000ba0                xQueueGenericSend
 .text.xQueueGenericSendFromISR
                0x00000d2c       0xd8 ./FreeRTOS/efm32g/queue.o
                0x00000d2c                xQueueGenericSendFromISR
 .text.xQueueGenericReceive
                0x00000e04      0x1d8 ./FreeRTOS/efm32g/queue.o
                0x00000e04                xQueueGenericReceive
 .text.prvCopyDataToQueue
                0x00000fdc       0xd8 ./FreeRTOS/efm32g/queue.o
 .text.prvCopyDataFromQueue
                0x000010b4       0x4c ./FreeRTOS/efm32g/queue.o
 .text.prvUnlockQueue
                0x00001100       0xa4 ./FreeRTOS/efm32g/queue.o
 .text.prvIsQueueEmpty
                0x000011a4       0x2c ./FreeRTOS/efm32g/queue.o
 .text.prvIsQueueFull
                0x000011d0       0x30 ./FreeRTOS/efm32g/queue.o
 .text.vQueueAddToRegistry
                0x00001200       0x50 ./FreeRTOS/efm32g/queue.o
                0x00001200                vQueueAddToRegistry
 .text.vQueueWaitForMessageRestricted
                0x00001250       0x6c ./FreeRTOS/efm32g/queue.o
                0x00001250                vQueueWaitForMessageRestricted
 .text.xTaskCreate
                0x000012bc       0x84 ./FreeRTOS/efm32g/tasks.o
                0x000012bc                xTaskCreate
 .text.prvInitialiseNewTask
                0x00001340       0xdc ./FreeRTOS/efm32g/tasks.o
 .text.prvAddNewTaskToReadyList
                0x0000141c       0xd8 ./FreeRTOS/efm32g/tasks.o
 .text.vTaskDelay
                0x000014f4       0x4c ./FreeRTOS/efm32g/tasks.o
                0x000014f4                vTaskDelay
 .text.vTaskStartScheduler
                0x00001540       0x78 ./FreeRTOS/efm32g/tasks.o
                0x00001540                vTaskStartScheduler
 .text.vTaskSuspendAll
                0x000015b8       0x1c ./FreeRTOS/efm32g/tasks.o
                0x000015b8                vTaskSuspendAll
 .text.xTaskResumeAll
                0x000015d4      0x124 ./FreeRTOS/efm32g/tasks.o
                0x000015d4                xTaskResumeAll
 .text.xTaskGetTickCount
                0x000016f8       0x20 ./FreeRTOS/efm32g/tasks.o
                0x000016f8                xTaskGetTickCount
 .text.xTaskIncrementTick
                0x00001718      0x164 ./FreeRTOS/efm32g/tasks.o
                0x00001718                xTaskIncrementTick
 .text.vTaskSwitchContext
                0x0000187c       0x94 ./FreeRTOS/efm32g/tasks.o
                0x0000187c                vTaskSwitchContext
 .text.vTaskPlaceOnEventList
                0x00001910       0x2c ./FreeRTOS/efm32g/tasks.o
                0x00001910                vTaskPlaceOnEventList
 .text.vTaskPlaceOnEventListRestricted
                0x0000193c       0x38 ./FreeRTOS/efm32g/tasks.o
                0x0000193c                vTaskPlaceOnEventListRestricted
 .text.xTaskRemoveFromEventList
                0x00001974       0xac ./FreeRTOS/efm32g/tasks.o
                0x00001974                xTaskRemoveFromEventList
 .text.vTaskSetTimeOutState
                0x00001a20       0x2c ./FreeRTOS/efm32g/tasks.o
                0x00001a20                vTaskSetTimeOutState
 .text.xTaskCheckForTimeOut
                0x00001a4c       0x88 ./FreeRTOS/efm32g/tasks.o
                0x00001a4c                xTaskCheckForTimeOut
 .text.vTaskMissedYield
                0x00001ad4       0x18 ./FreeRTOS/efm32g/tasks.o
                0x00001ad4                vTaskMissedYield
 .text.prvIdleTask
                0x00001aec       0x14 ./FreeRTOS/efm32g/tasks.o
 .text.prvInitialiseTaskLists
                0x00001b00       0x7c ./FreeRTOS/efm32g/tasks.o
 .text.prvCheckTasksWaitingTermination
                0x00001b7c       0x74 ./FreeRTOS/efm32g/tasks.o
 .text.prvDeleteTCB
                0x00001bf0       0x20 ./FreeRTOS/efm32g/tasks.o
 .text.prvResetNextTaskUnblockTime
                0x00001c10       0x48 ./FreeRTOS/efm32g/tasks.o
 .text.xTaskGetSchedulerState
                0x00001c58       0x3c ./FreeRTOS/efm32g/tasks.o
                0x00001c58                xTaskGetSchedulerState
 .text.vTaskPriorityInherit
                0x00001c94       0xf0 ./FreeRTOS/efm32g/tasks.o
                0x00001c94                vTaskPriorityInherit
 .text.xTaskPriorityDisinherit
                0x00001d84       0xd4 ./FreeRTOS/efm32g/tasks.o
                0x00001d84                xTaskPriorityDisinherit
 .text.pvTaskIncrementMutexHeldCount
                0x00001e58       0x28 ./FreeRTOS/efm32g/tasks.o
                0x00001e58                pvTaskIncrementMutexHeldCount
 .text.prvAddCurrentTaskToDelayedList
                0x00001e80       0xc8 ./FreeRTOS/efm32g/tasks.o
 .text.xTimerCreateTimerTask
                0x00001f48       0x48 ./FreeRTOS/efm32g/timers.o
                0x00001f48                xTimerCreateTimerTask
 .text.xTimerGenericCommand
                0x00001f90       0x8c ./FreeRTOS/efm32g/timers.o
                0x00001f90                xTimerGenericCommand
 .text.prvProcessExpiredTimer
                0x0000201c       0x64 ./FreeRTOS/efm32g/timers.o
 .text.prvTimerTask
                0x00002080       0x24 ./FreeRTOS/efm32g/timers.o
 .text.prvProcessTimerOrBlockTask
                0x000020a4       0x9c ./FreeRTOS/efm32g/timers.o
 .text.prvGetNextExpireTime
                0x00002140       0x48 ./FreeRTOS/efm32g/timers.o
 .text.prvSampleTimeNow
                0x00002188       0x40 ./FreeRTOS/efm32g/timers.o
 .text.prvInsertTimerInActiveList
                0x000021c8       0x84 ./FreeRTOS/efm32g/timers.o
 .text.prvProcessReceivedCommands
                0x0000224c       0xf4 ./FreeRTOS/efm32g/timers.o
 .text.prvSwitchTimerLists
                0x00002340       0xa4 ./FreeRTOS/efm32g/timers.o
 .text.prvCheckForValidListAndQueue
                0x000023e4       0x6c ./FreeRTOS/efm32g/timers.o
 .text.BUS_RegBitWrite
                0x00002450       0x2c ./emlib/em_cmu.o
 .text.BUS_RegBitRead
                0x0000247c       0x2c ./emlib/em_cmu.o
 .text.CMU_DivToLog2
                0x000024a8       0x34 ./emlib/em_cmu.o
 .text.SYSTEM_GetProdRev
                0x000024dc       0x1c ./emlib/em_cmu.o
 .text.SYSTEM_GetFamily
                0x000024f8       0x20 ./emlib/em_cmu.o
 .text.maxFreqHfle
                0x00002518       0x78 ./emlib/em_cmu.o
 .text.setHfLeConfig
                0x00002590       0x3c ./emlib/em_cmu.o
 .text.getHfLeConfig
                0x000025cc       0x2c ./emlib/em_cmu.o
 .text.auxClkGet
                0x000025f8       0xb0 ./emlib/em_cmu.o
 .text.dbgClkGet
                0x000026a8       0x40 ./emlib/em_cmu.o
 .text.flashWaitStateControl
                0x000026e8       0xb8 ./emlib/em_cmu.o
 .text.flashWaitStateMax
                0x000027a0       0x14 ./emlib/em_cmu.o
 .text.lfClkGet
                0x000027b4       0xec ./emlib/em_cmu.o
 .text.syncReg  0x000028a0       0x34 ./emlib/em_cmu.o
 .text.CMU_ClockDivSet
                0x000028d4      0x1e4 ./emlib/em_cmu.o
                0x000028d4                CMU_ClockDivSet
 .text.CMU_ClockEnable
                0x00002ab8       0xd8 ./emlib/em_cmu.o
                0x00002ab8                CMU_ClockEnable
 .text.CMU_ClockFreqGet
                0x00002b90      0x160 ./emlib/em_cmu.o
                0x00002b90                CMU_ClockFreqGet
 .text.CMU_ClockSelectGet
                0x00002cf0      0x124 ./emlib/em_cmu.o
                0x00002cf0                CMU_ClockSelectGet
 .text.CMU_ClockSelectSet
                0x00002e14      0x24c ./emlib/em_cmu.o
                0x00002e14                CMU_ClockSelectSet
 .text.CMU_OscillatorEnable
                0x00003060       0xc0 ./emlib/em_cmu.o
                0x00003060                CMU_OscillatorEnable
 .text.CORE_EnterAtomic
                0x00003120       0x20 ./emlib/em_core.o
                0x00003120                CORE_EnterAtomic
 .text.CORE_ExitAtomic
                0x00003140       0x1c ./emlib/em_core.o
                0x00003140                CORE_ExitAtomic
 .text.SystemCoreClockUpdate
                0x0000315c        0xc ./emlib/em_emu.o
 .text.EMU_Unlock
                0x00003168       0x18 ./emlib/em_emu.o
 .text.CMU_Lock
                0x00003180       0x18 ./emlib/em_emu.o
 .text.CMU_Unlock
                0x00003198       0x1c ./emlib/em_emu.o
 .text.emuRestore
                0x000031b4       0xf0 ./emlib/em_emu.o
 .text.getErrataFixEmuE107En
                0x000032a4       0x64 ./emlib/em_emu.o
 .text.EMU_EnterEM2
                0x00003308       0x9c ./emlib/em_emu.o
                0x00003308                EMU_EnterEM2
 .text.EMU_EnterEM3
                0x000033a4       0xbc ./emlib/em_emu.o
                0x000033a4                EMU_EnterEM3
 .text.EMU_EnterEM4
                0x00003460       0x50 ./emlib/em_emu.o
                0x00003460                EMU_EnterEM4
 .text.EMU_UpdateOscConfig
                0x000034b0       0x1c ./emlib/em_emu.o
                0x000034b0                EMU_UpdateOscConfig
 .text.BUS_RegBitWrite
                0x000034cc       0x2c ./emlib/em_rmu.o
 .text.EMU_Lock
                0x000034f8       0x18 ./emlib/em_rmu.o
 .text.EMU_Unlock
                0x00003510       0x18 ./emlib/em_rmu.o
 .text.RMU_ResetCauseClear
                0x00003528       0x50 ./emlib/em_rmu.o
                0x00003528                RMU_ResetCauseClear
 .text.RMU_ResetCauseGet
                0x00003578       0x6c ./emlib/em_rmu.o
                0x00003578                RMU_ResetCauseGet
 .text.BUS_RegBitWrite
                0x000035e4       0x2c ./emlib/em_rtc.o
 .text.RTC_CompareGet
                0x00003610       0x3c ./emlib/em_rtc.o
                0x00003610                RTC_CompareGet
 .text.RTC_CompareSet
                0x0000364c       0x4c ./emlib/em_rtc.o
                0x0000364c                RTC_CompareSet
 .text.RTC_Enable
                0x00003698       0x20 ./emlib/em_rtc.o
                0x00003698                RTC_Enable
 .text.RTC_Init
                0x000036b8       0x50 ./emlib/em_rtc.o
                0x000036b8                RTC_Init
 .text.SYSTEM_ChipRevisionGet
                0x00003708       0x74 ./emlib/em_system.o
                0x00003708                SYSTEM_ChipRevisionGet
 .text.USART_BaudrateAsyncSet
                0x0000377c       0xb0 ./emlib/em_usart.o
                0x0000377c                USART_BaudrateAsyncSet
 .text.USART_InitAsync
                0x0000382c       0xb4 ./emlib/em_usart.o
                0x0000382c                USART_InitAsync
 .text.USART_InitPrsTrigger
                0x000038e0       0x60 ./emlib/em_usart.o
                0x000038e0                USART_InitPrsTrigger
 .text.USART_Reset
                0x00003940       0xb0 ./emlib/em_usart.o
                0x00003940                USART_Reset
 .text.USART_Tx
                0x000039f0       0x2c ./emlib/em_usart.o
                0x000039f0                USART_Tx
 .text.enter_DefaultMode_from_RESET
                0x00003a1c       0x14 ./src/InitDevice.o
                0x00003a1c                enter_DefaultMode_from_RESET
 .text.CMU_enter_DefaultMode_from_RESET
                0x00003a30       0x34 ./src/InitDevice.o
                0x00003a30                CMU_enter_DefaultMode_from_RESET
 .text.UART1_enter_DefaultMode_from_RESET
                0x00003a64       0x80 ./src/InitDevice.o
                0x00003a64                UART1_enter_DefaultMode_from_RESET
 .text.PORTIO_enter_DefaultMode_from_RESET
                0x00003ae4       0x84 ./src/InitDevice.o
                0x00003ae4                PORTIO_enter_DefaultMode_from_RESET
 .text.NVIC_EnableIRQ
                0x00003b68       0x30 ./src/low_power_tick_management.o
 .text.NVIC_ClearPendingIRQ
                0x00003b98       0x34 ./src/low_power_tick_management.o
 .text.NVIC_SetPriority
                0x00003bcc       0x54 ./src/low_power_tick_management.o
 .text.RTC_IntClear
                0x00003c20       0x1c ./src/low_power_tick_management.o
 .text.RTC_IntDisable
                0x00003c3c       0x24 ./src/low_power_tick_management.o
 .text.RTC_IntEnable
                0x00003c60       0x24 ./src/low_power_tick_management.o
 .text.vApplicationIdleHook
                0x00003c84        0xc ./src/low_power_tick_management.o
                0x00003c84                vApplicationIdleHook
 .text.RTC_IRQHandler
                0x00003c90       0x78 ./src/low_power_tick_management.o
                0x00003c90                RTC_IRQHandler
 .text.vPortSetupTimerInterrupt
                0x00003d08       0x84 ./src/low_power_tick_management.o
                0x00003d08                vPortSetupTimerInterrupt
 .text.GPIO_PortOutSetVal
                0x00003d8c       0x70 ./src/main.o
 .text.CHIP_Init
                0x00003dfc       0x40 ./src/main.o
 .text.LedBlink
                0x00003e3c       0x44 ./src/main.o
 .text.println  0x00003e80       0x58 ./src/main.o
                0x00003e80                println
 .text.main     0x00003ed8       0x50 ./src/main.o
                0x00003ed8                main
 .text.exit     0x00003f28       0x28 c:/siliconlabs/simplicitystudio/v4/developer/toolchains/gnu_arm/4.9_2015q3/bin/../lib/gcc/arm-none-eabi/4.9.3/../../../../arm-none-eabi/lib/armv7-m\libc_nano.a(lib_a-exit.o)
                0x00003f28                exit
 .text.__libc_init_array
                0x00003f50       0x4c c:/siliconlabs/simplicitystudio/v4/developer/toolchains/gnu_arm/4.9_2015q3/bin/../lib/gcc/arm-none-eabi/4.9.3/../../../../arm-none-eabi/lib/armv7-m\libc_nano.a(lib_a-init.o)
                0x00003f50                __libc_init_array
 .text.memcpy   0x00003f9c       0x16 c:/siliconlabs/simplicitystudio/v4/developer/toolchains/gnu_arm/4.9_2015q3/bin/../lib/gcc/arm-none-eabi/4.9.3/../../../../arm-none-eabi/lib/armv7-m\libc_nano.a(lib_a-memcpy.o)
                0x00003f9c                memcpy
 .text.memset   0x00003fb2       0x10 c:/siliconlabs/simplicitystudio/v4/developer/toolchains/gnu_arm/4.9_2015q3/bin/../lib/gcc/arm-none-eabi/4.9.3/../../../../arm-none-eabi/lib/armv7-m\libc_nano.a(lib_a-memset.o)
                0x00003fb2                memset
 *fill*         0x00003fc2        0x2 
 .text._exit    0x00003fc4        0x4 c:/siliconlabs/simplicitystudio/v4/developer/toolchains/gnu_arm/4.9_2015q3/bin/../lib/gcc/arm-none-eabi/4.9.3/../../../../arm-none-eabi/lib/armv7-m\libnosys.a(_exit.o)
                0x00003fc4                _exit
 *(.init)
 .init          0x00003fc8        0x4 c:/siliconlabs/simplicitystudio/v4/developer/toolchains/gnu_arm/4.9_2015q3/bin/../lib/gcc/arm-none-eabi/4.9.3/armv7-m/crti.o
                0x00003fc8                _init
 .init          0x00003fcc        0x8 c:/siliconlabs/simplicitystudio/v4/developer/toolchains/gnu_arm/4.9_2015q3/bin/../lib/gcc/arm-none-eabi/4.9.3/armv7-m/crtn.o
 *(.fini)
 .fini          0x00003fd4        0x4 c:/siliconlabs/simplicitystudio/v4/developer/toolchains/gnu_arm/4.9_2015q3/bin/../lib/gcc/arm-none-eabi/4.9.3/armv7-m/crti.o
                0x00003fd4                _fini
 .fini          0x00003fd8        0x8 c:/siliconlabs/simplicitystudio/v4/developer/toolchains/gnu_arm/4.9_2015q3/bin/../lib/gcc/arm-none-eabi/4.9.3/armv7-m/crtn.o
 *crtbegin.o(.ctors)
 *crtbegin?.o(.ctors)
 *(EXCLUDE_FILE(*crtend.o *crtend?.o) .ctors)
 *(SORT(.ctors.*))
 *(.ctors)
 *crtbegin.o(.dtors)
 *crtbegin?.o(.dtors)
 *(EXCLUDE_FILE(*crtend.o *crtend?.o) .dtors)
 *(SORT(.dtors.*))
 *(.dtors)
 *(.rodata*)
 .rodata        0x00003fe0        0x5 ./FreeRTOS/efm32g/tasks.o
 *fill*         0x00003fe5        0x3 
 .rodata        0x00003fe8        0xd ./FreeRTOS/efm32g/timers.o
 *fill*         0x00003ff5        0x3 
 .rodata.resetCauseMasks
                0x00003ff8       0x80 ./emlib/em_rmu.o
 .rodata        0x00004078       0x18 ./src/InitDevice.o
 .rodata        0x00004090       0x1a ./src/main.o
 .rodata.str1.1
                0x000040aa        0x2 c:/siliconlabs/simplicitystudio/v4/developer/toolchains/gnu_arm/4.9_2015q3/bin/../lib/gcc/arm-none-eabi/4.9.3/../../../../arm-none-eabi/lib/armv7-m\libc_nano.a(lib_a-impure.o)
 .rodata._global_impure_ptr
                0x000040ac        0x4 c:/siliconlabs/simplicitystudio/v4/developer/toolchains/gnu_arm/4.9_2015q3/bin/../lib/gcc/arm-none-eabi/4.9.3/../../../../arm-none-eabi/lib/armv7-m\libc_nano.a(lib_a-impure.o)
                0x000040ac                _global_impure_ptr
 *(.eh_frame*)
 .eh_frame      0x000040b0        0x0 c:/siliconlabs/simplicitystudio/v4/developer/toolchains/gnu_arm/4.9_2015q3/bin/../lib/gcc/arm-none-eabi/4.9.3/armv7-m/crtbegin.o
 .eh_frame      0x000040b0        0x4 c:/siliconlabs/simplicitystudio/v4/developer/toolchains/gnu_arm/4.9_2015q3/bin/../lib/gcc/arm-none-eabi/4.9.3/armv7-m/crtend.o

.glue_7         0x000040b4        0x0
 .glue_7        0x00000000        0x0 linker stubs

.glue_7t        0x000040b4        0x0
 .glue_7t       0x00000000        0x0 linker stubs

.vfp11_veneer   0x000040b4        0x0
 .vfp11_veneer  0x00000000        0x0 linker stubs

.v4_bx          0x000040b4        0x0
 .v4_bx         0x00000000        0x0 linker stubs

.iplt           0x000040b4        0x0
 .iplt          0x00000000        0x0 c:/siliconlabs/simplicitystudio/v4/developer/toolchains/gnu_arm/4.9_2015q3/bin/../lib/gcc/arm-none-eabi/4.9.3/armv7-m/crtbegin.o

.ARM.extab
 *(.ARM.extab* .gnu.linkonce.armextab.*)
                0x000040b4                __exidx_start = .

.ARM.exidx      0x000040b4        0x8
 *(.ARM.exidx* .gnu.linkonce.armexidx.*)
 .ARM.exidx     0x000040b4        0x8 c:/siliconlabs/simplicitystudio/v4/developer/toolchains/gnu_arm/4.9_2015q3/bin/../lib/gcc/arm-none-eabi/4.9.3/../../../../arm-none-eabi/lib/armv7-m/crt0.o
                0x000040bc                __exidx_end = .
                0x000040bc                __etext = .

.rel.dyn        0x000040bc        0x0
 .rel.iplt      0x00000000        0x0 c:/siliconlabs/simplicitystudio/v4/developer/toolchains/gnu_arm/4.9_2015q3/bin/../lib/gcc/arm-none-eabi/4.9.3/armv7-m/crtbegin.o

.data           0x20000000       0x78 load address 0x000040bc
                0x20000000                __data_start__ = .
 *(vtable)
 *(.data*)
 .data.SystemHFXOClock
                0x20000000        0x4 ./CMSIS/EFM32GG/system_efm32gg.o
 .data.SystemLFXOClock
                0x20000004        0x4 ./CMSIS/EFM32GG/system_efm32gg.o
 .data.uxCriticalNesting
                0x20000008        0x4 ./FreeRTOS/efm32g/port.o
 .data.impure_data
                0x2000000c       0x60 c:/siliconlabs/simplicitystudio/v4/developer/toolchains/gnu_arm/4.9_2015q3/bin/../lib/gcc/arm-none-eabi/4.9.3/../../../../arm-none-eabi/lib/armv7-m\libc_nano.a(lib_a-impure.o)
                0x2000006c                . = ALIGN (0x4)
 *(.ram)
                0x2000006c                . = ALIGN (0x4)
                0x2000006c                PROVIDE (__preinit_array_start, .)
 *(.preinit_array)
                0x2000006c                PROVIDE (__preinit_array_end, .)
                0x2000006c                . = ALIGN (0x4)
                0x2000006c                PROVIDE (__init_array_start, .)
 *(SORT(.init_array.*))
 *(.init_array)
 .init_array    0x2000006c        0x4 c:/siliconlabs/simplicitystudio/v4/developer/toolchains/gnu_arm/4.9_2015q3/bin/../lib/gcc/arm-none-eabi/4.9.3/armv7-m/crtbegin.o
                0x20000070                PROVIDE (__init_array_end, .)
                0x20000070                . = ALIGN (0x4)
                0x20000070                PROVIDE (__fini_array_start, .)
 *(SORT(.fini_array.*))
 *(.fini_array)
 .fini_array    0x20000070        0x4 c:/siliconlabs/simplicitystudio/v4/developer/toolchains/gnu_arm/4.9_2015q3/bin/../lib/gcc/arm-none-eabi/4.9.3/armv7-m/crtbegin.o
                0x20000074                PROVIDE (__fini_array_end, .)
 *(.jcr*)
 .jcr           0x20000074        0x0 c:/siliconlabs/simplicitystudio/v4/developer/toolchains/gnu_arm/4.9_2015q3/bin/../lib/gcc/arm-none-eabi/4.9.3/armv7-m/crtbegin.o
 .jcr           0x20000074        0x4 c:/siliconlabs/simplicitystudio/v4/developer/toolchains/gnu_arm/4.9_2015q3/bin/../lib/gcc/arm-none-eabi/4.9.3/armv7-m/crtend.o
                0x20000078                . = ALIGN (0x4)
                0x20000078                __data_end__ = .

.igot.plt       0x20000078        0x0 load address 0x00004134
 .igot.plt      0x00000000        0x0 c:/siliconlabs/simplicitystudio/v4/developer/toolchains/gnu_arm/4.9_2015q3/bin/../lib/gcc/arm-none-eabi/4.9.3/armv7-m/crtbegin.o

.bss            0x20000078     0x24d0 load address 0x00004134
                0x20000078                . = ALIGN (0x4)
                0x20000078                __bss_start__ = .
 *(.bss*)
 .bss           0x20000078       0x1c c:/siliconlabs/simplicitystudio/v4/developer/toolchains/gnu_arm/4.9_2015q3/bin/../lib/gcc/arm-none-eabi/4.9.3/armv7-m/crtbegin.o
 .bss.sleepCallback
                0x20000094        0x4 ./Drivers/sleep.o
 .bss.wakeUpCallback
                0x20000098        0x4 ./Drivers/sleep.o
 .bss.sleepBlockCnt
                0x2000009c        0x2 ./Drivers/sleep.o
 *fill*         0x2000009e        0x2 
 .bss.ucHeap    0x200000a0     0x2328 ./FreeRTOS/efm32g/heap_1.o
 .bss.xNextFreeByte
                0x200023c8        0x4 ./FreeRTOS/efm32g/heap_1.o
 .bss.pucAlignedHeap.4385
                0x200023cc        0x4 ./FreeRTOS/efm32g/heap_1.o
 .bss.ucMaxSysCallPriority
                0x200023d0        0x1 ./FreeRTOS/efm32g/port.o
 *fill*         0x200023d1        0x3 
 .bss.ulMaxPRIGROUPValue
                0x200023d4        0x4 ./FreeRTOS/efm32g/port.o
 .bss.pxCurrentTCB
                0x200023d8        0x4 ./FreeRTOS/efm32g/tasks.o
                0x200023d8                pxCurrentTCB
 .bss.pxReadyTasksLists
                0x200023dc       0x3c ./FreeRTOS/efm32g/tasks.o
 .bss.xDelayedTaskList1
                0x20002418       0x14 ./FreeRTOS/efm32g/tasks.o
 .bss.xDelayedTaskList2
                0x2000242c       0x14 ./FreeRTOS/efm32g/tasks.o
 .bss.pxDelayedTaskList
                0x20002440        0x4 ./FreeRTOS/efm32g/tasks.o
 .bss.pxOverflowDelayedTaskList
                0x20002444        0x4 ./FreeRTOS/efm32g/tasks.o
 .bss.xPendingReadyList
                0x20002448       0x14 ./FreeRTOS/efm32g/tasks.o
 .bss.xTasksWaitingTermination
                0x2000245c       0x14 ./FreeRTOS/efm32g/tasks.o
 .bss.uxDeletedTasksWaitingCleanUp
                0x20002470        0x4 ./FreeRTOS/efm32g/tasks.o
 .bss.xSuspendedTaskList
                0x20002474       0x14 ./FreeRTOS/efm32g/tasks.o
 .bss.uxCurrentNumberOfTasks
                0x20002488        0x4 ./FreeRTOS/efm32g/tasks.o
 .bss.xTickCount
                0x2000248c        0x4 ./FreeRTOS/efm32g/tasks.o
 .bss.uxTopReadyPriority
                0x20002490        0x4 ./FreeRTOS/efm32g/tasks.o
 .bss.xSchedulerRunning
                0x20002494        0x4 ./FreeRTOS/efm32g/tasks.o
 .bss.uxPendedTicks
                0x20002498        0x4 ./FreeRTOS/efm32g/tasks.o
 .bss.xYieldPending
                0x2000249c        0x4 ./FreeRTOS/efm32g/tasks.o
 .bss.xNumOfOverflows
                0x200024a0        0x4 ./FreeRTOS/efm32g/tasks.o
 .bss.uxTaskNumber
                0x200024a4        0x4 ./FreeRTOS/efm32g/tasks.o
 .bss.xNextTaskUnblockTime
                0x200024a8        0x4 ./FreeRTOS/efm32g/tasks.o
 .bss.xIdleTaskHandle
                0x200024ac        0x4 ./FreeRTOS/efm32g/tasks.o
 .bss.uxSchedulerSuspended
                0x200024b0        0x4 ./FreeRTOS/efm32g/tasks.o
 .bss.xActiveTimerList1
                0x200024b4       0x14 ./FreeRTOS/efm32g/timers.o
 .bss.xActiveTimerList2
                0x200024c8       0x14 ./FreeRTOS/efm32g/timers.o
 .bss.pxCurrentTimerList
                0x200024dc        0x4 ./FreeRTOS/efm32g/timers.o
 .bss.pxOverflowTimerList
                0x200024e0        0x4 ./FreeRTOS/efm32g/timers.o
 .bss.xTimerQueue
                0x200024e4        0x4 ./FreeRTOS/efm32g/timers.o
 .bss.xTimerTaskHandle
                0x200024e8        0x4 ./FreeRTOS/efm32g/timers.o
 .bss.xLastTime.4668
                0x200024ec        0x4 ./FreeRTOS/efm32g/timers.o
 .bss.cmuStatus
                0x200024f0        0x4 ./emlib/em_emu.o
 *(COMMON)
 COMMON         0x200024f4        0x4 ./CMSIS/EFM32GG/system_efm32gg.o
                0x200024f4                SystemCoreClock
 COMMON         0x200024f8       0x50 ./FreeRTOS/efm32g/queue.o
                0x200024f8                xQueueRegistry
                0x20002548                . = ALIGN (0x4)
                0x20002548                __bss_end__ = .

.heap           0x20002548      0xc00
                0x20002548                __HeapBase = .
                0x20002548                __end__ = .
                0x20002548                end = __end__
                0x20002548                _end = __end__
 *(.heap*)
 .heap          0x20002548      0xc00 ./CMSIS/EFM32GG/startup_gcc_efm32gg.o
                0x20003148                __HeapLimit = .

.stack_dummy    0x20002548      0x400
 *(.stack*)
 .stack         0x20002548      0x400 ./CMSIS/EFM32GG/startup_gcc_efm32gg.o
                0x20020000                __StackTop = (ORIGIN (RAM) + 0x20000)
                0x2001fc00                __StackLimit = (__StackTop - SIZEOF (.stack_dummy))
                0x20020000                PROVIDE (__stack, __StackTop)
                0x00000001                ASSERT ((__StackLimit >= __HeapLimit), region RAM overflowed with stack)
                0x00000001                ASSERT ((0x100000 >= (__etext + SIZEOF (.data))), FLASH memory overflowed !)
OUTPUT(EFM32GG280F1024.axf elf32-littlearm)

.ARM.attributes
                0x00000000       0x29
 .ARM.attributes
                0x00000000       0x1d c:/siliconlabs/simplicitystudio/v4/developer/toolchains/gnu_arm/4.9_2015q3/bin/../lib/gcc/arm-none-eabi/4.9.3/armv7-m/crti.o
 .ARM.attributes
                0x0000001d       0x2d c:/siliconlabs/simplicitystudio/v4/developer/toolchains/gnu_arm/4.9_2015q3/bin/../lib/gcc/arm-none-eabi/4.9.3/armv7-m/crtbegin.o
 .ARM.attributes
                0x0000004a       0x1b c:/siliconlabs/simplicitystudio/v4/developer/toolchains/gnu_arm/4.9_2015q3/bin/../lib/gcc/arm-none-eabi/4.9.3/../../../../arm-none-eabi/lib/armv7-m/crt0.o
 .ARM.attributes
                0x00000065       0x1b ./CMSIS/EFM32GG/startup_gcc_efm32gg.o
 .ARM.attributes
                0x00000080       0x33 ./CMSIS/EFM32GG/system_efm32gg.o
 .ARM.attributes
                0x000000b3       0x33 ./Drivers/sleep.o
 .ARM.attributes
                0x000000e6       0x33 ./FreeRTOS/efm32g/heap_1.o
 .ARM.attributes
                0x00000119       0x33 ./FreeRTOS/efm32g/list.o
 .ARM.attributes
                0x0000014c       0x33 ./FreeRTOS/efm32g/port.o
 .ARM.attributes
                0x0000017f       0x33 ./FreeRTOS/efm32g/queue.o
 .ARM.attributes
                0x000001b2       0x33 ./FreeRTOS/efm32g/tasks.o
 .ARM.attributes
                0x000001e5       0x33 ./FreeRTOS/efm32g/timers.o
 .ARM.attributes
                0x00000218       0x33 ./emlib/em_cmu.o
 .ARM.attributes
                0x0000024b       0x33 ./emlib/em_core.o
 .ARM.attributes
                0x0000027e       0x33 ./emlib/em_emu.o
 .ARM.attributes
                0x000002b1       0x33 ./emlib/em_rmu.o
 .ARM.attributes
                0x000002e4       0x33 ./emlib/em_rtc.o
 .ARM.attributes
                0x00000317       0x33 ./emlib/em_system.o
 .ARM.attributes
                0x0000034a       0x33 ./emlib/em_usart.o
 .ARM.attributes
                0x0000037d       0x33 ./src/InitDevice.o
 .ARM.attributes
                0x000003b0       0x33 ./src/low_power_tick_management.o
 .ARM.attributes
                0x000003e3       0x33 ./src/main.o
 .ARM.attributes
                0x00000416       0x2d c:/siliconlabs/simplicitystudio/v4/developer/toolchains/gnu_arm/4.9_2015q3/bin/../lib/gcc/arm-none-eabi/4.9.3/../../../../arm-none-eabi/lib/armv7-m\libc_nano.a(lib_a-exit.o)
 .ARM.attributes
                0x00000443       0x2d c:/siliconlabs/simplicitystudio/v4/developer/toolchains/gnu_arm/4.9_2015q3/bin/../lib/gcc/arm-none-eabi/4.9.3/../../../../arm-none-eabi/lib/armv7-m\libc_nano.a(lib_a-impure.o)
 .ARM.attributes
                0x00000470       0x2d c:/siliconlabs/simplicitystudio/v4/developer/toolchains/gnu_arm/4.9_2015q3/bin/../lib/gcc/arm-none-eabi/4.9.3/../../../../arm-none-eabi/lib/armv7-m\libc_nano.a(lib_a-init.o)
 .ARM.attributes
                0x0000049d       0x2d c:/siliconlabs/simplicitystudio/v4/developer/toolchains/gnu_arm/4.9_2015q3/bin/../lib/gcc/arm-none-eabi/4.9.3/../../../../arm-none-eabi/lib/armv7-m\libc_nano.a(lib_a-memcpy.o)
 .ARM.attributes
                0x000004ca       0x2d c:/siliconlabs/simplicitystudio/v4/developer/toolchains/gnu_arm/4.9_2015q3/bin/../lib/gcc/arm-none-eabi/4.9.3/../../../../arm-none-eabi/lib/armv7-m\libc_nano.a(lib_a-memset.o)
 .ARM.attributes
                0x000004f7       0x2d c:/siliconlabs/simplicitystudio/v4/developer/toolchains/gnu_arm/4.9_2015q3/bin/../lib/gcc/arm-none-eabi/4.9.3/../../../../arm-none-eabi/lib/armv7-m\libnosys.a(_exit.o)
 .ARM.attributes
                0x00000524       0x2d c:/siliconlabs/simplicitystudio/v4/developer/toolchains/gnu_arm/4.9_2015q3/bin/../lib/gcc/arm-none-eabi/4.9.3/armv7-m/crtend.o
 .ARM.attributes
                0x00000551       0x1d c:/siliconlabs/simplicitystudio/v4/developer/toolchains/gnu_arm/4.9_2015q3/bin/../lib/gcc/arm-none-eabi/4.9.3/armv7-m/crtn.o

.comment        0x00000000       0x70
 .comment       0x00000000       0x70 ./CMSIS/EFM32GG/system_efm32gg.o
                                 0x71 (size before relaxing)
 .comment       0x00000000       0x71 ./Drivers/sleep.o
 .comment       0x00000000       0x71 ./FreeRTOS/efm32g/heap_1.o
 .comment       0x00000000       0x71 ./FreeRTOS/efm32g/list.o
 .comment       0x00000000       0x71 ./FreeRTOS/efm32g/port.o
 .comment       0x00000000       0x71 ./FreeRTOS/efm32g/queue.o
 .comment       0x00000000       0x71 ./FreeRTOS/efm32g/tasks.o
 .comment       0x00000000       0x71 ./FreeRTOS/efm32g/timers.o
 .comment       0x00000000       0x71 ./emlib/em_cmu.o
 .comment       0x00000000       0x71 ./emlib/em_core.o
 .comment       0x00000000       0x71 ./emlib/em_emu.o
 .comment       0x00000000       0x71 ./emlib/em_rmu.o
 .comment       0x00000000       0x71 ./emlib/em_rtc.o
 .comment       0x00000000       0x71 ./emlib/em_system.o
 .comment       0x00000000       0x71 ./emlib/em_usart.o
 .comment       0x00000000       0x71 ./src/InitDevice.o
 .comment       0x00000000       0x71 ./src/low_power_tick_management.o
 .comment       0x00000000       0x71 ./src/main.o

.debug_line     0x00000000     0x5b6e
 .debug_line    0x00000000       0x72 ./CMSIS/EFM32GG/startup_gcc_efm32gg.o
 .debug_line    0x00000072      0x320 ./CMSIS/EFM32GG/system_efm32gg.o
 .debug_line    0x00000392      0x482 ./Drivers/sleep.o
 .debug_line    0x00000814      0x263 ./FreeRTOS/efm32g/heap_1.o
 .debug_line    0x00000a77      0x2f8 ./FreeRTOS/efm32g/list.o
 .debug_line    0x00000d6f      0x349 ./FreeRTOS/efm32g/port.o
 .debug_line    0x000010b8      0x79c ./FreeRTOS/efm32g/queue.o
 .debug_line    0x00001854      0xaf5 ./FreeRTOS/efm32g/tasks.o
 .debug_line    0x00002349      0x4c7 ./FreeRTOS/efm32g/timers.o
 .debug_line    0x00002810      0x9de ./emlib/em_cmu.o
 .debug_line    0x000031ee      0x628 ./emlib/em_core.o
 .debug_line    0x00003816      0x586 ./emlib/em_emu.o
 .debug_line    0x00003d9c      0x3b2 ./emlib/em_rmu.o
 .debug_line    0x0000414e      0x389 ./emlib/em_rtc.o
 .debug_line    0x000044d7      0x2f8 ./emlib/em_system.o
 .debug_line    0x000047cf      0x5ff ./emlib/em_usart.o
 .debug_line    0x00004dce      0x545 ./src/InitDevice.o
 .debug_line    0x00005313      0x3ff ./src/low_power_tick_management.o
 .debug_line    0x00005712      0x45c ./src/main.o

.debug_info     0x00000000     0xa7fe
 .debug_info    0x00000000       0xa8 ./CMSIS/EFM32GG/startup_gcc_efm32gg.o
 .debug_info    0x000000a8      0x5a5 ./CMSIS/EFM32GG/system_efm32gg.o
 .debug_info    0x0000064d      0x65d ./Drivers/sleep.o
 .debug_info    0x00000caa      0x190 ./FreeRTOS/efm32g/heap_1.o
 .debug_info    0x00000e3a      0x2cc ./FreeRTOS/efm32g/list.o
 .debug_info    0x00001106      0x3dd ./FreeRTOS/efm32g/port.o
 .debug_info    0x000014e3      0xeaf ./FreeRTOS/efm32g/queue.o
 .debug_info    0x00002392     0x1648 ./FreeRTOS/efm32g/tasks.o
 .debug_info    0x000039da      0x9cd ./FreeRTOS/efm32g/timers.o
 .debug_info    0x000043a7     0x14c4 ./emlib/em_cmu.o
 .debug_info    0x0000586b      0xcee ./emlib/em_core.o
 .debug_info    0x00006559      0xdd1 ./emlib/em_emu.o
 .debug_info    0x0000732a      0x4ab ./emlib/em_rmu.o
 .debug_info    0x000077d5      0x33f ./emlib/em_rtc.o
 .debug_info    0x00007b14      0x269 ./emlib/em_system.o
 .debug_info    0x00007d7d      0xeeb ./emlib/em_usart.o
 .debug_info    0x00008c68      0xb80 ./src/InitDevice.o
 .debug_info    0x000097e8      0x999 ./src/low_power_tick_management.o
 .debug_info    0x0000a181      0x67d ./src/main.o

.debug_abbrev   0x00000000     0x20d5
 .debug_abbrev  0x00000000       0x14 ./CMSIS/EFM32GG/startup_gcc_efm32gg.o
 .debug_abbrev  0x00000014      0x1a5 ./CMSIS/EFM32GG/system_efm32gg.o
 .debug_abbrev  0x000001b9      0x245 ./Drivers/sleep.o
 .debug_abbrev  0x000003fe       0xee ./FreeRTOS/efm32g/heap_1.o
 .debug_abbrev  0x000004ec       0xbe ./FreeRTOS/efm32g/list.o
 .debug_abbrev  0x000005aa      0x1fa ./FreeRTOS/efm32g/port.o
 .debug_abbrev  0x000007a4      0x213 ./FreeRTOS/efm32g/queue.o
 .debug_abbrev  0x000009b7      0x2a4 ./FreeRTOS/efm32g/tasks.o
 .debug_abbrev  0x00000c5b      0x1a0 ./FreeRTOS/efm32g/timers.o
 .debug_abbrev  0x00000dfb      0x2ed ./emlib/em_cmu.o
 .debug_abbrev  0x000010e8      0x237 ./emlib/em_core.o
 .debug_abbrev  0x0000131f      0x252 ./emlib/em_emu.o
 .debug_abbrev  0x00001571      0x1d2 ./emlib/em_rmu.o
 .debug_abbrev  0x00001743      0x196 ./emlib/em_rtc.o
 .debug_abbrev  0x000018d9       0xde ./emlib/em_system.o
 .debug_abbrev  0x000019b7      0x1df ./emlib/em_usart.o
 .debug_abbrev  0x00001b96      0x15f ./src/InitDevice.o
 .debug_abbrev  0x00001cf5      0x228 ./src/low_power_tick_management.o
 .debug_abbrev  0x00001f1d      0x1b8 ./src/main.o

.debug_aranges  0x00000000      0xb88
 .debug_aranges
                0x00000000       0x20 ./CMSIS/EFM32GG/startup_gcc_efm32gg.o
 .debug_aranges
                0x00000020       0x70 ./CMSIS/EFM32GG/system_efm32gg.o
 .debug_aranges
                0x00000090       0x70 ./Drivers/sleep.o
 .debug_aranges
                0x00000100       0x38 ./FreeRTOS/efm32g/heap_1.o
 .debug_aranges
                0x00000138       0x40 ./FreeRTOS/efm32g/list.o
 .debug_aranges
                0x00000178       0x78 ./FreeRTOS/efm32g/port.o
 .debug_aranges
                0x000001f0       0xe8 ./FreeRTOS/efm32g/queue.o
 .debug_aranges
                0x000002d8      0x1a0 ./FreeRTOS/efm32g/tasks.o
 .debug_aranges
                0x00000478       0xb8 ./FreeRTOS/efm32g/timers.o
 .debug_aranges
                0x00000530      0x160 ./emlib/em_cmu.o
 .debug_aranges
                0x00000690       0xe8 ./emlib/em_core.o
 .debug_aranges
                0x00000778       0xa8 ./emlib/em_emu.o
 .debug_aranges
                0x00000820       0x50 ./emlib/em_rmu.o
 .debug_aranges
                0x00000870       0x58 ./emlib/em_rtc.o
 .debug_aranges
                0x000008c8       0x28 ./emlib/em_system.o
 .debug_aranges
                0x000008f0       0xc0 ./emlib/em_usart.o
 .debug_aranges
                0x000009b0      0x138 ./src/InitDevice.o
 .debug_aranges
                0x00000ae8       0x60 ./src/low_power_tick_management.o
 .debug_aranges
                0x00000b48       0x40 ./src/main.o

.debug_loc      0x00000000     0x5fb2
 .debug_loc     0x00000000      0x31c ./CMSIS/EFM32GG/system_efm32gg.o
 .debug_loc     0x0000031c      0x310 ./Drivers/sleep.o
 .debug_loc     0x0000062c      0x134 ./FreeRTOS/efm32g/heap_1.o
 .debug_loc     0x00000760      0x1cc ./FreeRTOS/efm32g/list.o
 .debug_loc     0x0000092c      0x2d0 ./FreeRTOS/efm32g/port.o
 .debug_loc     0x00000bfc      0x868 ./FreeRTOS/efm32g/queue.o
 .debug_loc     0x00001464      0xf74 ./FreeRTOS/efm32g/tasks.o
 .debug_loc     0x000023d8      0x628 ./FreeRTOS/efm32g/timers.o
 .debug_loc     0x00002a00      0xd00 ./emlib/em_cmu.o
 .debug_loc     0x00003700      0x88c ./emlib/em_core.o
 .debug_loc     0x00003f8c      0x5a0 ./emlib/em_emu.o
 .debug_loc     0x0000452c      0x23c ./emlib/em_rmu.o
 .debug_loc     0x00004768      0x28c ./emlib/em_rtc.o
 .debug_loc     0x000049f4       0xb8 ./emlib/em_system.o
 .debug_loc     0x00004aac      0x72e ./emlib/em_usart.o
 .debug_loc     0x000051da      0x96c ./src/InitDevice.o
 .debug_loc     0x00005b46      0x2f4 ./src/low_power_tick_management.o
 .debug_loc     0x00005e3a      0x178 ./src/main.o

.debug_ranges   0x00000000      0xa48
 .debug_ranges  0x00000000       0x60 ./CMSIS/EFM32GG/system_efm32gg.o
 .debug_ranges  0x00000060       0x60 ./Drivers/sleep.o
 .debug_ranges  0x000000c0       0x28 ./FreeRTOS/efm32g/heap_1.o
 .debug_ranges  0x000000e8       0x30 ./FreeRTOS/efm32g/list.o
 .debug_ranges  0x00000118       0x68 ./FreeRTOS/efm32g/port.o
 .debug_ranges  0x00000180       0xd8 ./FreeRTOS/efm32g/queue.o
 .debug_ranges  0x00000258      0x190 ./FreeRTOS/efm32g/tasks.o
 .debug_ranges  0x000003e8       0xa8 ./FreeRTOS/efm32g/timers.o
 .debug_ranges  0x00000490      0x150 ./emlib/em_cmu.o
 .debug_ranges  0x000005e0       0xd8 ./emlib/em_core.o
 .debug_ranges  0x000006b8       0x98 ./emlib/em_emu.o
 .debug_ranges  0x00000750       0x40 ./emlib/em_rmu.o
 .debug_ranges  0x00000790       0x48 ./emlib/em_rtc.o
 .debug_ranges  0x000007d8       0x18 ./emlib/em_system.o
 .debug_ranges  0x000007f0       0xb0 ./emlib/em_usart.o
 .debug_ranges  0x000008a0      0x128 ./src/InitDevice.o
 .debug_ranges  0x000009c8       0x50 ./src/low_power_tick_management.o
 .debug_ranges  0x00000a18       0x30 ./src/main.o

.debug_str      0x00000000     0x4941
 .debug_str     0x00000000      0x443 ./CMSIS/EFM32GG/system_efm32gg.o
                                0x4c3 (size before relaxing)
 .debug_str     0x00000443      0x2a6 ./Drivers/sleep.o
                                0x479 (size before relaxing)
 .debug_str     0x000006e9       0xfe ./FreeRTOS/efm32g/heap_1.o
                                0x287 (size before relaxing)
 .debug_str     0x000007e7      0x19d ./FreeRTOS/efm32g/list.o
                                0x31f (size before relaxing)
 .debug_str     0x00000984      0x2a2 ./FreeRTOS/efm32g/port.o
                                0x442 (size before relaxing)
 .debug_str     0x00000c26      0x532 ./FreeRTOS/efm32g/queue.o
                                0x7da (size before relaxing)
 .debug_str     0x00001158      0xa19 ./FreeRTOS/efm32g/tasks.o
                                0xdbd (size before relaxing)
 .debug_str     0x00001b71      0x46b ./FreeRTOS/efm32g/timers.o
                                0x73e (size before relaxing)
 .debug_str     0x00001fdc      0xc27 ./emlib/em_cmu.o
                               0x101a (size before relaxing)
 .debug_str     0x00002c03      0x5ca ./emlib/em_core.o
                                0x838 (size before relaxing)
 .debug_str     0x000031cd      0x41b ./emlib/em_emu.o
                                0x857 (size before relaxing)
 .debug_str     0x000035e8      0x18b ./emlib/em_rmu.o
                                0x402 (size before relaxing)
 .debug_str     0x00003773      0x108 ./emlib/em_rtc.o
                                0x2e0 (size before relaxing)
 .debug_str     0x0000387b       0xf7 ./emlib/em_system.o
                                0x2de (size before relaxing)
 .debug_str     0x00003972      0x95a ./emlib/em_usart.o
                                0xdef (size before relaxing)
 .debug_str     0x000042cc      0x4fc ./src/InitDevice.o
                                0xf50 (size before relaxing)
 .debug_str     0x000047c8       0xb8 ./src/low_power_tick_management.o
                                0x98a (size before relaxing)
 .debug_str     0x00004880       0xc1 ./src/main.o
                                0x4ce (size before relaxing)

.debug_frame    0x00000000     0x2d8c
 .debug_frame   0x00000000      0x180 ./CMSIS/EFM32GG/system_efm32gg.o
 .debug_frame   0x00000180      0x188 ./Drivers/sleep.o
 .debug_frame   0x00000308       0x9c ./FreeRTOS/efm32g/heap_1.o
 .debug_frame   0x000003a4       0xd8 ./FreeRTOS/efm32g/list.o
 .debug_frame   0x0000047c      0x184 ./FreeRTOS/efm32g/port.o
 .debug_frame   0x00000600      0x3d4 ./FreeRTOS/efm32g/queue.o
 .debug_frame   0x000009d4      0x704 ./FreeRTOS/efm32g/tasks.o
 .debug_frame   0x000010d8      0x2e8 ./FreeRTOS/efm32g/timers.o
 .debug_frame   0x000013c0      0x600 ./emlib/em_cmu.o
 .debug_frame   0x000019c0      0x3dc ./emlib/em_core.o
 .debug_frame   0x00001d9c      0x29c ./emlib/em_emu.o
 .debug_frame   0x00002038      0x110 ./emlib/em_rmu.o
 .debug_frame   0x00002148      0x138 ./emlib/em_rtc.o
 .debug_frame   0x00002280       0x60 ./emlib/em_system.o
 .debug_frame   0x000022e0      0x338 ./emlib/em_usart.o
 .debug_frame   0x00002618      0x490 ./src/InitDevice.o
 .debug_frame   0x00002aa8      0x164 ./src/low_power_tick_management.o
 .debug_frame   0x00002c0c       0xc4 ./src/main.o
 .debug_frame   0x00002cd0       0x28 c:/siliconlabs/simplicitystudio/v4/developer/toolchains/gnu_arm/4.9_2015q3/bin/../lib/gcc/arm-none-eabi/4.9.3/../../../../arm-none-eabi/lib/armv7-m\libc_nano.a(lib_a-exit.o)
 .debug_frame   0x00002cf8       0x2c c:/siliconlabs/simplicitystudio/v4/developer/toolchains/gnu_arm/4.9_2015q3/bin/../lib/gcc/arm-none-eabi/4.9.3/../../../../arm-none-eabi/lib/armv7-m\libc_nano.a(lib_a-init.o)
 .debug_frame   0x00002d24       0x28 c:/siliconlabs/simplicitystudio/v4/developer/toolchains/gnu_arm/4.9_2015q3/bin/../lib/gcc/arm-none-eabi/4.9.3/../../../../arm-none-eabi/lib/armv7-m\libc_nano.a(lib_a-memcpy.o)
 .debug_frame   0x00002d4c       0x20 c:/siliconlabs/simplicitystudio/v4/developer/toolchains/gnu_arm/4.9_2015q3/bin/../lib/gcc/arm-none-eabi/4.9.3/../../../../arm-none-eabi/lib/armv7-m\libc_nano.a(lib_a-memset.o)
 .debug_frame   0x00002d6c       0x20 c:/siliconlabs/simplicitystudio/v4/developer/toolchains/gnu_arm/4.9_2015q3/bin/../lib/gcc/arm-none-eabi/4.9.3/../../../../arm-none-eabi/lib/armv7-m\libnosys.a(_exit.o)
