Archive member included because of file (symbol)

c:/siliconlabs/simplicitystudio/v4/developer/toolchains/gnu_arm/4.9_2015q3/bin/../lib/gcc/arm-none-eabi/4.9.3/../../../../arm-none-eabi/lib/armv7-m\libc_nano.a(lib_a-exit.o)
                              c:/siliconlabs/simplicitystudio/v4/developer/toolchains/gnu_arm/4.9_2015q3/bin/../lib/gcc/arm-none-eabi/4.9.3/../../../../arm-none-eabi/lib/armv7-m/crt0.o (exit)
c:/siliconlabs/simplicitystudio/v4/developer/toolchains/gnu_arm/4.9_2015q3/bin/../lib/gcc/arm-none-eabi/4.9.3/../../../../arm-none-eabi/lib/armv7-m\libc_nano.a(lib_a-impure.o)
                              c:/siliconlabs/simplicitystudio/v4/developer/toolchains/gnu_arm/4.9_2015q3/bin/../lib/gcc/arm-none-eabi/4.9.3/../../../../arm-none-eabi/lib/armv7-m\libc_nano.a(lib_a-exit.o) (_global_impure_ptr)
c:/siliconlabs/simplicitystudio/v4/developer/toolchains/gnu_arm/4.9_2015q3/bin/../lib/gcc/arm-none-eabi/4.9.3/../../../../arm-none-eabi/lib/armv7-m\libc_nano.a(lib_a-init.o)
                              c:/siliconlabs/simplicitystudio/v4/developer/toolchains/gnu_arm/4.9_2015q3/bin/../lib/gcc/arm-none-eabi/4.9.3/../../../../arm-none-eabi/lib/armv7-m/crt0.o (__libc_init_array)
c:/siliconlabs/simplicitystudio/v4/developer/toolchains/gnu_arm/4.9_2015q3/bin/../lib/gcc/arm-none-eabi/4.9.3/../../../../arm-none-eabi/lib/armv7-m\libc_nano.a(lib_a-memcpy.o)
                              ./FreeRTOS/efm32g/queue.o (memcpy)
c:/siliconlabs/simplicitystudio/v4/developer/toolchains/gnu_arm/4.9_2015q3/bin/../lib/gcc/arm-none-eabi/4.9.3/../../../../arm-none-eabi/lib/armv7-m\libc_nano.a(lib_a-memset.o)
                              c:/siliconlabs/simplicitystudio/v4/developer/toolchains/gnu_arm/4.9_2015q3/bin/../lib/gcc/arm-none-eabi/4.9.3/../../../../arm-none-eabi/lib/armv7-m/crt0.o (memset)
c:/siliconlabs/simplicitystudio/v4/developer/toolchains/gnu_arm/4.9_2015q3/bin/../lib/gcc/arm-none-eabi/4.9.3/../../../../arm-none-eabi/lib/armv7-m\libnosys.a(_exit.o)
                              c:/siliconlabs/simplicitystudio/v4/developer/toolchains/gnu_arm/4.9_2015q3/bin/../lib/gcc/arm-none-eabi/4.9.3/../../../../arm-none-eabi/lib/armv7-m\libc_nano.a(lib_a-exit.o) (_exit)

Allocating common symbols
Common symbol       size              file

SystemCoreClock     0x4               ./CMSIS/EFM32G/system_efm32g.o
xQueueRegistry      0x50              ./FreeRTOS/efm32g/queue.o

Discarded input sections

 .text          0x00000000        0x0 c:/siliconlabs/simplicitystudio/v4/developer/toolchains/gnu_arm/4.9_2015q3/bin/../lib/gcc/arm-none-eabi/4.9.3/armv7-m/crti.o
 .data          0x00000000        0x0 c:/siliconlabs/simplicitystudio/v4/developer/toolchains/gnu_arm/4.9_2015q3/bin/../lib/gcc/arm-none-eabi/4.9.3/armv7-m/crti.o
 .bss           0x00000000        0x0 c:/siliconlabs/simplicitystudio/v4/developer/toolchains/gnu_arm/4.9_2015q3/bin/../lib/gcc/arm-none-eabi/4.9.3/armv7-m/crti.o
 .data          0x00000000        0x4 c:/siliconlabs/simplicitystudio/v4/developer/toolchains/gnu_arm/4.9_2015q3/bin/../lib/gcc/arm-none-eabi/4.9.3/armv7-m/crtbegin.o
 .data          0x00000000        0x0 c:/siliconlabs/simplicitystudio/v4/developer/toolchains/gnu_arm/4.9_2015q3/bin/../lib/gcc/arm-none-eabi/4.9.3/../../../../arm-none-eabi/lib/armv7-m/crt0.o
 .bss           0x00000000        0x0 c:/siliconlabs/simplicitystudio/v4/developer/toolchains/gnu_arm/4.9_2015q3/bin/../lib/gcc/arm-none-eabi/4.9.3/../../../../arm-none-eabi/lib/armv7-m/crt0.o
 .ARM.extab     0x00000000        0x0 c:/siliconlabs/simplicitystudio/v4/developer/toolchains/gnu_arm/4.9_2015q3/bin/../lib/gcc/arm-none-eabi/4.9.3/../../../../arm-none-eabi/lib/armv7-m/crt0.o
 .data          0x00000000        0x0 ./CMSIS/EFM32G/startup_efm32g.o
 .bss           0x00000000        0x0 ./CMSIS/EFM32G/startup_efm32g.o
 .text          0x00000000        0x0 ./CMSIS/EFM32G/system_efm32g.o
 .data          0x00000000        0x0 ./CMSIS/EFM32G/system_efm32g.o
 .bss           0x00000000        0x0 ./CMSIS/EFM32G/system_efm32g.o
 .text.SystemHFXOClockSet
                0x00000000       0x2c ./CMSIS/EFM32G/system_efm32g.o
 .text.SystemLFXOClockSet
                0x00000000       0x2c ./CMSIS/EFM32G/system_efm32g.o
 .text          0x00000000       0x30 ./CMSIS/EFM32GG/startup_efm32g.o
 .data          0x00000000        0x0 ./CMSIS/EFM32GG/startup_efm32g.o
 .bss           0x00000000        0x0 ./CMSIS/EFM32GG/startup_efm32g.o
 .text          0x00000000        0x0 ./CMSIS/EFM32GG/system_efm32g.o
 .data          0x00000000        0x0 ./CMSIS/EFM32GG/system_efm32g.o
 .bss           0x00000000        0x0 ./CMSIS/EFM32GG/system_efm32g.o
 .data.SystemHFXOClock
                0x00000000        0x4 ./CMSIS/EFM32GG/system_efm32g.o
 .data.SystemLFXOClock
                0x00000000        0x4 ./CMSIS/EFM32GG/system_efm32g.o
 .text.GetProdRev
                0x00000000       0x1c ./CMSIS/EFM32GG/system_efm32g.o
 .text.SystemCoreClockGet
                0x00000000       0x34 ./CMSIS/EFM32GG/system_efm32g.o
[...]
Memory Configuration

Name             Origin             Length             Attributes
FLASH            0x00000000         0x00100000         xr
RAM              0x20000000         0x00020000         xrw
*default*        0x00000000         0xffffffff

Linker script and memory map

LOAD c:/siliconlabs/simplicitystudio/v4/developer/toolchains/gnu_arm/4.9_2015q3/bin/../lib/gcc/arm-none-eabi/4.9.3/armv7-m/crti.o
LOAD c:/siliconlabs/simplicitystudio/v4/developer/toolchains/gnu_arm/4.9_2015q3/bin/../lib/gcc/arm-none-eabi/4.9.3/armv7-m/crtbegin.o
LOAD c:/siliconlabs/simplicitystudio/v4/developer/toolchains/gnu_arm/4.9_2015q3/bin/../lib/gcc/arm-none-eabi/4.9.3/../../../../arm-none-eabi/lib/armv7-m/crt0.o
LOAD ./CMSIS/EFM32G/startup_efm32g.o
LOAD ./CMSIS/EFM32G/system_efm32g.o
LOAD ./CMSIS/EFM32GG/startup_efm32g.o
LOAD ./CMSIS/EFM32GG/system_efm32g.o
LOAD ./Drivers/sleep.o
LOAD ./FreeRTOS/efm32g/croutine.o
LOAD ./FreeRTOS/efm32g/event_groups.o
LOAD ./FreeRTOS/efm32g/heap_1.o
LOAD ./FreeRTOS/efm32g/list.o
LOAD ./FreeRTOS/efm32g/queue.o
LOAD ./FreeRTOS/efm32g/tasks.o
LOAD ./FreeRTOS/efm32g/timers.o
LOAD ./FreeRTOS/efm32gg/croutine.o
LOAD ./FreeRTOS/efm32gg/event_groups.o
LOAD ./FreeRTOS/efm32gg/heap_1.o
LOAD ./FreeRTOS/efm32gg/list.o
LOAD ./FreeRTOS/efm32gg/port.o
LOAD ./FreeRTOS/efm32gg/queue.o
LOAD ./FreeRTOS/efm32gg/tasks.o
LOAD ./FreeRTOS/efm32gg/timers.o
LOAD ./emlib/em_assert.o
LOAD ./emlib/em_cmu.o
LOAD ./emlib/em_core.o
LOAD ./emlib/em_emu.o
LOAD ./emlib/em_gpio.o
LOAD ./emlib/em_rmu.o
LOAD ./emlib/em_rtc.o
LOAD ./emlib/em_system.o
LOAD ./src/low_power_tick_management.o
LOAD ./src/main.o
START GROUP
LOAD c:/siliconlabs/simplicitystudio/v4/developer/toolchains/gnu_arm/4.9_2015q3/bin/../lib/gcc/arm-none-eabi/4.9.3/armv7-m\libgcc.a
LOAD c:/siliconlabs/simplicitystudio/v4/developer/toolchains/gnu_arm/4.9_2015q3/bin/../lib/gcc/arm-none-eabi/4.9.3/../../../../arm-none-eabi/lib/armv7-m\libc_nano.a
LOAD c:/siliconlabs/simplicitystudio/v4/developer/toolchains/gnu_arm/4.9_2015q3/bin/../lib/gcc/arm-none-eabi/4.9.3/../../../../arm-none-eabi/lib/armv7-m\libnosys.a
END GROUP
START GROUP
LOAD c:/siliconlabs/simplicitystudio/v4/developer/toolchains/gnu_arm/4.9_2015q3/bin/../lib/gcc/arm-none-eabi/4.9.3/armv7-m\libgcc.a
LOAD c:/siliconlabs/simplicitystudio/v4/developer/toolchains/gnu_arm/4.9_2015q3/bin/../lib/gcc/arm-none-eabi/4.9.3/../../../../arm-none-eabi/lib/armv7-m\libg_nano.a
LOAD c:/siliconlabs/simplicitystudio/v4/developer/toolchains/gnu_arm/4.9_2015q3/bin/../lib/gcc/arm-none-eabi/4.9.3/../../../../arm-none-eabi/lib/armv7-m\libc_nano.a
END GROUP
START GROUP
LOAD c:/siliconlabs/simplicitystudio/v4/developer/toolchains/gnu_arm/4.9_2015q3/bin/../lib/gcc/arm-none-eabi/4.9.3/armv7-m\libgcc.a
LOAD c:/siliconlabs/simplicitystudio/v4/developer/toolchains/gnu_arm/4.9_2015q3/bin/../lib/gcc/arm-none-eabi/4.9.3/../../../../arm-none-eabi/lib/armv7-m\libc_nano.a
END GROUP
LOAD c:/siliconlabs/simplicitystudio/v4/developer/toolchains/gnu_arm/4.9_2015q3/bin/../lib/gcc/arm-none-eabi/4.9.3/armv7-m/crtend.o
LOAD c:/siliconlabs/simplicitystudio/v4/developer/toolchains/gnu_arm/4.9_2015q3/bin/../lib/gcc/arm-none-eabi/4.9.3/armv7-m/crtn.o

.text           0x00000000     0x44e0
 *(.vectors)
 .vectors       0x00000000       0xbc ./CMSIS/EFM32G/startup_efm32g.o
                0x00000000                __Vectors
 .vectors       0x000000bc       0xbc ./CMSIS/EFM32GG/startup_efm32g.o
                0x00000178                __Vectors_End = .
                0x00000178                __Vectors_Size = (__Vectors_End - __Vectors)
                0x00000178                __end__ = .
 *(.text*)
 .text          0x00000178       0x5c c:/siliconlabs/simplicitystudio/v4/developer/toolchains/gnu_arm/4.9_2015q3/bin/../lib/gcc/arm-none-eabi/4.9.3/armv7-m/crtbegin.o
 .text          0x000001d4       0x74 c:/siliconlabs/simplicitystudio/v4/developer/toolchains/gnu_arm/4.9_2015q3/bin/../lib/gcc/arm-none-eabi/4.9.3/../../../../arm-none-eabi/lib/armv7-m/crt0.o
                0x000001d4                _start
                0x000001d4                _mainCRTStartup
 .text          0x00000248       0x30 ./CMSIS/EFM32G/startup_efm32g.o
                0x00000248                Reset_Handler
                0x00000274                DebugMon_Handler
                0x00000274                USART0_TX_IRQHandler
                0x00000274                I2C0_IRQHandler
                0x00000274                HardFault_Handler
                0x00000274                LEUART1_IRQHandler
                0x00000274                USART1_RX_IRQHandler
                0x00000274                NMI_Handler
                0x00000274                USART1_TX_IRQHandler
                0x00000274                MSC_IRQHandler
                0x00000274                ADC0_IRQHandler
                0x00000274                UsageFault_Handler
                0x00000274                LEUART0_IRQHandler
                0x00000274                GPIO_EVEN_IRQHandler
                0x00000274                UART0_TX_IRQHandler
                0x00000274                TIMER0_IRQHandler
                0x00000274                TIMER2_IRQHandler
                0x00000274                LCD_IRQHandler
                0x00000274                PCNT2_IRQHandler
                0x00000274                UART0_RX_IRQHandler
                0x00000274                LETIMER0_IRQHandler
                0x00000274                TIMER1_IRQHandler
                0x00000274                USART2_RX_IRQHandler
                0x00000274                Default_Handler
                0x00000274                PCNT0_IRQHandler
                0x00000274                PCNT1_IRQHandler
                0x00000274                ACMP0_IRQHandler
                0x00000274                USART0_RX_IRQHandler
                0x00000274                MemManage_Handler
                0x00000274                DAC0_IRQHandler
                0x00000274                CMU_IRQHandler
                0x00000274                GPIO_ODD_IRQHandler
                0x00000274                AES_IRQHandler
                0x00000274                VCMP_IRQHandler
                0x00000274                DMA_IRQHandler
                0x00000274                BusFault_Handler
                0x00000274                USART2_TX_IRQHandler
 .text.GetProdRev
                0x00000278       0x1c ./CMSIS/EFM32G/system_efm32g.o
 .text.SystemCoreClockGet
                0x00000294       0x34 ./CMSIS/EFM32G/system_efm32g.o
                0x00000294                SystemCoreClockGet
 .text.SystemMaxCoreClockGet
                0x000002c8       0x14 ./CMSIS/EFM32G/system_efm32g.o
                0x000002c8                SystemMaxCoreClockGet
 .text.SystemHFClockGet
                0x000002dc       0xf0 ./CMSIS/EFM32G/system_efm32g.o
                0x000002dc                SystemHFClockGet
 .text.SystemHFXOClockGet
                0x000003cc       0x18 ./CMSIS/EFM32G/system_efm32g.o
                0x000003cc                SystemHFXOClockGet
 .text.SystemInit
                0x000003e4        0xc ./CMSIS/EFM32G/system_efm32g.o
                0x000003e4                SystemInit
 .text.SystemLFRCOClockGet
                0x000003f0       0x14 ./CMSIS/EFM32G/system_efm32g.o
                0x000003f0                SystemLFRCOClockGet
 .text.SystemULFRCOClockGet
                0x00000404       0x14 ./CMSIS/EFM32G/system_efm32g.o
                0x00000404                SystemULFRCOClockGet
 .text.SystemLFXOClockGet
                0x00000418       0x18 ./CMSIS/EFM32G/system_efm32g.o
                0x00000418                SystemLFXOClockGet
 .text.BUS_RegBitWrite
                0x00000430       0x2c ./Drivers/sleep.o
 .text.EMU_EnterEM1
                0x0000045c       0x20 ./Drivers/sleep.o
 .text.EMU_EM2Block
                0x0000047c       0x14 ./Drivers/sleep.o
 .text.SLEEP_Init
                0x00000490       0x58 ./Drivers/sleep.o
                0x00000490                SLEEP_Init
 .text.SLEEP_Sleep
                0x000004e8       0x40 ./Drivers/sleep.o
                0x000004e8                SLEEP_Sleep
 .text.SLEEP_SleepBlockBegin
                0x00000528       0x68 ./Drivers/sleep.o
                0x00000528                SLEEP_SleepBlockBegin
 .text.SLEEP_LowestEnergyModeGet
                0x00000590       0x40 ./Drivers/sleep.o
                0x00000590                SLEEP_LowestEnergyModeGet
 .text.enterEMx
                0x000005d0       0x94 ./Drivers/sleep.o
 .text.pvPortMalloc
                0x00000664       0x8c ./FreeRTOS/efm32g/heap_1.o
                0x00000664                pvPortMalloc
 .text.vPortFree
                0x000006f0       0x20 ./FreeRTOS/efm32g/heap_1.o
                0x000006f0                vPortFree
 .text.vListInitialise
                0x00000710       0x40 ./FreeRTOS/efm32g/list.o
                0x00000710                vListInitialise
 .text.vListInitialiseItem
                0x00000750       0x18 ./FreeRTOS/efm32g/list.o
                0x00000750                vListInitialiseItem
 .text.vListInsertEnd
                0x00000768       0x48 ./FreeRTOS/efm32g/list.o
                0x00000768                vListInsertEnd
 .text.vListInsert
                0x000007b0       0x70 ./FreeRTOS/efm32g/list.o
                0x000007b0                vListInsert
 .text.uxListRemove
                0x00000820       0x54 ./FreeRTOS/efm32g/list.o
                0x00000820                uxListRemove
 .text.xQueueGenericReset
                0x00000874       0xc8 ./FreeRTOS/efm32g/queue.o
                0x00000874                xQueueGenericReset
 .text.xQueueGenericCreate
                0x0000093c       0x6c ./FreeRTOS/efm32g/queue.o
                0x0000093c                xQueueGenericCreate
 .text.prvInitialiseNewQueue
                0x000009a8       0x3c ./FreeRTOS/efm32g/queue.o
 .text.xQueueGenericSend
                0x000009e4      0x1bc ./FreeRTOS/efm32g/queue.o
                0x000009e4                xQueueGenericSend
 .text.xQueueGenericSendFromISR
                0x00000ba0       0xfc ./FreeRTOS/efm32g/queue.o
                0x00000ba0                xQueueGenericSendFromISR
 .text.xQueueGenericReceive
                0x00000c9c      0x1fc ./FreeRTOS/efm32g/queue.o
                0x00000c9c                xQueueGenericReceive
 .text.prvCopyDataToQueue
                0x00000e98       0xd8 ./FreeRTOS/efm32g/queue.o
 .text.prvCopyDataFromQueue
                0x00000f70       0x4c ./FreeRTOS/efm32g/queue.o
 .text.prvUnlockQueue
                0x00000fbc       0xa4 ./FreeRTOS/efm32g/queue.o
 .text.prvIsQueueEmpty
                0x00001060       0x2c ./FreeRTOS/efm32g/queue.o
 .text.prvIsQueueFull
                0x0000108c       0x30 ./FreeRTOS/efm32g/queue.o
 .text.vQueueAddToRegistry
                0x000010bc       0x50 ./FreeRTOS/efm32g/queue.o
                0x000010bc                vQueueAddToRegistry
 .text.vQueueWaitForMessageRestricted
                0x0000110c       0x6c ./FreeRTOS/efm32g/queue.o
                0x0000110c                vQueueWaitForMessageRestricted
 .text.xTaskCreate
                0x00001178       0x84 ./FreeRTOS/efm32g/tasks.o
                0x00001178                xTaskCreate
 .text.prvInitialiseNewTask
                0x000011fc       0xf4 ./FreeRTOS/efm32g/tasks.o
 .text.prvAddNewTaskToReadyList
                0x000012f0       0xd8 ./FreeRTOS/efm32g/tasks.o
 .text.vTaskDelay
                0x000013c8       0x60 ./FreeRTOS/efm32g/tasks.o
                0x000013c8                vTaskDelay
 .text.vTaskStartScheduler
                0x00001428       0x90 ./FreeRTOS/efm32g/tasks.o
                0x00001428                vTaskStartScheduler
 .text.vTaskSuspendAll
                0x000014b8       0x1c ./FreeRTOS/efm32g/tasks.o
                0x000014b8                vTaskSuspendAll
 .text.xTaskResumeAll
                0x000014d4      0x134 ./FreeRTOS/efm32g/tasks.o
                0x000014d4                xTaskResumeAll
 .text.xTaskGetTickCount
                0x00001608       0x20 ./FreeRTOS/efm32g/tasks.o
                0x00001608                xTaskGetTickCount
 .text.xTaskIncrementTick
                0x00001628      0x178 ./FreeRTOS/efm32g/tasks.o
                0x00001628                xTaskIncrementTick
 .text.vTaskSwitchContext
                0x000017a0       0xa8 ./FreeRTOS/efm32g/tasks.o
                0x000017a0                vTaskSwitchContext
 .text.vTaskPlaceOnEventList
                0x00001848       0x40 ./FreeRTOS/efm32g/tasks.o
                0x00001848                vTaskPlaceOnEventList
 .text.vTaskPlaceOnEventListRestricted
                0x00001888       0x4c ./FreeRTOS/efm32g/tasks.o
                0x00001888                vTaskPlaceOnEventListRestricted
 .text.xTaskRemoveFromEventList
                0x000018d4       0xc0 ./FreeRTOS/efm32g/tasks.o
                0x000018d4                xTaskRemoveFromEventList
 .text.vTaskSetTimeOutState
                0x00001994       0x3c ./FreeRTOS/efm32g/tasks.o
                0x00001994                vTaskSetTimeOutState
 .text.xTaskCheckForTimeOut
                0x000019d0       0xac ./FreeRTOS/efm32g/tasks.o
                0x000019d0                xTaskCheckForTimeOut
 .text.vTaskMissedYield
                0x00001a7c       0x18 ./FreeRTOS/efm32g/tasks.o
                0x00001a7c                vTaskMissedYield
 .text.prvIdleTask
                0x00001a94       0x14 ./FreeRTOS/efm32g/tasks.o
 .text.prvInitialiseTaskLists
                0x00001aa8       0x7c ./FreeRTOS/efm32g/tasks.o
 .text.prvCheckTasksWaitingTermination
                0x00001b24       0x74 ./FreeRTOS/efm32g/tasks.o
 .text.prvDeleteTCB
                0x00001b98       0x20 ./FreeRTOS/efm32g/tasks.o
 .text.prvResetNextTaskUnblockTime
                0x00001bb8       0x48 ./FreeRTOS/efm32g/tasks.o
 .text.xTaskGetSchedulerState
                0x00001c00       0x3c ./FreeRTOS/efm32g/tasks.o
                0x00001c00                xTaskGetSchedulerState
 .text.vTaskPriorityInherit
                0x00001c3c       0xf0 ./FreeRTOS/efm32g/tasks.o
                0x00001c3c                vTaskPriorityInherit
 .text.xTaskPriorityDisinherit
                0x00001d2c       0xfc ./FreeRTOS/efm32g/tasks.o
                0x00001d2c                xTaskPriorityDisinherit
 .text.pvTaskIncrementMutexHeldCount
                0x00001e28       0x28 ./FreeRTOS/efm32g/tasks.o
                0x00001e28                pvTaskIncrementMutexHeldCount
 .text.prvAddCurrentTaskToDelayedList
                0x00001e50       0xc8 ./FreeRTOS/efm32g/tasks.o
 .text.xTimerCreateTimerTask
                0x00001f18       0x5c ./FreeRTOS/efm32g/timers.o
                0x00001f18                xTimerCreateTimerTask
 .text.xTimerGenericCommand
                0x00001f74       0xa0 ./FreeRTOS/efm32g/timers.o
                0x00001f74                xTimerGenericCommand
 .text.prvProcessExpiredTimer
                0x00002014       0x78 ./FreeRTOS/efm32g/timers.o
 .text.prvTimerTask
                0x0000208c       0x24 ./FreeRTOS/efm32g/timers.o
 .text.prvProcessTimerOrBlockTask
                0x000020b0       0x9c ./FreeRTOS/efm32g/timers.o
 .text.prvGetNextExpireTime
                0x0000214c       0x48 ./FreeRTOS/efm32g/timers.o
 .text.prvSampleTimeNow
                0x00002194       0x40 ./FreeRTOS/efm32g/timers.o
 .text.prvInsertTimerInActiveList
                0x000021d4       0x84 ./FreeRTOS/efm32g/timers.o
 .text.prvProcessReceivedCommands
                0x00002258      0x11c ./FreeRTOS/efm32g/timers.o
 .text.prvSwitchTimerLists
                0x00002374       0xb8 ./FreeRTOS/efm32g/timers.o
 .text.prvCheckForValidListAndQueue
                0x0000242c       0x6c ./FreeRTOS/efm32g/timers.o
 .text.pxPortInitialiseStack
                0x00002498       0x5c ./FreeRTOS/efm32gg/port.o
                0x00002498                pxPortInitialiseStack
 .text.prvTaskExitError
                0x000024f4       0x34 ./FreeRTOS/efm32gg/port.o
 *fill*         0x00002528        0x8 
 .text.SVC_Handler
                0x00002530       0x24 ./FreeRTOS/efm32gg/port.o
                0x00002530                SVC_Handler
 .text.prvPortStartFirstTask
                0x00002554       0x20 ./FreeRTOS/efm32gg/port.o
 .text.xPortStartScheduler
                0x00002574       0xbc ./FreeRTOS/efm32gg/port.o
                0x00002574                xPortStartScheduler
 .text.vPortEnterCritical
                0x00002630       0x50 ./FreeRTOS/efm32gg/port.o
                0x00002630                vPortEnterCritical
 .text.vPortExitCritical
                0x00002680       0x44 ./FreeRTOS/efm32gg/port.o
                0x00002680                vPortExitCritical
 *fill*         0x000026c4        0xc 
 .text.PendSV_Handler
                0x000026d0       0x44 ./FreeRTOS/efm32gg/port.o
                0x000026d0                PendSV_Handler
 .text.SysTick_Handler
                0x00002714       0x40 ./FreeRTOS/efm32gg/port.o
                0x00002714                SysTick_Handler
 .text.vPortValidateInterruptPriority
                0x00002754       0x64 ./FreeRTOS/efm32gg/port.o
                0x00002754                vPortValidateInterruptPriority
 .text.assertEFM
                0x000027b8        0xc ./emlib/em_assert.o
                0x000027b8                assertEFM
 .text.BUS_RegBitWrite
                0x000027c4       0x2c ./emlib/em_cmu.o
 .text.BUS_RegBitRead
                0x000027f0       0x2c ./emlib/em_cmu.o
 .text.CMU_DivToLog2
                0x0000281c       0x3c ./emlib/em_cmu.o
 .text.SYSTEM_GetProdRev
                0x00002858       0x1c ./emlib/em_cmu.o
 .text.SYSTEM_GetFamily
                0x00002874       0x20 ./emlib/em_cmu.o
 .text.maxFreqHfle
                0x00002894       0x84 ./emlib/em_cmu.o
 .text.setHfLeConfig
                0x00002918       0x3c ./emlib/em_cmu.o
 .text.getHfLeConfig
                0x00002954       0x40 ./emlib/em_cmu.o
 .text.auxClkGet
                0x00002994       0xc0 ./emlib/em_cmu.o
 .text.dbgClkGet
                0x00002a54       0x4c ./emlib/em_cmu.o
 .text.flashWaitStateControl
                0x00002aa0       0xb8 ./emlib/em_cmu.o
 .text.flashWaitStateMax
                0x00002b58       0x14 ./emlib/em_cmu.o
 .text.lfClkGet
                0x00002b6c      0x10c ./emlib/em_cmu.o
 .text.syncReg  0x00002c78       0x34 ./emlib/em_cmu.o
 .text.CMU_ClockDivSet
                0x00002cac      0x274 ./emlib/em_cmu.o
                0x00002cac                CMU_ClockDivSet
 .text.CMU_ClockEnable
                0x00002f20       0xe4 ./emlib/em_cmu.o
                0x00002f20                CMU_ClockEnable
 .text.CMU_ClockFreqGet
                0x00003004      0x16c ./emlib/em_cmu.o
                0x00003004                CMU_ClockFreqGet
 .text.CMU_ClockSelectGet
                0x00003170      0x130 ./emlib/em_cmu.o
                0x00003170                CMU_ClockSelectGet
 .text.CMU_ClockSelectSet
                0x000032a0      0x280 ./emlib/em_cmu.o
                0x000032a0                CMU_ClockSelectSet
 .text.CMU_OscillatorEnable
                0x00003520       0xcc ./emlib/em_cmu.o
                0x00003520                CMU_OscillatorEnable
 .text.CORE_EnterAtomic
                0x000035ec       0x20 ./emlib/em_core.o
                0x000035ec                CORE_EnterAtomic
 .text.CORE_ExitAtomic
                0x0000360c       0x1c ./emlib/em_core.o
                0x0000360c                CORE_ExitAtomic
 .text.SystemCoreClockUpdate
                0x00003628        0xc ./emlib/em_emu.o
 .text.EMU_Unlock
                0x00003634       0x18 ./emlib/em_emu.o
 .text.CMU_Lock
                0x0000364c       0x18 ./emlib/em_emu.o
 .text.CMU_Unlock
                0x00003664       0x1c ./emlib/em_emu.o
 .text.emuRestore
                0x00003680       0xf0 ./emlib/em_emu.o
 .text.getErrataFixEmuE107En
                0x00003770       0x64 ./emlib/em_emu.o
 .text.EMU_EnterEM2
                0x000037d4       0x9c ./emlib/em_emu.o
                0x000037d4                EMU_EnterEM2
 .text.EMU_EnterEM3
                0x00003870       0xbc ./emlib/em_emu.o
                0x00003870                EMU_EnterEM3
 .text.EMU_EnterEM4
                0x0000392c       0x50 ./emlib/em_emu.o
                0x0000392c                EMU_EnterEM4
 .text.EMU_UpdateOscConfig
                0x0000397c       0x1c ./emlib/em_emu.o
                0x0000397c                EMU_UpdateOscConfig
 .text.BUS_RegBitWrite
                0x00003998       0x2c ./emlib/em_rmu.o
 .text.EMU_Lock
                0x000039c4       0x18 ./emlib/em_rmu.o
 .text.EMU_Unlock
                0x000039dc       0x18 ./emlib/em_rmu.o
 .text.RMU_ResetCauseClear
                0x000039f4       0x50 ./emlib/em_rmu.o
                0x000039f4                RMU_ResetCauseClear
 .text.RMU_ResetCauseGet
                0x00003a44       0x6c ./emlib/em_rmu.o
                0x00003a44                RMU_ResetCauseGet
 .text.BUS_RegBitWrite
                0x00003ab0       0x2c ./emlib/em_rtc.o
 .text.RTC_CompareGet
                0x00003adc       0x4c ./emlib/em_rtc.o
                0x00003adc                RTC_CompareGet
 .text.RTC_CompareSet
                0x00003b28       0x54 ./emlib/em_rtc.o
                0x00003b28                RTC_CompareSet
 .text.RTC_Enable
                0x00003b7c       0x20 ./emlib/em_rtc.o
                0x00003b7c                RTC_Enable
 .text.RTC_Init
                0x00003b9c       0x50 ./emlib/em_rtc.o
                0x00003b9c                RTC_Init
 .text.SYSTEM_ChipRevisionGet
                0x00003bec       0x80 ./emlib/em_system.o
                0x00003bec                SYSTEM_ChipRevisionGet
 .text.NVIC_EnableIRQ
                0x00003c6c       0x30 ./src/low_power_tick_management.o
 .text.NVIC_ClearPendingIRQ
                0x00003c9c       0x34 ./src/low_power_tick_management.o
 .text.NVIC_SetPriority
                0x00003cd0       0x54 ./src/low_power_tick_management.o
 .text.RTC_IntClear
                0x00003d24       0x1c ./src/low_power_tick_management.o
 .text.RTC_IntDisable
                0x00003d40       0x24 ./src/low_power_tick_management.o
 .text.RTC_IntEnable
                0x00003d64       0x24 ./src/low_power_tick_management.o
 .text.vApplicationIdleHook
                0x00003d88        0xc ./src/low_power_tick_management.o
                0x00003d88                vApplicationIdleHook
 .text.RTC_IRQHandler
                0x00003d94       0x78 ./src/low_power_tick_management.o
                0x00003d94                RTC_IRQHandler
 .text.vPortSetupTimerInterrupt
                0x00003e0c       0x84 ./src/low_power_tick_management.o
                0x00003e0c                vPortSetupTimerInterrupt
 .text.CHIP_Init
                0x00003e90       0x40 ./src/main.o
 .text.LedBlink
                0x00003ed0       0x1c ./src/main.o
 .text.main     0x00003eec       0x60 ./src/main.o
                0x00003eec                main
 .text.exit     0x00003f4c       0x28 c:/siliconlabs/simplicitystudio/v4/developer/toolchains/gnu_arm/4.9_2015q3/bin/../lib/gcc/arm-none-eabi/4.9.3/../../../../arm-none-eabi/lib/armv7-m\libc_nano.a(lib_a-exit.o)
                0x00003f4c                exit
 .text.__libc_init_array
                0x00003f74       0x4c c:/siliconlabs/simplicitystudio/v4/developer/toolchains/gnu_arm/4.9_2015q3/bin/../lib/gcc/arm-none-eabi/4.9.3/../../../../arm-none-eabi/lib/armv7-m\libc_nano.a(lib_a-init.o)
                0x00003f74                __libc_init_array
 .text.memcpy   0x00003fc0       0x16 c:/siliconlabs/simplicitystudio/v4/developer/toolchains/gnu_arm/4.9_2015q3/bin/../lib/gcc/arm-none-eabi/4.9.3/../../../../arm-none-eabi/lib/armv7-m\libc_nano.a(lib_a-memcpy.o)
                0x00003fc0                memcpy
 .text.memset   0x00003fd6       0x10 c:/siliconlabs/simplicitystudio/v4/developer/toolchains/gnu_arm/4.9_2015q3/bin/../lib/gcc/arm-none-eabi/4.9.3/../../../../arm-none-eabi/lib/armv7-m\libc_nano.a(lib_a-memset.o)
                0x00003fd6                memset
 *fill*         0x00003fe6        0x2 
 .text._exit    0x00003fe8        0x4 c:/siliconlabs/simplicitystudio/v4/developer/toolchains/gnu_arm/4.9_2015q3/bin/../lib/gcc/arm-none-eabi/4.9.3/../../../../arm-none-eabi/lib/armv7-m\libnosys.a(_exit.o)
                0x00003fe8                _exit
 *(.init)
 .init          0x00003fec        0x4 c:/siliconlabs/simplicitystudio/v4/developer/toolchains/gnu_arm/4.9_2015q3/bin/../lib/gcc/arm-none-eabi/4.9.3/armv7-m/crti.o
                0x00003fec                _init
 .init          0x00003ff0        0x8 c:/siliconlabs/simplicitystudio/v4/developer/toolchains/gnu_arm/4.9_2015q3/bin/../lib/gcc/arm-none-eabi/4.9.3/armv7-m/crtn.o
 *(.fini)
 .fini          0x00003ff8        0x4 c:/siliconlabs/simplicitystudio/v4/developer/toolchains/gnu_arm/4.9_2015q3/bin/../lib/gcc/arm-none-eabi/4.9.3/armv7-m/crti.o
                0x00003ff8                _fini
 .fini          0x00003ffc        0x8 c:/siliconlabs/simplicitystudio/v4/developer/toolchains/gnu_arm/4.9_2015q3/bin/../lib/gcc/arm-none-eabi/4.9.3/armv7-m/crtn.o
 *crtbegin.o(.ctors)
 *crtbegin?.o(.ctors)
 *(EXCLUDE_FILE(*crtend.o *crtend?.o) .ctors)
 *(SORT(.ctors.*))
 *(.ctors)
 *crtbegin.o(.dtors)
 *crtbegin?.o(.dtors)
 *(EXCLUDE_FILE(*crtend.o *crtend?.o) .dtors)
 *(SORT(.dtors.*))
 *(.dtors)
 *(.rodata*)
 .rodata        0x00004004       0x62 ./Drivers/sleep.o
 *fill*         0x00004066        0x2 
 .rodata        0x00004068       0x7c ./FreeRTOS/efm32g/heap_1.o
 .rodata        0x000040e4       0x6a ./FreeRTOS/efm32g/queue.o
 *fill*         0x0000414e        0x2 
 .rodata        0x00004150       0x71 ./FreeRTOS/efm32g/tasks.o
 *fill*         0x000041c1        0x3 
 .rodata        0x000041c4       0x79 ./FreeRTOS/efm32g/timers.o
 *fill*         0x0000423d        0x3 
 .rodata        0x00004240       0x7e ./FreeRTOS/efm32gg/port.o
 *fill*         0x000042be        0x2 
 .rodata        0x000042c0       0xbd ./emlib/em_cmu.o
 *fill*         0x0000437d        0x3 
 .rodata.resetCauseMasks
                0x00004380       0x80 ./emlib/em_rmu.o
 .rodata        0x00004400       0x5d ./emlib/em_rtc.o
 *fill*         0x0000445d        0x3 
 .rodata        0x00004460       0x60 ./emlib/em_system.o
 .rodata        0x000044c0       0x16 ./src/main.o
 .rodata.str1.1
                0x000044d6        0x2 c:/siliconlabs/simplicitystudio/v4/developer/toolchains/gnu_arm/4.9_2015q3/bin/../lib/gcc/arm-none-eabi/4.9.3/../../../../arm-none-eabi/lib/armv7-m\libc_nano.a(lib_a-impure.o)
 .rodata._global_impure_ptr
                0x000044d8        0x4 c:/siliconlabs/simplicitystudio/v4/developer/toolchains/gnu_arm/4.9_2015q3/bin/../lib/gcc/arm-none-eabi/4.9.3/../../../../arm-none-eabi/lib/armv7-m\libc_nano.a(lib_a-impure.o)
                0x000044d8                _global_impure_ptr
 *(.eh_frame*)
 .eh_frame      0x000044dc        0x0 c:/siliconlabs/simplicitystudio/v4/developer/toolchains/gnu_arm/4.9_2015q3/bin/../lib/gcc/arm-none-eabi/4.9.3/armv7-m/crtbegin.o
 .eh_frame      0x000044dc        0x4 c:/siliconlabs/simplicitystudio/v4/developer/toolchains/gnu_arm/4.9_2015q3/bin/../lib/gcc/arm-none-eabi/4.9.3/armv7-m/crtend.o

.glue_7         0x000044e0        0x0
 .glue_7        0x00000000        0x0 linker stubs

.glue_7t        0x000044e0        0x0
 .glue_7t       0x00000000        0x0 linker stubs

.vfp11_veneer   0x000044e0        0x0
 .vfp11_veneer  0x00000000        0x0 linker stubs

.v4_bx          0x000044e0        0x0
 .v4_bx         0x00000000        0x0 linker stubs

.iplt           0x000044e0        0x0
 .iplt          0x00000000        0x0 c:/siliconlabs/simplicitystudio/v4/developer/toolchains/gnu_arm/4.9_2015q3/bin/../lib/gcc/arm-none-eabi/4.9.3/armv7-m/crtbegin.o

.ARM.extab
 *(.ARM.extab* .gnu.linkonce.armextab.*)
                0x000044e0                __exidx_start = .

.ARM.exidx      0x000044e0        0x8
 *(.ARM.exidx* .gnu.linkonce.armexidx.*)
 .ARM.exidx     0x000044e0        0x8 c:/siliconlabs/simplicitystudio/v4/developer/toolchains/gnu_arm/4.9_2015q3/bin/../lib/gcc/arm-none-eabi/4.9.3/../../../../arm-none-eabi/lib/armv7-m/crt0.o
                0x000044e8                __exidx_end = .
                0x000044e8                __etext = .

.rel.dyn        0x000044e8        0x0
 .rel.iplt      0x00000000        0x0 c:/siliconlabs/simplicitystudio/v4/developer/toolchains/gnu_arm/4.9_2015q3/bin/../lib/gcc/arm-none-eabi/4.9.3/armv7-m/crtbegin.o

.data           0x20000000       0x88 load address 0x000044e8
                0x20000000                __data_start__ = .
 *(vtable)
 *(.data*)
 .data.SystemHFXOClock
                0x20000000        0x4 ./CMSIS/EFM32G/system_efm32g.o
 .data.SystemLFXOClock
                0x20000004        0x4 ./CMSIS/EFM32G/system_efm32g.o
 .data.uxCriticalNesting
                0x20000008        0x4 ./FreeRTOS/efm32gg/port.o
 .data.parametersToTask1.6667
                0x2000000c        0x8 ./src/main.o
 .data.parametersToTask2.6668
                0x20000014        0x8 ./src/main.o
 .data.impure_data
                0x2000001c       0x60 c:/siliconlabs/simplicitystudio/v4/developer/toolchains/gnu_arm/4.9_2015q3/bin/../lib/gcc/arm-none-eabi/4.9.3/../../../../arm-none-eabi/lib/armv7-m\libc_nano.a(lib_a-impure.o)
                0x2000007c                . = ALIGN (0x4)
 *(.ram)
                0x2000007c                . = ALIGN (0x4)
                0x2000007c                PROVIDE (__preinit_array_start, .)
 *(.preinit_array)
                0x2000007c                PROVIDE (__preinit_array_end, .)
                0x2000007c                . = ALIGN (0x4)
                0x2000007c                PROVIDE (__init_array_start, .)
 *(SORT(.init_array.*))
 *(.init_array)
 .init_array    0x2000007c        0x4 c:/siliconlabs/simplicitystudio/v4/developer/toolchains/gnu_arm/4.9_2015q3/bin/../lib/gcc/arm-none-eabi/4.9.3/armv7-m/crtbegin.o
                0x20000080                PROVIDE (__init_array_end, .)
                0x20000080                . = ALIGN (0x4)
                0x20000080                PROVIDE (__fini_array_start, .)
 *(SORT(.fini_array.*))
 *(.fini_array)
 .fini_array    0x20000080        0x4 c:/siliconlabs/simplicitystudio/v4/developer/toolchains/gnu_arm/4.9_2015q3/bin/../lib/gcc/arm-none-eabi/4.9.3/armv7-m/crtbegin.o
                0x20000084                PROVIDE (__fini_array_end, .)
 *(.jcr*)
 .jcr           0x20000084        0x0 c:/siliconlabs/simplicitystudio/v4/developer/toolchains/gnu_arm/4.9_2015q3/bin/../lib/gcc/arm-none-eabi/4.9.3/armv7-m/crtbegin.o
 .jcr           0x20000084        0x4 c:/siliconlabs/simplicitystudio/v4/developer/toolchains/gnu_arm/4.9_2015q3/bin/../lib/gcc/arm-none-eabi/4.9.3/armv7-m/crtend.o
                0x20000088                . = ALIGN (0x4)
                0x20000088                __data_end__ = .

.igot.plt       0x20000088        0x0 load address 0x00004570
 .igot.plt      0x00000000        0x0 c:/siliconlabs/simplicitystudio/v4/developer/toolchains/gnu_arm/4.9_2015q3/bin/../lib/gcc/arm-none-eabi/4.9.3/armv7-m/crtbegin.o

.bss            0x20000088     0x24d0 load address 0x00004570
                0x20000088                . = ALIGN (0x4)
                0x20000088                __bss_start__ = .
 *(.bss*)
 .bss           0x20000088       0x1c c:/siliconlabs/simplicitystudio/v4/developer/toolchains/gnu_arm/4.9_2015q3/bin/../lib/gcc/arm-none-eabi/4.9.3/armv7-m/crtbegin.o
 .bss.sleepCallback
                0x200000a4        0x4 ./Drivers/sleep.o
 .bss.wakeUpCallback
                0x200000a8        0x4 ./Drivers/sleep.o
 .bss.sleepBlockCnt
                0x200000ac        0x2 ./Drivers/sleep.o
 *fill*         0x200000ae        0x2 
 .bss.ucHeap    0x200000b0     0x2328 ./FreeRTOS/efm32g/heap_1.o
 .bss.xNextFreeByte
                0x200023d8        0x4 ./FreeRTOS/efm32g/heap_1.o
 .bss.pucAlignedHeap.4388
                0x200023dc        0x4 ./FreeRTOS/efm32g/heap_1.o
 .bss.pxCurrentTCB
                0x200023e0        0x4 ./FreeRTOS/efm32g/tasks.o
                0x200023e0                pxCurrentTCB
 .bss.pxReadyTasksLists
                0x200023e4       0x3c ./FreeRTOS/efm32g/tasks.o
 .bss.xDelayedTaskList1
                0x20002420       0x14 ./FreeRTOS/efm32g/tasks.o
 .bss.xDelayedTaskList2
                0x20002434       0x14 ./FreeRTOS/efm32g/tasks.o
 .bss.pxDelayedTaskList
                0x20002448        0x4 ./FreeRTOS/efm32g/tasks.o
 .bss.pxOverflowDelayedTaskList
                0x2000244c        0x4 ./FreeRTOS/efm32g/tasks.o
 .bss.xPendingReadyList
                0x20002450       0x14 ./FreeRTOS/efm32g/tasks.o
 .bss.xTasksWaitingTermination
                0x20002464       0x14 ./FreeRTOS/efm32g/tasks.o
 .bss.uxDeletedTasksWaitingCleanUp
                0x20002478        0x4 ./FreeRTOS/efm32g/tasks.o
 .bss.xSuspendedTaskList
                0x2000247c       0x14 ./FreeRTOS/efm32g/tasks.o
 .bss.uxCurrentNumberOfTasks
                0x20002490        0x4 ./FreeRTOS/efm32g/tasks.o
 .bss.xTickCount
                0x20002494        0x4 ./FreeRTOS/efm32g/tasks.o
 .bss.uxTopReadyPriority
                0x20002498        0x4 ./FreeRTOS/efm32g/tasks.o
 .bss.xSchedulerRunning
                0x2000249c        0x4 ./FreeRTOS/efm32g/tasks.o
 .bss.uxPendedTicks
                0x200024a0        0x4 ./FreeRTOS/efm32g/tasks.o
 .bss.xYieldPending
                0x200024a4        0x4 ./FreeRTOS/efm32g/tasks.o
 .bss.xNumOfOverflows
                0x200024a8        0x4 ./FreeRTOS/efm32g/tasks.o
 .bss.uxTaskNumber
                0x200024ac        0x4 ./FreeRTOS/efm32g/tasks.o
 .bss.xNextTaskUnblockTime
                0x200024b0        0x4 ./FreeRTOS/efm32g/tasks.o
 .bss.xIdleTaskHandle
                0x200024b4        0x4 ./FreeRTOS/efm32g/tasks.o
 .bss.uxSchedulerSuspended
                0x200024b8        0x4 ./FreeRTOS/efm32g/tasks.o
 .bss.xActiveTimerList1
                0x200024bc       0x14 ./FreeRTOS/efm32g/timers.o
 .bss.xActiveTimerList2
                0x200024d0       0x14 ./FreeRTOS/efm32g/timers.o
 .bss.pxCurrentTimerList
                0x200024e4        0x4 ./FreeRTOS/efm32g/timers.o
 .bss.pxOverflowTimerList
                0x200024e8        0x4 ./FreeRTOS/efm32g/timers.o
 .bss.xTimerQueue
                0x200024ec        0x4 ./FreeRTOS/efm32g/timers.o
 .bss.xTimerTaskHandle
                0x200024f0        0x4 ./FreeRTOS/efm32g/timers.o
 .bss.xLastTime.4671
                0x200024f4        0x4 ./FreeRTOS/efm32g/timers.o
 .bss.ucMaxSysCallPriority
                0x200024f8        0x1 ./FreeRTOS/efm32gg/port.o
 *fill*         0x200024f9        0x3 
 .bss.ulMaxPRIGROUPValue
                0x200024fc        0x4 ./FreeRTOS/efm32gg/port.o
 .bss.cmuStatus
                0x20002500        0x4 ./emlib/em_emu.o
 *(COMMON)
 COMMON         0x20002504        0x4 ./CMSIS/EFM32G/system_efm32g.o
                0x20002504                SystemCoreClock
 COMMON         0x20002508       0x50 ./FreeRTOS/efm32g/queue.o
                0x20002508                xQueueRegistry
                0x20002558                . = ALIGN (0x4)
                0x20002558                __bss_end__ = .

.heap           0x20002558     0x1800
                0x20002558                __HeapBase = .
                0x20002558                __end__ = .
                0x20002558                end = __end__
                0x20002558                _end = __end__
 *(.heap*)
 .heap          0x20002558      0xc00 ./CMSIS/EFM32G/startup_efm32g.o
 .heap          0x20003158      0xc00 ./CMSIS/EFM32GG/startup_efm32g.o
                0x20003d58                __HeapLimit = .

.stack_dummy    0x20002558      0x800
 *(.stack*)
 .stack         0x20002558      0x400 ./CMSIS/EFM32G/startup_efm32g.o
 .stack         0x20002958      0x400 ./CMSIS/EFM32GG/startup_efm32g.o
                0x20020000                __StackTop = (ORIGIN (RAM) + 0x20000)
                0x2001f800                __StackLimit = (__StackTop - SIZEOF (.stack_dummy))
                0x20020000                PROVIDE (__stack, __StackTop)
                0x00000001                ASSERT ((__StackLimit >= __HeapLimit), region RAM overflowed with stack)
                0x00000001                ASSERT ((0x100000 >= (__etext + SIZEOF (.data))), FLASH memory overflowed !)
OUTPUT(STKXXX_freertos_blink.axf elf32-littlearm)

.ARM.attributes
                0x00000000       0x29
 .ARM.attributes
                0x00000000       0x1d c:/siliconlabs/simplicitystudio/v4/developer/toolchains/gnu_arm/4.9_2015q3/bin/../lib/gcc/arm-none-eabi/4.9.3/armv7-m/crti.o
 .ARM.attributes
                0x0000001d       0x2d c:/siliconlabs/simplicitystudio/v4/developer/toolchains/gnu_arm/4.9_2015q3/bin/../lib/gcc/arm-none-eabi/4.9.3/armv7-m/crtbegin.o
 .ARM.attributes
                0x0000004a       0x1b c:/siliconlabs/simplicitystudio/v4/developer/toolchains/gnu_arm/4.9_2015q3/bin/../lib/gcc/arm-none-eabi/4.9.3/../../../../arm-none-eabi/lib/armv7-m/crt0.o
 .ARM.attributes
                0x00000065       0x1b ./CMSIS/EFM32G/startup_efm32g.o
 .ARM.attributes
                0x00000080       0x33 ./CMSIS/EFM32G/system_efm32g.o
 .ARM.attributes
                0x000000b3       0x1b ./CMSIS/EFM32GG/startup_efm32g.o
 .ARM.attributes
                0x000000ce       0x33 ./Drivers/sleep.o
 .ARM.attributes
                0x00000101       0x33 ./FreeRTOS/efm32g/heap_1.o
 .ARM.attributes
                0x00000134       0x33 ./FreeRTOS/efm32g/list.o
 .ARM.attributes
                0x00000167       0x33 ./FreeRTOS/efm32g/queue.o
 .ARM.attributes
                0x0000019a       0x33 ./FreeRTOS/efm32g/tasks.o
 .ARM.attributes
                0x000001cd       0x33 ./FreeRTOS/efm32g/timers.o
 .ARM.attributes
                0x00000200       0x33 ./FreeRTOS/efm32gg/port.o
 .ARM.attributes
                0x00000233       0x33 ./emlib/em_assert.o
 .ARM.attributes
                0x00000266       0x33 ./emlib/em_cmu.o
 .ARM.attributes
                0x00000299       0x33 ./emlib/em_core.o
 .ARM.attributes
                0x000002cc       0x33 ./emlib/em_emu.o
 .ARM.attributes
                0x000002ff       0x33 ./emlib/em_rmu.o
 .ARM.attributes
                0x00000332       0x33 ./emlib/em_rtc.o
 .ARM.attributes
                0x00000365       0x33 ./emlib/em_system.o
 .ARM.attributes
                0x00000398       0x33 ./src/low_power_tick_management.o
 .ARM.attributes
                0x000003cb       0x33 ./src/main.o
 .ARM.attributes
                0x000003fe       0x2d c:/siliconlabs/simplicitystudio/v4/developer/toolchains/gnu_arm/4.9_2015q3/bin/../lib/gcc/arm-none-eabi/4.9.3/../../../../arm-none-eabi/lib/armv7-m\libc_nano.a(lib_a-exit.o)
 .ARM.attributes
                0x0000042b       0x2d c:/siliconlabs/simplicitystudio/v4/developer/toolchains/gnu_arm/4.9_2015q3/bin/../lib/gcc/arm-none-eabi/4.9.3/../../../../arm-none-eabi/lib/armv7-m\libc_nano.a(lib_a-impure.o)
 .ARM.attributes
                0x00000458       0x2d c:/siliconlabs/simplicitystudio/v4/developer/toolchains/gnu_arm/4.9_2015q3/bin/../lib/gcc/arm-none-eabi/4.9.3/../../../../arm-none-eabi/lib/armv7-m\libc_nano.a(lib_a-init.o)
 .ARM.attributes
                0x00000485       0x2d c:/siliconlabs/simplicitystudio/v4/developer/toolchains/gnu_arm/4.9_2015q3/bin/../lib/gcc/arm-none-eabi/4.9.3/../../../../arm-none-eabi/lib/armv7-m\libc_nano.a(lib_a-memcpy.o)
 .ARM.attributes
                0x000004b2       0x2d c:/siliconlabs/simplicitystudio/v4/developer/toolchains/gnu_arm/4.9_2015q3/bin/../lib/gcc/arm-none-eabi/4.9.3/../../../../arm-none-eabi/lib/armv7-m\libc_nano.a(lib_a-memset.o)
 .ARM.attributes
                0x000004df       0x2d c:/siliconlabs/simplicitystudio/v4/developer/toolchains/gnu_arm/4.9_2015q3/bin/../lib/gcc/arm-none-eabi/4.9.3/../../../../arm-none-eabi/lib/armv7-m\libnosys.a(_exit.o)
 .ARM.attributes
                0x0000050c       0x2d c:/siliconlabs/simplicitystudio/v4/developer/toolchains/gnu_arm/4.9_2015q3/bin/../lib/gcc/arm-none-eabi/4.9.3/armv7-m/crtend.o
 .ARM.attributes
                0x00000539       0x1d c:/siliconlabs/simplicitystudio/v4/developer/toolchains/gnu_arm/4.9_2015q3/bin/../lib/gcc/arm-none-eabi/4.9.3/armv7-m/crtn.o

.comment        0x00000000       0x70
 .comment       0x00000000       0x70 ./CMSIS/EFM32G/system_efm32g.o
                                 0x71 (size before relaxing)
 .comment       0x00000000       0x71 ./Drivers/sleep.o
 .comment       0x00000000       0x71 ./FreeRTOS/efm32g/heap_1.o
 .comment       0x00000000       0x71 ./FreeRTOS/efm32g/list.o
 .comment       0x00000000       0x71 ./FreeRTOS/efm32g/queue.o
 .comment       0x00000000       0x71 ./FreeRTOS/efm32g/tasks.o
 .comment       0x00000000       0x71 ./FreeRTOS/efm32g/timers.o
 .comment       0x00000000       0x71 ./FreeRTOS/efm32gg/port.o
 .comment       0x00000000       0x71 ./emlib/em_assert.o
 .comment       0x00000000       0x71 ./emlib/em_cmu.o
 .comment       0x00000000       0x71 ./emlib/em_core.o
 .comment       0x00000000       0x71 ./emlib/em_emu.o
 .comment       0x00000000       0x71 ./emlib/em_rmu.o
 .comment       0x00000000       0x71 ./emlib/em_rtc.o
 .comment       0x00000000       0x71 ./emlib/em_system.o
 .comment       0x00000000       0x71 ./src/low_power_tick_management.o
 .comment       0x00000000       0x71 ./src/main.o

.debug_line     0x00000000     0x5433
 .debug_line    0x00000000       0xcb ./CMSIS/EFM32G/startup_efm32g.o
 .debug_line    0x000000cb      0x377 ./CMSIS/EFM32G/system_efm32g.o
 .debug_line    0x00000442       0xcb ./CMSIS/EFM32GG/startup_efm32g.o
 .debug_line    0x0000050d      0x496 ./Drivers/sleep.o
 .debug_line    0x000009a3      0x26b ./FreeRTOS/efm32g/heap_1.o
 .debug_line    0x00000c0e      0x2f8 ./FreeRTOS/efm32g/list.o
 .debug_line    0x00000f06      0x824 ./FreeRTOS/efm32g/queue.o
 .debug_line    0x0000172a      0xbfb ./FreeRTOS/efm32g/tasks.o
 .debug_line    0x00002325      0x535 ./FreeRTOS/efm32g/timers.o
 .debug_line    0x0000285a      0x379 ./FreeRTOS/efm32gg/port.o
 .debug_line    0x00002bd3       0x95 ./emlib/em_assert.o
 .debug_line    0x00002c68      0xa4d ./emlib/em_cmu.o
 .debug_line    0x000036b5      0x652 ./emlib/em_core.o
 .debug_line    0x00003d07      0x5ae ./emlib/em_emu.o
 .debug_line    0x000042b5      0x3b2 ./emlib/em_rmu.o
 .debug_line    0x00004667      0x395 ./emlib/em_rtc.o
 .debug_line    0x000049fc      0x300 ./emlib/em_system.o
 .debug_line    0x00004cfc      0x3ff ./src/low_power_tick_management.o
 .debug_line    0x000050fb      0x338 ./src/main.o

.debug_info     0x00000000     0x8b3f
 .debug_info    0x00000000      0x107 ./CMSIS/EFM32G/startup_efm32g.o
 .debug_info    0x00000107      0x5a1 ./CMSIS/EFM32G/system_efm32g.o
 .debug_info    0x000006a8      0x107 ./CMSIS/EFM32GG/startup_efm32g.o
 .debug_info    0x000007af      0x65d ./Drivers/sleep.o
 .debug_info    0x00000e0c      0x190 ./FreeRTOS/efm32g/heap_1.o
 .debug_info    0x00000f9c      0x2cc ./FreeRTOS/efm32g/list.o
 .debug_info    0x00001268      0xeaf ./FreeRTOS/efm32g/queue.o
 .debug_info    0x00002117     0x1648 ./FreeRTOS/efm32g/tasks.o
 .debug_info    0x0000375f      0x9cd ./FreeRTOS/efm32g/timers.o
 .debug_info    0x0000412c      0x3dd ./FreeRTOS/efm32gg/port.o
 .debug_info    0x00004509       0x76 ./emlib/em_assert.o
 .debug_info    0x0000457f     0x14c4 ./emlib/em_cmu.o
 .debug_info    0x00005a43      0xcee ./emlib/em_core.o
 .debug_info    0x00006731      0xdd1 ./emlib/em_emu.o
 .debug_info    0x00007502      0x4ab ./emlib/em_rmu.o
 .debug_info    0x000079ad      0x33f ./emlib/em_rtc.o
 .debug_info    0x00007cec      0x269 ./emlib/em_system.o
 .debug_info    0x00007f55      0x999 ./src/low_power_tick_management.o
 .debug_info    0x000088ee      0x251 ./src/main.o

.debug_abbrev   0x00000000     0x1cfd
 .debug_abbrev  0x00000000       0x14 ./CMSIS/EFM32G/startup_efm32g.o
 .debug_abbrev  0x00000014      0x1a3 ./CMSIS/EFM32G/system_efm32g.o
 .debug_abbrev  0x000001b7       0x14 ./CMSIS/EFM32GG/startup_efm32g.o
 .debug_abbrev  0x000001cb      0x245 ./Drivers/sleep.o
 .debug_abbrev  0x00000410       0xee ./FreeRTOS/efm32g/heap_1.o
 .debug_abbrev  0x000004fe       0xbe ./FreeRTOS/efm32g/list.o
 .debug_abbrev  0x000005bc      0x213 ./FreeRTOS/efm32g/queue.o
 .debug_abbrev  0x000007cf      0x28a ./FreeRTOS/efm32g/tasks.o
 .debug_abbrev  0x00000a59      0x184 ./FreeRTOS/efm32g/timers.o
 .debug_abbrev  0x00000bdd      0x1f8 ./FreeRTOS/efm32gg/port.o
 .debug_abbrev  0x00000dd5       0x63 ./emlib/em_assert.o
 .debug_abbrev  0x00000e38      0x2ed ./emlib/em_cmu.o
 .debug_abbrev  0x00001125      0x237 ./emlib/em_core.o
 .debug_abbrev  0x0000135c      0x252 ./emlib/em_emu.o
 .debug_abbrev  0x000015ae      0x1d2 ./emlib/em_rmu.o
 .debug_abbrev  0x00001780      0x17c ./emlib/em_rtc.o
 .debug_abbrev  0x000018fc       0xde ./emlib/em_system.o
 .debug_abbrev  0x000019da      0x228 ./src/low_power_tick_management.o
 .debug_abbrev  0x00001c02       0xfb ./src/main.o

.debug_aranges  0x00000000      0x9c0
 .debug_aranges
                0x00000000       0x20 ./CMSIS/EFM32G/startup_efm32g.o
 .debug_aranges
                0x00000020       0x70 ./CMSIS/EFM32G/system_efm32g.o
 .debug_aranges
                0x00000090       0x20 ./CMSIS/EFM32GG/startup_efm32g.o
 .debug_aranges
                0x000000b0       0x70 ./Drivers/sleep.o
 .debug_aranges
                0x00000120       0x38 ./FreeRTOS/efm32g/heap_1.o
 .debug_aranges
                0x00000158       0x40 ./FreeRTOS/efm32g/list.o
 .debug_aranges
                0x00000198       0xe8 ./FreeRTOS/efm32g/queue.o
 .debug_aranges
                0x00000280      0x1a0 ./FreeRTOS/efm32g/tasks.o
 .debug_aranges
                0x00000420       0xb8 ./FreeRTOS/efm32g/timers.o
 .debug_aranges
                0x000004d8       0x78 ./FreeRTOS/efm32gg/port.o
 .debug_aranges
                0x00000550       0x20 ./emlib/em_assert.o
 .debug_aranges
                0x00000570      0x160 ./emlib/em_cmu.o
 .debug_aranges
                0x000006d0       0xe8 ./emlib/em_core.o
 .debug_aranges
                0x000007b8       0xa8 ./emlib/em_emu.o
 .debug_aranges
                0x00000860       0x50 ./emlib/em_rmu.o
 .debug_aranges
                0x000008b0       0x58 ./emlib/em_rtc.o
 .debug_aranges
                0x00000908       0x28 ./emlib/em_system.o
 .debug_aranges
                0x00000930       0x60 ./src/low_power_tick_management.o
 .debug_aranges
                0x00000990       0x30 ./src/main.o

.debug_loc      0x00000000     0x4ce8
 .debug_loc     0x00000000      0x31c ./CMSIS/EFM32G/system_efm32g.o
 .debug_loc     0x0000031c      0x310 ./Drivers/sleep.o
 .debug_loc     0x0000062c      0x128 ./FreeRTOS/efm32g/heap_1.o
 .debug_loc     0x00000754      0x1cc ./FreeRTOS/efm32g/list.o
 .debug_loc     0x00000920      0x844 ./FreeRTOS/efm32g/queue.o
 .debug_loc     0x00001164      0xf44 ./FreeRTOS/efm32g/tasks.o
 .debug_loc     0x000020a8      0x5ec ./FreeRTOS/efm32g/timers.o
 .debug_loc     0x00002694      0x294 ./FreeRTOS/efm32gg/port.o
 .debug_loc     0x00002928       0x38 ./emlib/em_assert.o
 .debug_loc     0x00002960      0xcac ./emlib/em_cmu.o
 .debug_loc     0x0000360c      0x844 ./emlib/em_core.o
 .debug_loc     0x00003e50      0x57c ./emlib/em_emu.o
 .debug_loc     0x000043cc      0x23c ./emlib/em_rmu.o
 .debug_loc     0x00004608      0x274 ./emlib/em_rtc.o
 .debug_loc     0x0000487c       0xac ./emlib/em_system.o
 .debug_loc     0x00004928      0x2f4 ./src/low_power_tick_management.o
 .debug_loc     0x00004c1c       0xcc ./src/main.o

.debug_ranges   0x00000000      0x870
 .debug_ranges  0x00000000       0x60 ./CMSIS/EFM32G/system_efm32g.o
 .debug_ranges  0x00000060       0x60 ./Drivers/sleep.o
 .debug_ranges  0x000000c0       0x28 ./FreeRTOS/efm32g/heap_1.o
 .debug_ranges  0x000000e8       0x30 ./FreeRTOS/efm32g/list.o
 .debug_ranges  0x00000118       0xd8 ./FreeRTOS/efm32g/queue.o
 .debug_ranges  0x000001f0      0x190 ./FreeRTOS/efm32g/tasks.o
 .debug_ranges  0x00000380       0xa8 ./FreeRTOS/efm32g/timers.o
 .debug_ranges  0x00000428       0x68 ./FreeRTOS/efm32gg/port.o
 .debug_ranges  0x00000490       0x10 ./emlib/em_assert.o
 .debug_ranges  0x000004a0      0x150 ./emlib/em_cmu.o
 .debug_ranges  0x000005f0       0xd8 ./emlib/em_core.o
 .debug_ranges  0x000006c8       0x98 ./emlib/em_emu.o
 .debug_ranges  0x00000760       0x40 ./emlib/em_rmu.o
 .debug_ranges  0x000007a0       0x48 ./emlib/em_rtc.o
 .debug_ranges  0x000007e8       0x18 ./emlib/em_system.o
 .debug_ranges  0x00000800       0x50 ./src/low_power_tick_management.o
 .debug_ranges  0x00000850       0x20 ./src/main.o

.debug_str      0x00000000     0x3b7e
 .debug_str     0x00000000      0x443 ./CMSIS/EFM32G/system_efm32g.o
                                0x4c3 (size before relaxing)
 .debug_str     0x00000443      0x2a6 ./Drivers/sleep.o
                                0x479 (size before relaxing)
 .debug_str     0x000006e9       0xfe ./FreeRTOS/efm32g/heap_1.o
                                0x287 (size before relaxing)
 .debug_str     0x000007e7      0x19d ./FreeRTOS/efm32g/list.o
                                0x31f (size before relaxing)
 .debug_str     0x00000984      0x55e ./FreeRTOS/efm32g/queue.o
                                0x7da (size before relaxing)
 .debug_str     0x00000ee2      0xa60 ./FreeRTOS/efm32g/tasks.o
                                0xdbd (size before relaxing)
 .debug_str     0x00001942      0x46b ./FreeRTOS/efm32g/timers.o
                                0x73e (size before relaxing)
 .debug_str     0x00001dad      0x22f ./FreeRTOS/efm32gg/port.o
                                0x442 (size before relaxing)
 .debug_str     0x00001fdc       0x74 ./emlib/em_assert.o
                                0x14a (size before relaxing)
 .debug_str     0x00002050      0xc31 ./emlib/em_cmu.o
                               0x101a (size before relaxing)
 .debug_str     0x00002c81      0x5ca ./emlib/em_core.o
                                0x838 (size before relaxing)
 .debug_str     0x0000324b      0x41b ./emlib/em_emu.o
                                0x857 (size before relaxing)
 .debug_str     0x00003666      0x18b ./emlib/em_rmu.o
                                0x402 (size before relaxing)
 .debug_str     0x000037f1      0x108 ./emlib/em_rtc.o
                                0x2e0 (size before relaxing)
 .debug_str     0x000038f9       0xf7 ./emlib/em_system.o
                                0x2de (size before relaxing)
 .debug_str     0x000039f0      0x117 ./src/low_power_tick_management.o
                                0x990 (size before relaxing)
 .debug_str     0x00003b07       0x77 ./src/main.o
                                0x30a (size before relaxing)

.debug_frame    0x00000000     0x251c
 .debug_frame   0x00000000      0x180 ./CMSIS/EFM32G/system_efm32g.o
 .debug_frame   0x00000180      0x188 ./Drivers/sleep.o
 .debug_frame   0x00000308       0x98 ./FreeRTOS/efm32g/heap_1.o
 .debug_frame   0x000003a0       0xd8 ./FreeRTOS/efm32g/list.o
 .debug_frame   0x00000478      0x3c8 ./FreeRTOS/efm32g/queue.o
 .debug_frame   0x00000840      0x6f4 ./FreeRTOS/efm32g/tasks.o
 .debug_frame   0x00000f34      0x2d8 ./FreeRTOS/efm32g/timers.o
 .debug_frame   0x0000120c      0x178 ./FreeRTOS/efm32gg/port.o
 .debug_frame   0x00001384       0x2c ./emlib/em_assert.o
 .debug_frame   0x000013b0      0x5e4 ./emlib/em_cmu.o
 .debug_frame   0x00001994      0x3c4 ./emlib/em_core.o
 .debug_frame   0x00001d58      0x290 ./emlib/em_emu.o
 .debug_frame   0x00001fe8      0x110 ./emlib/em_rmu.o
 .debug_frame   0x000020f8      0x130 ./emlib/em_rtc.o
 .debug_frame   0x00002228       0x5c ./emlib/em_system.o
 .debug_frame   0x00002284      0x164 ./src/low_power_tick_management.o
 .debug_frame   0x000023e8       0x78 ./src/main.o
 .debug_frame   0x00002460       0x28 c:/siliconlabs/simplicitystudio/v4/developer/toolchains/gnu_arm/4.9_2015q3/bin/../lib/gcc/arm-none-eabi/4.9.3/../../../../arm-none-eabi/lib/armv7-m\libc_nano.a(lib_a-exit.o)
 .debug_frame   0x00002488       0x2c c:/siliconlabs/simplicitystudio/v4/developer/toolchains/gnu_arm/4.9_2015q3/bin/../lib/gcc/arm-none-eabi/4.9.3/../../../../arm-none-eabi/lib/armv7-m\libc_nano.a(lib_a-init.o)
 .debug_frame   0x000024b4       0x28 c:/siliconlabs/simplicitystudio/v4/developer/toolchains/gnu_arm/4.9_2015q3/bin/../lib/gcc/arm-none-eabi/4.9.3/../../../../arm-none-eabi/lib/armv7-m\libc_nano.a(lib_a-memcpy.o)
 .debug_frame   0x000024dc       0x20 c:/siliconlabs/simplicitystudio/v4/developer/toolchains/gnu_arm/4.9_2015q3/bin/../lib/gcc/arm-none-eabi/4.9.3/../../../../arm-none-eabi/lib/armv7-m\libc_nano.a(lib_a-memset.o)
 .debug_frame   0x000024fc       0x20 c:/siliconlabs/simplicitystudio/v4/developer/toolchains/gnu_arm/4.9_2015q3/bin/../lib/gcc/arm-none-eabi/4.9.3/../../../../arm-none-eabi/lib/armv7-m\libnosys.a(_exit.o)
