Archive member included because of file (symbol)

c:/siliconlabs/simplicitystudio/v4/developer/toolchains/gnu_arm/4.9_2015q3/bin/../lib/gcc/arm-none-eabi/4.9.3/../../../../arm-none-eabi/lib/armv7-m\libc_nano.a(lib_a-exit.o)
                              c:/siliconlabs/simplicitystudio/v4/developer/toolchains/gnu_arm/4.9_2015q3/bin/../lib/gcc/arm-none-eabi/4.9.3/../../../../arm-none-eabi/lib/armv7-m/crt0.o (exit)
c:/siliconlabs/simplicitystudio/v4/developer/toolchains/gnu_arm/4.9_2015q3/bin/../lib/gcc/arm-none-eabi/4.9.3/../../../../arm-none-eabi/lib/armv7-m\libc_nano.a(lib_a-impure.o)
                              c:/siliconlabs/simplicitystudio/v4/developer/toolchains/gnu_arm/4.9_2015q3/bin/../lib/gcc/arm-none-eabi/4.9.3/../../../../arm-none-eabi/lib/armv7-m\libc_nano.a(lib_a-exit.o) (_global_impure_ptr)
c:/siliconlabs/simplicitystudio/v4/developer/toolchains/gnu_arm/4.9_2015q3/bin/../lib/gcc/arm-none-eabi/4.9.3/../../../../arm-none-eabi/lib/armv7-m\libc_nano.a(lib_a-init.o)
                              c:/siliconlabs/simplicitystudio/v4/developer/toolchains/gnu_arm/4.9_2015q3/bin/../lib/gcc/arm-none-eabi/4.9.3/../../../../arm-none-eabi/lib/armv7-m/crt0.o (__libc_init_array)
c:/siliconlabs/simplicitystudio/v4/developer/toolchains/gnu_arm/4.9_2015q3/bin/../lib/gcc/arm-none-eabi/4.9.3/../../../../arm-none-eabi/lib/armv7-m\libc_nano.a(lib_a-memcpy.o)
                              ./FreeRTOS/efm32g/queue.o (memcpy)
c:/siliconlabs/simplicitystudio/v4/developer/toolchains/gnu_arm/4.9_2015q3/bin/../lib/gcc/arm-none-eabi/4.9.3/../../../../arm-none-eabi/lib/armv7-m\libc_nano.a(lib_a-memset.o)
                              c:/siliconlabs/simplicitystudio/v4/developer/toolchains/gnu_arm/4.9_2015q3/bin/../lib/gcc/arm-none-eabi/4.9.3/../../../../arm-none-eabi/lib/armv7-m/crt0.o (memset)
c:/siliconlabs/simplicitystudio/v4/developer/toolchains/gnu_arm/4.9_2015q3/bin/../lib/gcc/arm-none-eabi/4.9.3/../../../../arm-none-eabi/lib/armv7-m\libnosys.a(_exit.o)
                              c:/siliconlabs/simplicitystudio/v4/developer/toolchains/gnu_arm/4.9_2015q3/bin/../lib/gcc/arm-none-eabi/4.9.3/../../../../arm-none-eabi/lib/armv7-m\libc_nano.a(lib_a-exit.o) (_exit)

Allocating common symbols
Common symbol       size              file

SystemCoreClock     0x4               ./CMSIS/EFM32G/system_efm32g.o
xQueueRegistry      0x50              ./FreeRTOS/efm32g/queue.o

Discarded input sections

 .text          0x00000000        0x0 c:/siliconlabs/simplicitystudio/v4/developer/toolchains/gnu_arm/4.9_2015q3/bin/../lib/gcc/arm-none-eabi/4.9.3/armv7-m/crti.o
 .data          0x00000000        0x0 c:/siliconlabs/simplicitystudio/v4/developer/toolchains/gnu_arm/4.9_2015q3/bin/../lib/gcc/arm-none-eabi/4.9.3/armv7-m/crti.o
 .bss           0x00000000        0x0 c:/siliconlabs/simplicitystudio/v4/developer/toolchains/gnu_arm/4.9_2015q3/bin/../lib/gcc/arm-none-eabi/4.9.3/armv7-m/crti.o
 .data          0x00000000        0x4 c:/siliconlabs/simplicitystudio/v4/developer/toolchains/gnu_arm/4.9_2015q3/bin/../lib/gcc/arm-none-eabi/4.9.3/armv7-m/crtbegin.o
 .data          0x00000000        0x0 c:/siliconlabs/simplicitystudio/v4/developer/toolchains/gnu_arm/4.9_2015q3/bin/../lib/gcc/arm-none-eabi/4.9.3/../../../../arm-none-eabi/lib/armv7-m/crt0.o
 .bss           0x00000000        0x0 c:/siliconlabs/simplicitystudio/v4/developer/toolchains/gnu_arm/4.9_2015q3/bin/../lib/gcc/arm-none-eabi/4.9.3/../../../../arm-none-eabi/lib/armv7-m/crt0.o
 .ARM.extab     0x00000000        0x0 c:/siliconlabs/simplicitystudio/v4/developer/toolchains/gnu_arm/4.9_2015q3/bin/../lib/gcc/arm-none-eabi/4.9.3/../../../../arm-none-eabi/lib/armv7-m/crt0.o
 .data          0x00000000        0x0 ./CMSIS/EFM32G/startup_efm32g.o
 .bss           0x00000000        0x0 ./CMSIS/EFM32G/startup_efm32g.o
 .text          0x00000000        0x0 ./CMSIS/EFM32G/system_efm32g.o
 .data          0x00000000        0x0 ./CMSIS/EFM32G/system_efm32g.o
 .bss           0x00000000        0x0 ./CMSIS/EFM32G/system_efm32g.o
 .text.SystemHFXOClockGet
                0x00000000       0x18 ./CMSIS/EFM32G/system_efm32g.o
 .text.SystemHFXOClockSet
                0x00000000       0x2c ./CMSIS/EFM32G/system_efm32g.o
 .text.SystemLFRCOClockGet
                0x00000000       0x14 ./CMSIS/EFM32G/system_efm32g.o
 .text.SystemULFRCOClockGet
                0x00000000       0x14 ./CMSIS/EFM32G/system_efm32g.o
 .text.SystemLFXOClockGet
                0x00000000       0x18 ./CMSIS/EFM32G/system_efm32g.o
 .text.SystemLFXOClockSet
                0x00000000       0x2c ./CMSIS/EFM32G/system_efm32g.o
 .text          0x00000000        0x0 ./Drivers/sleep.o
 .data          0x00000000        0x0 ./Drivers/sleep.o
 .bss           0x00000000        0x0 ./Drivers/sleep.o
 .text.EMU_EM2UnBlock
                0x00000000       0x14 ./Drivers/sleep.o
 .text.SLEEP_ForceSleepInEM4
                0x00000000       0x10 ./Drivers/sleep.o
 .text.SLEEP_SleepBlockEnd
                0x00000000       0x64 ./Drivers/sleep.o
 .text          0x00000000        0x0 ./FreeRTOS/efm32g/croutine.o
 .data          0x00000000        0x0 ./FreeRTOS/efm32g/croutine.o
 .bss           0x00000000        0x0 ./FreeRTOS/efm32g/croutine.o
 .debug_info    0x00000000       0x6e ./FreeRTOS/efm32g/croutine.o
 .debug_abbrev  0x00000000       0x24 ./FreeRTOS/efm32g/croutine.o
 .debug_aranges
                0x00000000       0x18 ./FreeRTOS/efm32g/croutine.o
 .debug_line    0x00000000       0x1d ./FreeRTOS/efm32g/croutine.o
 .debug_str     0x00000000      0x1d0 ./FreeRTOS/efm32g/croutine.o
 .comment       0x00000000       0x71 ./FreeRTOS/efm32g/croutine.o
 .ARM.attributes
                0x00000000       0x33 ./FreeRTOS/efm32g/croutine.o
 .text          0x00000000        0x0 ./FreeRTOS/efm32g/event_groups.o
 .data          0x00000000        0x0 ./FreeRTOS/efm32g/event_groups.o
 .bss           0x00000000        0x0 ./FreeRTOS/efm32g/event_groups.o
 .text.xEventGroupCreate
                0x00000000       0x30 ./FreeRTOS/efm32g/event_groups.o
 .rodata        0x00000000       0x71 ./FreeRTOS/efm32g/event_groups.o
 .text.xEventGroupSync
                0x00000000      0x12c ./FreeRTOS/efm32g/event_groups.o
 .text.xEventGroupWaitBits
                0x00000000      0x164 ./FreeRTOS/efm32g/event_groups.o
 .text.xEventGroupClearBits
                0x00000000       0x5c ./FreeRTOS/efm32g/event_groups.o
 .text.xEventGroupGetBitsFromISR
                0x00000000       0x48 ./FreeRTOS/efm32g/event_groups.o
 .text.xEventGroupSetBits
                0x00000000      0x104 ./FreeRTOS/efm32g/event_groups.o
 .text.vEventGroupDelete
                0x00000000       0x58 ./FreeRTOS/efm32g/event_groups.o
 .text.vEventGroupSetBitsCallback
                0x00000000       0x18 ./FreeRTOS/efm32g/event_groups.o
 .text.vEventGroupClearBitsCallback
                0x00000000       0x18 ./FreeRTOS/efm32g/event_groups.o
 .text.prvTestWaitCondition
                0x00000000       0x44 ./FreeRTOS/efm32g/event_groups.o
 .debug_info    0x00000000      0x6e0 ./FreeRTOS/efm32g/event_groups.o
 .debug_abbrev  0x00000000      0x1a7 ./FreeRTOS/efm32g/event_groups.o
 .debug_loc     0x00000000      0x338 ./FreeRTOS/efm32g/event_groups.o
 .debug_aranges
                0x00000000       0x68 ./FreeRTOS/efm32g/event_groups.o
 .debug_ranges  0x00000000       0x58 ./FreeRTOS/efm32g/event_groups.o
 .debug_line    0x00000000      0x44a ./FreeRTOS/efm32g/event_groups.o
 .debug_str     0x00000000      0x591 ./FreeRTOS/efm32g/event_groups.o
 .comment       0x00000000       0x71 ./FreeRTOS/efm32g/event_groups.o
 .debug_frame   0x00000000      0x180 ./FreeRTOS/efm32g/event_groups.o
 .ARM.attributes
                0x00000000       0x33 ./FreeRTOS/efm32g/event_groups.o
 .text          0x00000000        0x0 ./FreeRTOS/efm32g/heap_1.o
 .data          0x00000000        0x0 ./FreeRTOS/efm32g/heap_1.o
 .bss           0x00000000        0x0 ./FreeRTOS/efm32g/heap_1.o
 .text.vPortInitialiseBlocks
                0x00000000       0x18 ./FreeRTOS/efm32g/heap_1.o
 .text.xPortGetFreeHeapSize
                0x00000000       0x1c ./FreeRTOS/efm32g/heap_1.o
 .text          0x00000000        0x0 ./FreeRTOS/efm32g/list.o
 .data          0x00000000        0x0 ./FreeRTOS/efm32g/list.o
 .bss           0x00000000        0x0 ./FreeRTOS/efm32g/list.o
 .text          0x00000000        0x0 ./FreeRTOS/efm32g/port.o
 .data          0x00000000        0x0 ./FreeRTOS/efm32g/port.o
 .bss           0x00000000        0x0 ./FreeRTOS/efm32g/port.o
 .rodata.pcInterruptPriorityRegisters
                0x00000000        0x4 ./FreeRTOS/efm32g/port.o
 .text.vPortEndScheduler
                0x00000000       0x24 ./FreeRTOS/efm32g/port.o
 .text.vPortSetupTimerInterrupt
                0x00000000       0x20 ./FreeRTOS/efm32g/port.o
 .text          0x00000000        0x0 ./FreeRTOS/efm32g/queue.o
 .data          0x00000000        0x0 ./FreeRTOS/efm32g/queue.o
 .bss           0x00000000        0x0 ./FreeRTOS/efm32g/queue.o
 .text.prvInitialiseMutex
                0x00000000       0x34 ./FreeRTOS/efm32g/queue.o
 .text.xQueueCreateMutex
                0x00000000       0x30 ./FreeRTOS/efm32g/queue.o
 .text.xQueueGiveFromISR
                0x00000000       0xec ./FreeRTOS/efm32g/queue.o
 .text.xQueueReceiveFromISR
                0x00000000       0xdc ./FreeRTOS/efm32g/queue.o
 .text.xQueuePeekFromISR
                0x00000000       0xa8 ./FreeRTOS/efm32g/queue.o
 .text.uxQueueMessagesWaiting
                0x00000000       0x34 ./FreeRTOS/efm32g/queue.o
 .text.uxQueueSpacesAvailable
                0x00000000       0x40 ./FreeRTOS/efm32g/queue.o
 .text.uxQueueMessagesWaitingFromISR
                0x00000000       0x2c ./FreeRTOS/efm32g/queue.o
 .text.vQueueDelete
                0x00000000       0x34 ./FreeRTOS/efm32g/queue.o
 .text.xQueueIsQueueEmptyFromISR
                0x00000000       0x38 ./FreeRTOS/efm32g/queue.o
 .text.xQueueIsQueueFullFromISR
                0x00000000       0x3c ./FreeRTOS/efm32g/queue.o
 .text.pcQueueGetName
                0x00000000       0x4c ./FreeRTOS/efm32g/queue.o
 .text.vQueueUnregisterQueue
                0x00000000       0x50 ./FreeRTOS/efm32g/queue.o
 .text          0x00000000        0x0 ./FreeRTOS/efm32g/tasks.o
 .data          0x00000000        0x0 ./FreeRTOS/efm32g/tasks.o
 .bss           0x00000000        0x0 ./FreeRTOS/efm32g/tasks.o
 .text.vTaskDelete
                0x00000000      0x114 ./FreeRTOS/efm32g/tasks.o
 .text.vTaskDelayUntil
                0x00000000       0xd8 ./FreeRTOS/efm32g/tasks.o
 .text.uxTaskPriorityGet
                0x00000000       0x34 ./FreeRTOS/efm32g/tasks.o
 .text.uxTaskPriorityGetFromISR
                0x00000000       0x58 ./FreeRTOS/efm32g/tasks.o
 .text.vTaskPrioritySet
                0x00000000      0x158 ./FreeRTOS/efm32g/tasks.o
 .text.vTaskSuspend
                0x00000000      0x108 ./FreeRTOS/efm32g/tasks.o
 .text.prvTaskIsTaskSuspended
                0x00000000       0x6c ./FreeRTOS/efm32g/tasks.o
 .text.vTaskResume
                0x00000000       0xb4 ./FreeRTOS/efm32g/tasks.o
 .text.xTaskResumeFromISR
                0x00000000       0xdc ./FreeRTOS/efm32g/tasks.o
 .text.vTaskEndScheduler
                0x00000000       0x2c ./FreeRTOS/efm32g/tasks.o
 .text.xTaskGetTickCountFromISR
                0x00000000       0x24 ./FreeRTOS/efm32g/tasks.o
 .text.uxTaskGetNumberOfTasks
                0x00000000       0x18 ./FreeRTOS/efm32g/tasks.o
 .text.pcTaskGetName
                0x00000000       0x3c ./FreeRTOS/efm32g/tasks.o
 .text.vTaskPlaceOnUnorderedEventList
                0x00000000       0x64 ./FreeRTOS/efm32g/tasks.o
 .text.xTaskRemoveFromUnorderedEventList
                0x00000000       0xc0 ./FreeRTOS/efm32g/tasks.o
 .text.xTaskGetCurrentTaskHandle
                0x00000000       0x20 ./FreeRTOS/efm32g/tasks.o
 .text.uxTaskResetEventItemValue
                0x00000000       0x30 ./FreeRTOS/efm32g/tasks.o
 .text.ulTaskNotifyTake
                0x00000000       0x90 ./FreeRTOS/efm32g/tasks.o
 .text.xTaskNotifyWait
                0x00000000       0xb4 ./FreeRTOS/efm32g/tasks.o
 .text.xTaskGenericNotify
                0x00000000      0x138 ./FreeRTOS/efm32g/tasks.o
 .text.xTaskGenericNotifyFromISR
                0x00000000      0x180 ./FreeRTOS/efm32g/tasks.o
 .text.vTaskNotifyGiveFromISR
                0x00000000      0x110 ./FreeRTOS/efm32g/tasks.o
 .text.xTaskNotifyStateClear
                0x00000000       0x4c ./FreeRTOS/efm32g/tasks.o
 .text          0x00000000        0x0 ./FreeRTOS/efm32g/timers.o
 .data          0x00000000        0x0 ./FreeRTOS/efm32g/timers.o
 .bss           0x00000000        0x0 ./FreeRTOS/efm32g/timers.o
 .text.xTimerCreate
                0x00000000       0x3c ./FreeRTOS/efm32g/timers.o
 .text.prvInitialiseNewTimer
                0x00000000       0x5c ./FreeRTOS/efm32g/timers.o
 .text.xTimerGetTimerDaemonTaskHandle
                0x00000000       0x28 ./FreeRTOS/efm32g/timers.o
 .text.xTimerGetPeriod
                0x00000000       0x2c ./FreeRTOS/efm32g/timers.o
 .text.xTimerGetExpiryTime
                0x00000000       0x30 ./FreeRTOS/efm32g/timers.o
 .text.pcTimerGetName
                0x00000000       0x2c ./FreeRTOS/efm32g/timers.o
 .text.xTimerIsTimerActive
                0x00000000       0x44 ./FreeRTOS/efm32g/timers.o
 .text.pvTimerGetTimerID
                0x00000000       0x38 ./FreeRTOS/efm32g/timers.o
 .text.vTimerSetTimerID
                0x00000000       0x38 ./FreeRTOS/efm32g/timers.o
 .text          0x00000000        0x0 ./emlib/em_assert.o
 .data          0x00000000        0x0 ./emlib/em_assert.o
 .bss           0x00000000        0x0 ./emlib/em_assert.o
 .text          0x00000000        0x0 ./emlib/em_cmu.o
 .data          0x00000000        0x0 ./emlib/em_cmu.o
 .bss           0x00000000        0x0 ./emlib/em_cmu.o
 .text.BUS_RegMaskedWrite
                0x00000000       0x28 ./emlib/em_cmu.o
 .text.CMU_Log2ToDiv
                0x00000000       0x1c ./emlib/em_cmu.o
 .text.auxClkGet
                0x00000000       0x1c ./emlib/em_cmu.o
 .text.dbgClkGet
                0x00000000       0x4c ./emlib/em_cmu.o
 .text.lfClkGet
                0x00000000       0xd0 ./emlib/em_cmu.o
 .text.CMU_Calibrate
                0x00000000       0xac ./emlib/em_cmu.o
 .text.CMU_CalibrateCountGet
                0x00000000       0x24 ./emlib/em_cmu.o
 .text.CMU_ClockDivGet
                0x00000000      0x14c ./emlib/em_cmu.o
 .text.CMU_ClockFreqGet
                0x00000000      0x1b0 ./emlib/em_cmu.o
 .text.CMU_ClockSelectGet
                0x00000000       0xf8 ./emlib/em_cmu.o
 .text.CMU_FreezeEnable
                0x00000000       0x38 ./emlib/em_cmu.o
 .text.CMU_HFRCOBandGet
                0x00000000       0x20 ./emlib/em_cmu.o
 .text.CMU_HFRCOBandSet
                0x00000000       0xd8 ./emlib/em_cmu.o
 .text.CMU_HFRCOStartupDelayGet
                0x00000000       0x1c ./emlib/em_cmu.o
 .text.CMU_HFRCOStartupDelaySet
                0x00000000       0x40 ./emlib/em_cmu.o
 .text.CMU_HFXOInit
                0x00000000       0x68 ./emlib/em_cmu.o
 .text.CMU_LCDClkFDIVGet
                0x00000000       0x1c ./emlib/em_cmu.o
 .text.CMU_LCDClkFDIVSet
                0x00000000       0x4c ./emlib/em_cmu.o
 .text.CMU_LFXOInit
                0x00000000       0x6c ./emlib/em_cmu.o
 .text.CMU_OscillatorTuningGet
                0x00000000       0x5c ./emlib/em_cmu.o
 .text.CMU_OscillatorTuningSet
                0x00000000       0xb0 ./emlib/em_cmu.o
 .text.CMU_PCNTClockExternalGet
                0x00000000       0x60 ./emlib/em_cmu.o
 .text.CMU_PCNTClockExternalSet
                0x00000000       0x48 ./emlib/em_cmu.o
 .text          0x00000000        0x0 ./emlib/em_core.o
 .data          0x00000000        0x0 ./emlib/em_core.o
 .bss           0x00000000        0x0 ./emlib/em_core.o
 .text.NVIC_GetPriority
                0x00000000       0x50 ./emlib/em_core.o
 .text.CORE_CriticalDisableIrq
                0x00000000       0x10 ./emlib/em_core.o
 .text.CORE_CriticalEnableIrq
                0x00000000       0x10 ./emlib/em_core.o
 .text.CORE_EnterCritical
                0x00000000       0x20 ./emlib/em_core.o
 .text.CORE_ExitCritical
                0x00000000       0x1c ./emlib/em_core.o
 .text.CORE_YieldCritical
                0x00000000       0x24 ./emlib/em_core.o
 .text.CORE_AtomicDisableIrq
                0x00000000       0x10 ./emlib/em_core.o
 .text.CORE_AtomicEnableIrq
                0x00000000       0x10 ./emlib/em_core.o
 .text.CORE_YieldAtomic
                0x00000000       0x24 ./emlib/em_core.o
 .text.CORE_EnterNvicMask
                0x00000000       0x30 ./emlib/em_core.o
 .text.CORE_NvicDisableMask
                0x00000000       0x28 ./emlib/em_core.o
 .text.CORE_NvicEnableMask
                0x00000000       0x28 ./emlib/em_core.o
 .text.CORE_YieldNvicMask
                0x00000000       0x50 ./emlib/em_core.o
 .rodata        0x00000000       0x5e ./emlib/em_core.o
 .text.CORE_NvicMaskSetIRQ
                0x00000000       0x60 ./emlib/em_core.o
 .text.CORE_NvicMaskClearIRQ
                0x00000000       0x60 ./emlib/em_core.o
 .text.CORE_InIrqContext
                0x00000000       0x24 ./emlib/em_core.o
 .text.CORE_IrqIsBlocked
                0x00000000       0xb8 ./emlib/em_core.o
 .text.CORE_IrqIsDisabled
                0x00000000       0x28 ./emlib/em_core.o
 .text.CORE_GetNvicEnabledMask
                0x00000000       0x28 ./emlib/em_core.o
 .text.CORE_GetNvicMaskDisableState
                0x00000000       0x38 ./emlib/em_core.o
 .text.CORE_NvicIRQDisabled
                0x00000000       0x60 ./emlib/em_core.o
 .text.CORE_GetNvicRamTableHandler
                0x00000000       0x48 ./emlib/em_core.o
 .text.CORE_SetNvicRamTableHandler
                0x00000000       0x4c ./emlib/em_core.o
 .text.CORE_InitNvicVectorTable
                0x00000000      0x110 ./emlib/em_core.o
 .text          0x00000000        0x0 ./emlib/em_emu.o
 .data          0x00000000        0x0 ./emlib/em_emu.o
 .bss           0x00000000        0x0 ./emlib/em_emu.o
 .rodata        0x00000000       0x5d ./emlib/em_emu.o
 .text.EMU_MemPwrDown
                0x00000000       0x2c ./emlib/em_emu.o
 .text.EMU_EM23Init
                0x00000000       0x34 ./emlib/em_emu.o
 .text          0x00000000        0x0 ./emlib/em_gpio.o
 .data          0x00000000        0x0 ./emlib/em_gpio.o
 .bss           0x00000000        0x0 ./emlib/em_gpio.o
 .text.BUS_RegBitWrite
                0x00000000       0x2c ./emlib/em_gpio.o
 .text.BUS_RegMaskedWrite
                0x00000000       0x28 ./emlib/em_gpio.o
 .rodata        0x00000000       0xbe ./emlib/em_gpio.o
 .text.GPIO_PinOutClear
                0x00000000       0x98 ./emlib/em_gpio.o
 .text.GPIO_PinOutSet
                0x00000000       0x98 ./emlib/em_gpio.o
 .text.GPIO_DbgLocationSet
                0x00000000       0x3c ./emlib/em_gpio.o
 .text.GPIO_DriveModeSet
                0x00000000       0x78 ./emlib/em_gpio.o
 .text.GPIO_ExtIntConfig
                0x00000000      0x110 ./emlib/em_gpio.o
 .text.GPIO_PinModeSet
                0x00000000      0x150 ./emlib/em_gpio.o
 .text.GPIO_PinModeGet
                0x00000000       0xcc ./emlib/em_gpio.o
 .debug_info    0x00000000      0x5ab ./emlib/em_gpio.o
 .debug_abbrev  0x00000000      0x1cb ./emlib/em_gpio.o
 .debug_loc     0x00000000      0x2e8 ./emlib/em_gpio.o
 .debug_aranges
                0x00000000       0x60 ./emlib/em_gpio.o
 .debug_ranges  0x00000000       0x50 ./emlib/em_gpio.o
 .debug_line    0x00000000      0x542 ./emlib/em_gpio.o
 .debug_str     0x00000000      0x599 ./emlib/em_gpio.o
 .comment       0x00000000       0x71 ./emlib/em_gpio.o
 .debug_frame   0x00000000      0x164 ./emlib/em_gpio.o
 .ARM.attributes
                0x00000000       0x33 ./emlib/em_gpio.o
 .text          0x00000000        0x0 ./emlib/em_rmu.o
 .data          0x00000000        0x0 ./emlib/em_rmu.o
 .bss           0x00000000        0x0 ./emlib/em_rmu.o
 .text.SL_CTZ   0x00000000       0x28 ./emlib/em_rmu.o
 .text.BUS_RegBitWrite
                0x00000000       0x2c ./emlib/em_rmu.o
 .text.EMU_Lock
                0x00000000       0x18 ./emlib/em_rmu.o
 .text.EMU_Unlock
                0x00000000       0x18 ./emlib/em_rmu.o
 .rodata.resetCauseMasks
                0x00000000       0x38 ./emlib/em_rmu.o
 .text.RMU_ResetControl
                0x00000000       0x3c ./emlib/em_rmu.o
 .text.RMU_ResetCauseClear
                0x00000000       0x50 ./emlib/em_rmu.o
 .text.RMU_ResetCauseGet
                0x00000000       0x6c ./emlib/em_rmu.o
 .debug_info    0x00000000      0x3d2 ./emlib/em_rmu.o
 .debug_abbrev  0x00000000      0x1d2 ./emlib/em_rmu.o
 .debug_loc     0x00000000      0x23c ./emlib/em_rmu.o
 .debug_aranges
                0x00000000       0x50 ./emlib/em_rmu.o
 .debug_ranges  0x00000000       0x40 ./emlib/em_rmu.o
 .debug_line    0x00000000      0x3af ./emlib/em_rmu.o
 .debug_str     0x00000000      0x39f ./emlib/em_rmu.o
 .comment       0x00000000       0x71 ./emlib/em_rmu.o
 .debug_frame   0x00000000      0x110 ./emlib/em_rmu.o
 .ARM.attributes
                0x00000000       0x33 ./emlib/em_rmu.o
 .text          0x00000000        0x0 ./emlib/em_rtc.o
 .data          0x00000000        0x0 ./emlib/em_rtc.o
 .bss           0x00000000        0x0 ./emlib/em_rtc.o
 .text.RTC_FreezeEnable
                0x00000000       0x38 ./emlib/em_rtc.o
 .text.RTC_Reset
                0x00000000       0x34 ./emlib/em_rtc.o
 .text.RTC_CounterReset
                0x00000000       0x14 ./emlib/em_rtc.o
 .text          0x00000000        0x0 ./emlib/em_system.o
 .data          0x00000000        0x0 ./emlib/em_system.o
 .bss           0x00000000        0x0 ./emlib/em_system.o
 .text.SYSTEM_GetCalibrationValue
                0x00000000       0x5c ./emlib/em_system.o
 .text          0x00000000        0x0 ./src/low_power_tick_management.o
 .data          0x00000000        0x0 ./src/low_power_tick_management.o
 .bss           0x00000000        0x0 ./src/low_power_tick_management.o
 .rodata.ulReloadValueForOneTick
                0x00000000        0x4 ./src/low_power_tick_management.o
 .text          0x00000000        0x0 ./src/main.o
 .data          0x00000000        0x0 ./src/main.o
 .bss           0x00000000        0x0 ./src/main.o
 .text          0x00000000        0x0 c:/siliconlabs/simplicitystudio/v4/developer/toolchains/gnu_arm/4.9_2015q3/bin/../lib/gcc/arm-none-eabi/4.9.3/../../../../arm-none-eabi/lib/armv7-m\libc_nano.a(lib_a-exit.o)
 .data          0x00000000        0x0 c:/siliconlabs/simplicitystudio/v4/developer/toolchains/gnu_arm/4.9_2015q3/bin/../lib/gcc/arm-none-eabi/4.9.3/../../../../arm-none-eabi/lib/armv7-m\libc_nano.a(lib_a-exit.o)
 .bss           0x00000000        0x0 c:/siliconlabs/simplicitystudio/v4/developer/toolchains/gnu_arm/4.9_2015q3/bin/../lib/gcc/arm-none-eabi/4.9.3/../../../../arm-none-eabi/lib/armv7-m\libc_nano.a(lib_a-exit.o)
 .text          0x00000000        0x0 c:/siliconlabs/simplicitystudio/v4/developer/toolchains/gnu_arm/4.9_2015q3/bin/../lib/gcc/arm-none-eabi/4.9.3/../../../../arm-none-eabi/lib/armv7-m\libc_nano.a(lib_a-impure.o)
 .data          0x00000000        0x0 c:/siliconlabs/simplicitystudio/v4/developer/toolchains/gnu_arm/4.9_2015q3/bin/../lib/gcc/arm-none-eabi/4.9.3/../../../../arm-none-eabi/lib/armv7-m\libc_nano.a(lib_a-impure.o)
 .bss           0x00000000        0x0 c:/siliconlabs/simplicitystudio/v4/developer/toolchains/gnu_arm/4.9_2015q3/bin/../lib/gcc/arm-none-eabi/4.9.3/../../../../arm-none-eabi/lib/armv7-m\libc_nano.a(lib_a-impure.o)
 .data._impure_ptr
                0x00000000        0x4 c:/siliconlabs/simplicitystudio/v4/developer/toolchains/gnu_arm/4.9_2015q3/bin/../lib/gcc/arm-none-eabi/4.9.3/../../../../arm-none-eabi/lib/armv7-m\libc_nano.a(lib_a-impure.o)
 .text          0x00000000        0x0 c:/siliconlabs/simplicitystudio/v4/developer/toolchains/gnu_arm/4.9_2015q3/bin/../lib/gcc/arm-none-eabi/4.9.3/../../../../arm-none-eabi/lib/armv7-m\libc_nano.a(lib_a-init.o)
 .data          0x00000000        0x0 c:/siliconlabs/simplicitystudio/v4/developer/toolchains/gnu_arm/4.9_2015q3/bin/../lib/gcc/arm-none-eabi/4.9.3/../../../../arm-none-eabi/lib/armv7-m\libc_nano.a(lib_a-init.o)
 .bss           0x00000000        0x0 c:/siliconlabs/simplicitystudio/v4/developer/toolchains/gnu_arm/4.9_2015q3/bin/../lib/gcc/arm-none-eabi/4.9.3/../../../../arm-none-eabi/lib/armv7-m\libc_nano.a(lib_a-init.o)
 .text          0x00000000        0x0 c:/siliconlabs/simplicitystudio/v4/developer/toolchains/gnu_arm/4.9_2015q3/bin/../lib/gcc/arm-none-eabi/4.9.3/../../../../arm-none-eabi/lib/armv7-m\libc_nano.a(lib_a-memcpy.o)
 .data          0x00000000        0x0 c:/siliconlabs/simplicitystudio/v4/developer/toolchains/gnu_arm/4.9_2015q3/bin/../lib/gcc/arm-none-eabi/4.9.3/../../../../arm-none-eabi/lib/armv7-m\libc_nano.a(lib_a-memcpy.o)
 .bss           0x00000000        0x0 c:/siliconlabs/simplicitystudio/v4/developer/toolchains/gnu_arm/4.9_2015q3/bin/../lib/gcc/arm-none-eabi/4.9.3/../../../../arm-none-eabi/lib/armv7-m\libc_nano.a(lib_a-memcpy.o)
 .text          0x00000000        0x0 c:/siliconlabs/simplicitystudio/v4/developer/toolchains/gnu_arm/4.9_2015q3/bin/../lib/gcc/arm-none-eabi/4.9.3/../../../../arm-none-eabi/lib/armv7-m\libc_nano.a(lib_a-memset.o)
 .data          0x00000000        0x0 c:/siliconlabs/simplicitystudio/v4/developer/toolchains/gnu_arm/4.9_2015q3/bin/../lib/gcc/arm-none-eabi/4.9.3/../../../../arm-none-eabi/lib/armv7-m\libc_nano.a(lib_a-memset.o)
 .bss           0x00000000        0x0 c:/siliconlabs/simplicitystudio/v4/developer/toolchains/gnu_arm/4.9_2015q3/bin/../lib/gcc/arm-none-eabi/4.9.3/../../../../arm-none-eabi/lib/armv7-m\libc_nano.a(lib_a-memset.o)
 .text          0x00000000        0x0 c:/siliconlabs/simplicitystudio/v4/developer/toolchains/gnu_arm/4.9_2015q3/bin/../lib/gcc/arm-none-eabi/4.9.3/../../../../arm-none-eabi/lib/armv7-m\libnosys.a(_exit.o)
 .data          0x00000000        0x0 c:/siliconlabs/simplicitystudio/v4/developer/toolchains/gnu_arm/4.9_2015q3/bin/../lib/gcc/arm-none-eabi/4.9.3/../../../../arm-none-eabi/lib/armv7-m\libnosys.a(_exit.o)
 .bss           0x00000000        0x0 c:/siliconlabs/simplicitystudio/v4/developer/toolchains/gnu_arm/4.9_2015q3/bin/../lib/gcc/arm-none-eabi/4.9.3/../../../../arm-none-eabi/lib/armv7-m\libnosys.a(_exit.o)
 .text          0x00000000        0x0 c:/siliconlabs/simplicitystudio/v4/developer/toolchains/gnu_arm/4.9_2015q3/bin/../lib/gcc/arm-none-eabi/4.9.3/armv7-m/crtend.o
 .data          0x00000000        0x0 c:/siliconlabs/simplicitystudio/v4/developer/toolchains/gnu_arm/4.9_2015q3/bin/../lib/gcc/arm-none-eabi/4.9.3/armv7-m/crtend.o
 .bss           0x00000000        0x0 c:/siliconlabs/simplicitystudio/v4/developer/toolchains/gnu_arm/4.9_2015q3/bin/../lib/gcc/arm-none-eabi/4.9.3/armv7-m/crtend.o
 .text          0x00000000        0x0 c:/siliconlabs/simplicitystudio/v4/developer/toolchains/gnu_arm/4.9_2015q3/bin/../lib/gcc/arm-none-eabi/4.9.3/armv7-m/crtn.o
 .data          0x00000000        0x0 c:/siliconlabs/simplicitystudio/v4/developer/toolchains/gnu_arm/4.9_2015q3/bin/../lib/gcc/arm-none-eabi/4.9.3/armv7-m/crtn.o
 .bss           0x00000000        0x0 c:/siliconlabs/simplicitystudio/v4/developer/toolchains/gnu_arm/4.9_2015q3/bin/../lib/gcc/arm-none-eabi/4.9.3/armv7-m/crtn.o

Memory Configuration

Name             Origin             Length             Attributes
FLASH            0x00000000         0x00020000         xr
RAM              0x20000000         0x00004000         xrw
*default*        0x00000000         0xffffffff

Linker script and memory map

LOAD c:/siliconlabs/simplicitystudio/v4/developer/toolchains/gnu_arm/4.9_2015q3/bin/../lib/gcc/arm-none-eabi/4.9.3/armv7-m/crti.o
LOAD c:/siliconlabs/simplicitystudio/v4/developer/toolchains/gnu_arm/4.9_2015q3/bin/../lib/gcc/arm-none-eabi/4.9.3/armv7-m/crtbegin.o
LOAD c:/siliconlabs/simplicitystudio/v4/developer/toolchains/gnu_arm/4.9_2015q3/bin/../lib/gcc/arm-none-eabi/4.9.3/../../../../arm-none-eabi/lib/armv7-m/crt0.o
LOAD ./CMSIS/EFM32G/startup_efm32g.o
LOAD ./CMSIS/EFM32G/system_efm32g.o
LOAD ./Drivers/sleep.o
LOAD ./FreeRTOS/efm32g/croutine.o
LOAD ./FreeRTOS/efm32g/event_groups.o
LOAD ./FreeRTOS/efm32g/heap_1.o
LOAD ./FreeRTOS/efm32g/list.o
LOAD ./FreeRTOS/efm32g/port.o
LOAD ./FreeRTOS/efm32g/queue.o
LOAD ./FreeRTOS/efm32g/tasks.o
LOAD ./FreeRTOS/efm32g/timers.o
LOAD ./emlib/em_assert.o
LOAD ./emlib/em_cmu.o
LOAD ./emlib/em_core.o
LOAD ./emlib/em_emu.o
LOAD ./emlib/em_gpio.o
LOAD ./emlib/em_rmu.o
LOAD ./emlib/em_rtc.o
LOAD ./emlib/em_system.o
LOAD ./src/low_power_tick_management.o
LOAD ./src/main.o
START GROUP
LOAD c:/siliconlabs/simplicitystudio/v4/developer/toolchains/gnu_arm/4.9_2015q3/bin/../lib/gcc/arm-none-eabi/4.9.3/armv7-m\libgcc.a
LOAD c:/siliconlabs/simplicitystudio/v4/developer/toolchains/gnu_arm/4.9_2015q3/bin/../lib/gcc/arm-none-eabi/4.9.3/../../../../arm-none-eabi/lib/armv7-m\libc_nano.a
LOAD c:/siliconlabs/simplicitystudio/v4/developer/toolchains/gnu_arm/4.9_2015q3/bin/../lib/gcc/arm-none-eabi/4.9.3/../../../../arm-none-eabi/lib/armv7-m\libnosys.a
END GROUP
START GROUP
LOAD c:/siliconlabs/simplicitystudio/v4/developer/toolchains/gnu_arm/4.9_2015q3/bin/../lib/gcc/arm-none-eabi/4.9.3/armv7-m\libgcc.a
LOAD c:/siliconlabs/simplicitystudio/v4/developer/toolchains/gnu_arm/4.9_2015q3/bin/../lib/gcc/arm-none-eabi/4.9.3/../../../../arm-none-eabi/lib/armv7-m\libg_nano.a
LOAD c:/siliconlabs/simplicitystudio/v4/developer/toolchains/gnu_arm/4.9_2015q3/bin/../lib/gcc/arm-none-eabi/4.9.3/../../../../arm-none-eabi/lib/armv7-m\libc_nano.a
END GROUP
START GROUP
LOAD c:/siliconlabs/simplicitystudio/v4/developer/toolchains/gnu_arm/4.9_2015q3/bin/../lib/gcc/arm-none-eabi/4.9.3/armv7-m\libgcc.a
LOAD c:/siliconlabs/simplicitystudio/v4/developer/toolchains/gnu_arm/4.9_2015q3/bin/../lib/gcc/arm-none-eabi/4.9.3/../../../../arm-none-eabi/lib/armv7-m\libc_nano.a
END GROUP
LOAD c:/siliconlabs/simplicitystudio/v4/developer/toolchains/gnu_arm/4.9_2015q3/bin/../lib/gcc/arm-none-eabi/4.9.3/armv7-m/crtend.o
LOAD c:/siliconlabs/simplicitystudio/v4/developer/toolchains/gnu_arm/4.9_2015q3/bin/../lib/gcc/arm-none-eabi/4.9.3/armv7-m/crtn.o

.text           0x00000000     0x3bc4
 *(.vectors)
 .vectors       0x00000000       0xbc ./CMSIS/EFM32G/startup_efm32g.o
                0x00000000                __Vectors
                0x000000bc                __Vectors_End = .
                0x000000bc                __Vectors_Size = (__Vectors_End - __Vectors)
                0x000000bc                __end__ = .
 *(.text*)
 .text          0x000000bc       0x5c c:/siliconlabs/simplicitystudio/v4/developer/toolchains/gnu_arm/4.9_2015q3/bin/../lib/gcc/arm-none-eabi/4.9.3/armv7-m/crtbegin.o
 .text          0x00000118       0x74 c:/siliconlabs/simplicitystudio/v4/developer/toolchains/gnu_arm/4.9_2015q3/bin/../lib/gcc/arm-none-eabi/4.9.3/../../../../arm-none-eabi/lib/armv7-m/crt0.o
                0x00000118                _start
                0x00000118                _mainCRTStartup
 .text          0x0000018c       0x30 ./CMSIS/EFM32G/startup_efm32g.o
                0x0000018c                Reset_Handler
                0x000001b8                DebugMon_Handler
                0x000001b8                USART0_TX_IRQHandler
                0x000001b8                I2C0_IRQHandler
                0x000001b8                HardFault_Handler
                0x000001b8                LEUART1_IRQHandler
                0x000001b8                USART1_RX_IRQHandler
                0x000001b8                NMI_Handler
                0x000001b8                USART1_TX_IRQHandler
                0x000001b8                MSC_IRQHandler
                0x000001b8                ADC0_IRQHandler
                0x000001b8                UsageFault_Handler
                0x000001b8                LEUART0_IRQHandler
                0x000001b8                GPIO_EVEN_IRQHandler
                0x000001b8                UART0_TX_IRQHandler
                0x000001b8                TIMER0_IRQHandler
                0x000001b8                TIMER2_IRQHandler
                0x000001b8                LCD_IRQHandler
                0x000001b8                PCNT2_IRQHandler
                0x000001b8                UART0_RX_IRQHandler
                0x000001b8                LETIMER0_IRQHandler
                0x000001b8                TIMER1_IRQHandler
                0x000001b8                USART2_RX_IRQHandler
                0x000001b8                Default_Handler
                0x000001b8                PCNT0_IRQHandler
                0x000001b8                PCNT1_IRQHandler
                0x000001b8                ACMP0_IRQHandler
                0x000001b8                USART0_RX_IRQHandler
                0x000001b8                MemManage_Handler
                0x000001b8                DAC0_IRQHandler
                0x000001b8                CMU_IRQHandler
                0x000001b8                GPIO_ODD_IRQHandler
                0x000001b8                AES_IRQHandler
                0x000001b8                VCMP_IRQHandler
                0x000001b8                DMA_IRQHandler
                0x000001b8                BusFault_Handler
                0x000001b8                USART2_TX_IRQHandler
 .text.GetProdRev
                0x000001bc       0x1c ./CMSIS/EFM32G/system_efm32g.o
 .text.SystemCoreClockGet
                0x000001d8       0x34 ./CMSIS/EFM32G/system_efm32g.o
                0x000001d8                SystemCoreClockGet
 .text.SystemMaxCoreClockGet
                0x0000020c       0x14 ./CMSIS/EFM32G/system_efm32g.o
                0x0000020c                SystemMaxCoreClockGet
 .text.SystemHFClockGet
                0x00000220       0xf0 ./CMSIS/EFM32G/system_efm32g.o
                0x00000220                SystemHFClockGet
 .text.SystemInit
                0x00000310        0xc ./CMSIS/EFM32G/system_efm32g.o
                0x00000310                SystemInit
 .text.BUS_RegBitWrite
                0x0000031c       0x2c ./Drivers/sleep.o
 .text.EMU_EnterEM1
                0x00000348       0x20 ./Drivers/sleep.o
 .text.EMU_EM2Block
                0x00000368       0x14 ./Drivers/sleep.o
 .text.SLEEP_Init
                0x0000037c       0x38 ./Drivers/sleep.o
                0x0000037c                SLEEP_Init
 .text.SLEEP_Sleep
                0x000003b4       0x40 ./Drivers/sleep.o
                0x000003b4                SLEEP_Sleep
 .text.SLEEP_SleepBlockBegin
                0x000003f4       0x68 ./Drivers/sleep.o
                0x000003f4                SLEEP_SleepBlockBegin
 .text.SLEEP_LowestEnergyModeGet
                0x0000045c       0x40 ./Drivers/sleep.o
                0x0000045c                SLEEP_LowestEnergyModeGet
 .text.enterEMx
                0x0000049c       0x94 ./Drivers/sleep.o
 .text.pvPortMalloc
                0x00000530       0x8c ./FreeRTOS/efm32g/heap_1.o
                0x00000530                pvPortMalloc
 .text.vPortFree
                0x000005bc       0x20 ./FreeRTOS/efm32g/heap_1.o
                0x000005bc                vPortFree
 .text.vListInitialise
                0x000005dc       0x40 ./FreeRTOS/efm32g/list.o
                0x000005dc                vListInitialise
 .text.vListInitialiseItem
                0x0000061c       0x18 ./FreeRTOS/efm32g/list.o
                0x0000061c                vListInitialiseItem
 .text.vListInsertEnd
                0x00000634       0x48 ./FreeRTOS/efm32g/list.o
                0x00000634                vListInsertEnd
 .text.vListInsert
                0x0000067c       0x70 ./FreeRTOS/efm32g/list.o
                0x0000067c                vListInsert
 .text.uxListRemove
                0x000006ec       0x54 ./FreeRTOS/efm32g/list.o
                0x000006ec                uxListRemove
 .text.pxPortInitialiseStack
                0x00000740       0x5c ./FreeRTOS/efm32g/port.o
                0x00000740                pxPortInitialiseStack
 .text.prvTaskExitError
                0x0000079c       0x34 ./FreeRTOS/efm32g/port.o
 .text.SVC_Handler
                0x000007d0       0x24 ./FreeRTOS/efm32g/port.o
                0x000007d0                SVC_Handler
 .text.prvPortStartFirstTask
                0x000007f4       0x20 ./FreeRTOS/efm32g/port.o
 .text.xPortStartScheduler
                0x00000814       0xbc ./FreeRTOS/efm32g/port.o
                0x00000814                xPortStartScheduler
 .text.vPortEnterCritical
                0x000008d0       0x50 ./FreeRTOS/efm32g/port.o
                0x000008d0                vPortEnterCritical
 .text.vPortExitCritical
                0x00000920       0x44 ./FreeRTOS/efm32g/port.o
                0x00000920                vPortExitCritical
 *fill*         0x00000964        0xc 
 .text.PendSV_Handler
                0x00000970       0x44 ./FreeRTOS/efm32g/port.o
                0x00000970                PendSV_Handler
 .text.SysTick_Handler
                0x000009b4       0x40 ./FreeRTOS/efm32g/port.o
                0x000009b4                SysTick_Handler
 .text.vPortValidateInterruptPriority
                0x000009f4       0x64 ./FreeRTOS/efm32g/port.o
                0x000009f4                vPortValidateInterruptPriority
 .text.xQueueGenericReset
                0x00000a58       0xc8 ./FreeRTOS/efm32g/queue.o
                0x00000a58                xQueueGenericReset
 .text.xQueueGenericCreate
                0x00000b20       0x6c ./FreeRTOS/efm32g/queue.o
                0x00000b20                xQueueGenericCreate
 .text.prvInitialiseNewQueue
                0x00000b8c       0x3c ./FreeRTOS/efm32g/queue.o
 .text.xQueueGenericSend
                0x00000bc8      0x1bc ./FreeRTOS/efm32g/queue.o
                0x00000bc8                xQueueGenericSend
 .text.xQueueGenericSendFromISR
                0x00000d84       0xfc ./FreeRTOS/efm32g/queue.o
                0x00000d84                xQueueGenericSendFromISR
 .text.xQueueGenericReceive
                0x00000e80      0x1fc ./FreeRTOS/efm32g/queue.o
                0x00000e80                xQueueGenericReceive
 .text.prvCopyDataToQueue
                0x0000107c       0xd8 ./FreeRTOS/efm32g/queue.o
 .text.prvCopyDataFromQueue
                0x00001154       0x4c ./FreeRTOS/efm32g/queue.o
 .text.prvUnlockQueue
                0x000011a0       0xa4 ./FreeRTOS/efm32g/queue.o
 .text.prvIsQueueEmpty
                0x00001244       0x2c ./FreeRTOS/efm32g/queue.o
 .text.prvIsQueueFull
                0x00001270       0x30 ./FreeRTOS/efm32g/queue.o
 .text.vQueueAddToRegistry
                0x000012a0       0x50 ./FreeRTOS/efm32g/queue.o
                0x000012a0                vQueueAddToRegistry
 .text.vQueueWaitForMessageRestricted
                0x000012f0       0x6c ./FreeRTOS/efm32g/queue.o
                0x000012f0                vQueueWaitForMessageRestricted
 .text.xTaskCreate
                0x0000135c       0x84 ./FreeRTOS/efm32g/tasks.o
                0x0000135c                xTaskCreate
 .text.prvInitialiseNewTask
                0x000013e0       0xf4 ./FreeRTOS/efm32g/tasks.o
 .text.prvAddNewTaskToReadyList
                0x000014d4       0xd8 ./FreeRTOS/efm32g/tasks.o
 .text.vTaskDelay
                0x000015ac       0x60 ./FreeRTOS/efm32g/tasks.o
                0x000015ac                vTaskDelay
 .text.vTaskStartScheduler
                0x0000160c       0x90 ./FreeRTOS/efm32g/tasks.o
                0x0000160c                vTaskStartScheduler
 .text.vTaskSuspendAll
                0x0000169c       0x1c ./FreeRTOS/efm32g/tasks.o
                0x0000169c                vTaskSuspendAll
 .text.xTaskResumeAll
                0x000016b8      0x134 ./FreeRTOS/efm32g/tasks.o
                0x000016b8                xTaskResumeAll
 .text.xTaskGetTickCount
                0x000017ec       0x20 ./FreeRTOS/efm32g/tasks.o
                0x000017ec                xTaskGetTickCount
 .text.xTaskIncrementTick
                0x0000180c      0x178 ./FreeRTOS/efm32g/tasks.o
                0x0000180c                xTaskIncrementTick
 .text.vTaskSwitchContext
                0x00001984       0xa8 ./FreeRTOS/efm32g/tasks.o
                0x00001984                vTaskSwitchContext
 .text.vTaskPlaceOnEventList
                0x00001a2c       0x40 ./FreeRTOS/efm32g/tasks.o
                0x00001a2c                vTaskPlaceOnEventList
 .text.vTaskPlaceOnEventListRestricted
                0x00001a6c       0x4c ./FreeRTOS/efm32g/tasks.o
                0x00001a6c                vTaskPlaceOnEventListRestricted
 .text.xTaskRemoveFromEventList
                0x00001ab8       0xc0 ./FreeRTOS/efm32g/tasks.o
                0x00001ab8                xTaskRemoveFromEventList
 .text.vTaskSetTimeOutState
                0x00001b78       0x3c ./FreeRTOS/efm32g/tasks.o
                0x00001b78                vTaskSetTimeOutState
 .text.xTaskCheckForTimeOut
                0x00001bb4       0xac ./FreeRTOS/efm32g/tasks.o
                0x00001bb4                xTaskCheckForTimeOut
 .text.vTaskMissedYield
                0x00001c60       0x18 ./FreeRTOS/efm32g/tasks.o
                0x00001c60                vTaskMissedYield
 .text.prvIdleTask
                0x00001c78       0x14 ./FreeRTOS/efm32g/tasks.o
 .text.prvInitialiseTaskLists
                0x00001c8c       0x7c ./FreeRTOS/efm32g/tasks.o
 .text.prvCheckTasksWaitingTermination
                0x00001d08       0x74 ./FreeRTOS/efm32g/tasks.o
 .text.prvDeleteTCB
                0x00001d7c       0x20 ./FreeRTOS/efm32g/tasks.o
 .text.prvResetNextTaskUnblockTime
                0x00001d9c       0x48 ./FreeRTOS/efm32g/tasks.o
 .text.xTaskGetSchedulerState
                0x00001de4       0x3c ./FreeRTOS/efm32g/tasks.o
                0x00001de4                xTaskGetSchedulerState
 .text.vTaskPriorityInherit
                0x00001e20       0xf0 ./FreeRTOS/efm32g/tasks.o
                0x00001e20                vTaskPriorityInherit
 .text.xTaskPriorityDisinherit
                0x00001f10       0xfc ./FreeRTOS/efm32g/tasks.o
                0x00001f10                xTaskPriorityDisinherit
 .text.pvTaskIncrementMutexHeldCount
                0x0000200c       0x28 ./FreeRTOS/efm32g/tasks.o
                0x0000200c                pvTaskIncrementMutexHeldCount
 .text.prvAddCurrentTaskToDelayedList
                0x00002034       0xc8 ./FreeRTOS/efm32g/tasks.o
 .text.xTimerCreateTimerTask
                0x000020fc       0x5c ./FreeRTOS/efm32g/timers.o
                0x000020fc                xTimerCreateTimerTask
 .text.xTimerGenericCommand
                0x00002158       0xa0 ./FreeRTOS/efm32g/timers.o
                0x00002158                xTimerGenericCommand
 .text.prvProcessExpiredTimer
                0x000021f8       0x78 ./FreeRTOS/efm32g/timers.o
 .text.prvTimerTask
                0x00002270       0x24 ./FreeRTOS/efm32g/timers.o
 .text.prvProcessTimerOrBlockTask
                0x00002294       0x9c ./FreeRTOS/efm32g/timers.o
 .text.prvGetNextExpireTime
                0x00002330       0x48 ./FreeRTOS/efm32g/timers.o
 .text.prvSampleTimeNow
                0x00002378       0x40 ./FreeRTOS/efm32g/timers.o
 .text.prvInsertTimerInActiveList
                0x000023b8       0x84 ./FreeRTOS/efm32g/timers.o
 .text.prvProcessReceivedCommands
                0x0000243c      0x11c ./FreeRTOS/efm32g/timers.o
 .text.prvSwitchTimerLists
                0x00002558       0xb8 ./FreeRTOS/efm32g/timers.o
 .text.prvCheckForValidListAndQueue
                0x00002610       0x6c ./FreeRTOS/efm32g/timers.o
 .text.assertEFM
                0x0000267c        0xc ./emlib/em_assert.o
                0x0000267c                assertEFM
 .text.BUS_RegBitWrite
                0x00002688       0x2c ./emlib/em_cmu.o
 .text.BUS_RegBitRead
                0x000026b4       0x2c ./emlib/em_cmu.o
 .text.CMU_DivToLog2
                0x000026e0       0x3c ./emlib/em_cmu.o
 .text.flashWaitStateControl
                0x0000271c       0x9c ./emlib/em_cmu.o
 .text.flashWaitStateMax
                0x000027b8       0x14 ./emlib/em_cmu.o
 .text.syncReg  0x000027cc       0x34 ./emlib/em_cmu.o
 .text.CMU_ClockDivSet
                0x00002800      0x220 ./emlib/em_cmu.o
                0x00002800                CMU_ClockDivSet
 .text.CMU_ClockEnable
                0x00002a20       0xc8 ./emlib/em_cmu.o
                0x00002a20                CMU_ClockEnable
 .text.CMU_ClockSelectSet
                0x00002ae8      0x160 ./emlib/em_cmu.o
                0x00002ae8                CMU_ClockSelectSet
 .text.CMU_OscillatorEnable
                0x00002c48       0xcc ./emlib/em_cmu.o
                0x00002c48                CMU_OscillatorEnable
 .text.CORE_EnterAtomic
                0x00002d14       0x20 ./emlib/em_core.o
                0x00002d14                CORE_EnterAtomic
 .text.CORE_ExitAtomic
                0x00002d34       0x1c ./emlib/em_core.o
                0x00002d34                CORE_ExitAtomic
 .text.SystemCoreClockUpdate
                0x00002d50        0xc ./emlib/em_emu.o
 .text.EMU_Unlock
                0x00002d5c       0x18 ./emlib/em_emu.o
 .text.CMU_Lock
                0x00002d74       0x18 ./emlib/em_emu.o
 .text.CMU_Unlock
                0x00002d8c       0x1c ./emlib/em_emu.o
 .text.emuRestore
                0x00002da8       0xf0 ./emlib/em_emu.o
 .text.getErrataFixEmuE107En
                0x00002e98       0x58 ./emlib/em_emu.o
 .text.EMU_EnterEM2
                0x00002ef0       0x84 ./emlib/em_emu.o
                0x00002ef0                EMU_EnterEM2
 .text.EMU_EnterEM3
                0x00002f74       0xa4 ./emlib/em_emu.o
                0x00002f74                EMU_EnterEM3
 .text.EMU_EnterEM4
                0x00003018       0x50 ./emlib/em_emu.o
                0x00003018                EMU_EnterEM4
 .text.EMU_UpdateOscConfig
                0x00003068       0x1c ./emlib/em_emu.o
                0x00003068                EMU_UpdateOscConfig
 .text.BUS_RegBitWrite
                0x00003084       0x2c ./emlib/em_rtc.o
 .text.regSync  0x000030b0       0x34 ./emlib/em_rtc.o
 .text.RTC_CompareGet
                0x000030e4       0x4c ./emlib/em_rtc.o
                0x000030e4                RTC_CompareGet
 .text.RTC_CompareSet
                0x00003130       0x60 ./emlib/em_rtc.o
                0x00003130                RTC_CompareSet
 .text.RTC_Enable
                0x00003190       0x2c ./emlib/em_rtc.o
                0x00003190                RTC_Enable
 .text.RTC_Init
                0x000031bc       0x50 ./emlib/em_rtc.o
                0x000031bc                RTC_Init
 .text.SYSTEM_ChipRevisionGet
                0x0000320c       0x80 ./emlib/em_system.o
                0x0000320c                SYSTEM_ChipRevisionGet
 .text.NVIC_EnableIRQ
                0x0000328c       0x30 ./src/low_power_tick_management.o
 .text.NVIC_ClearPendingIRQ
                0x000032bc       0x34 ./src/low_power_tick_management.o
 .text.NVIC_SetPriority
                0x000032f0       0x54 ./src/low_power_tick_management.o
 .text.RTC_IntClear
                0x00003344       0x1c ./src/low_power_tick_management.o
 .text.RTC_IntDisable
                0x00003360       0x24 ./src/low_power_tick_management.o
 .text.RTC_IntEnable
                0x00003384       0x24 ./src/low_power_tick_management.o
 .text.vApplicationIdleHook
                0x000033a8        0xc ./src/low_power_tick_management.o
                0x000033a8                vApplicationIdleHook
 .text.RTC_IRQHandler
                0x000033b4       0x78 ./src/low_power_tick_management.o
                0x000033b4                RTC_IRQHandler
 .text.vPortSetupTimerInterrupt
                0x0000342c       0x84 ./src/low_power_tick_management.o
                0x0000342c                vPortSetupTimerInterrupt
 .text.CHIP_Init
                0x000034b0      0x184 ./src/main.o
 .text.LedBlink
                0x00003634       0x1c ./src/main.o
 .text.main     0x00003650       0x60 ./src/main.o
                0x00003650                main
 .text.exit     0x000036b0       0x28 c:/siliconlabs/simplicitystudio/v4/developer/toolchains/gnu_arm/4.9_2015q3/bin/../lib/gcc/arm-none-eabi/4.9.3/../../../../arm-none-eabi/lib/armv7-m\libc_nano.a(lib_a-exit.o)
                0x000036b0                exit
 .text.__libc_init_array
                0x000036d8       0x4c c:/siliconlabs/simplicitystudio/v4/developer/toolchains/gnu_arm/4.9_2015q3/bin/../lib/gcc/arm-none-eabi/4.9.3/../../../../arm-none-eabi/lib/armv7-m\libc_nano.a(lib_a-init.o)
                0x000036d8                __libc_init_array
 .text.memcpy   0x00003724       0x16 c:/siliconlabs/simplicitystudio/v4/developer/toolchains/gnu_arm/4.9_2015q3/bin/../lib/gcc/arm-none-eabi/4.9.3/../../../../arm-none-eabi/lib/armv7-m\libc_nano.a(lib_a-memcpy.o)
                0x00003724                memcpy
 .text.memset   0x0000373a       0x10 c:/siliconlabs/simplicitystudio/v4/developer/toolchains/gnu_arm/4.9_2015q3/bin/../lib/gcc/arm-none-eabi/4.9.3/../../../../arm-none-eabi/lib/armv7-m\libc_nano.a(lib_a-memset.o)
                0x0000373a                memset
 *fill*         0x0000374a        0x2 
 .text._exit    0x0000374c        0x4 c:/siliconlabs/simplicitystudio/v4/developer/toolchains/gnu_arm/4.9_2015q3/bin/../lib/gcc/arm-none-eabi/4.9.3/../../../../arm-none-eabi/lib/armv7-m\libnosys.a(_exit.o)
                0x0000374c                _exit
 *(.init)
 .init          0x00003750        0x4 c:/siliconlabs/simplicitystudio/v4/developer/toolchains/gnu_arm/4.9_2015q3/bin/../lib/gcc/arm-none-eabi/4.9.3/armv7-m/crti.o
                0x00003750                _init
 .init          0x00003754        0x8 c:/siliconlabs/simplicitystudio/v4/developer/toolchains/gnu_arm/4.9_2015q3/bin/../lib/gcc/arm-none-eabi/4.9.3/armv7-m/crtn.o
 *(.fini)
 .fini          0x0000375c        0x4 c:/siliconlabs/simplicitystudio/v4/developer/toolchains/gnu_arm/4.9_2015q3/bin/../lib/gcc/arm-none-eabi/4.9.3/armv7-m/crti.o
                0x0000375c                _fini
 .fini          0x00003760        0x8 c:/siliconlabs/simplicitystudio/v4/developer/toolchains/gnu_arm/4.9_2015q3/bin/../lib/gcc/arm-none-eabi/4.9.3/armv7-m/crtn.o
 *crtbegin.o(.ctors)
 *crtbegin?.o(.ctors)
 *(EXCLUDE_FILE(*crtend.o *crtend?.o) .ctors)
 *(SORT(.ctors.*))
 *(.ctors)
 *crtbegin.o(.dtors)
 *crtbegin?.o(.dtors)
 *(EXCLUDE_FILE(*crtend.o *crtend?.o) .dtors)
 *(SORT(.dtors.*))
 *(.dtors)
 *(.rodata*)
 .rodata        0x00003768       0x62 ./Drivers/sleep.o
 *fill*         0x000037ca        0x2 
 .rodata        0x000037cc       0x7c ./FreeRTOS/efm32g/heap_1.o
 .rodata        0x00003848       0x7e ./FreeRTOS/efm32g/port.o
 *fill*         0x000038c6        0x2 
 .rodata        0x000038c8       0x6a ./FreeRTOS/efm32g/queue.o
 *fill*         0x00003932        0x2 
 .rodata        0x00003934       0x71 ./FreeRTOS/efm32g/tasks.o
 *fill*         0x000039a5        0x3 
 .rodata        0x000039a8       0x79 ./FreeRTOS/efm32g/timers.o
 *fill*         0x00003a21        0x3 
 .rodata        0x00003a24       0xbd ./emlib/em_cmu.o
 *fill*         0x00003ae1        0x3 
 .rodata        0x00003ae4       0x5d ./emlib/em_rtc.o
 *fill*         0x00003b41        0x3 
 .rodata        0x00003b44       0x60 ./emlib/em_system.o
 .rodata        0x00003ba4       0x16 ./src/main.o
 .rodata.str1.1
                0x00003bba        0x2 c:/siliconlabs/simplicitystudio/v4/developer/toolchains/gnu_arm/4.9_2015q3/bin/../lib/gcc/arm-none-eabi/4.9.3/../../../../arm-none-eabi/lib/armv7-m\libc_nano.a(lib_a-impure.o)
 .rodata._global_impure_ptr
                0x00003bbc        0x4 c:/siliconlabs/simplicitystudio/v4/developer/toolchains/gnu_arm/4.9_2015q3/bin/../lib/gcc/arm-none-eabi/4.9.3/../../../../arm-none-eabi/lib/armv7-m\libc_nano.a(lib_a-impure.o)
                0x00003bbc                _global_impure_ptr
 *(.eh_frame*)
 .eh_frame      0x00003bc0        0x0 c:/siliconlabs/simplicitystudio/v4/developer/toolchains/gnu_arm/4.9_2015q3/bin/../lib/gcc/arm-none-eabi/4.9.3/armv7-m/crtbegin.o
 .eh_frame      0x00003bc0        0x4 c:/siliconlabs/simplicitystudio/v4/developer/toolchains/gnu_arm/4.9_2015q3/bin/../lib/gcc/arm-none-eabi/4.9.3/armv7-m/crtend.o

.glue_7         0x00003bc4        0x0
 .glue_7        0x00000000        0x0 linker stubs

.glue_7t        0x00003bc4        0x0
 .glue_7t       0x00000000        0x0 linker stubs

.vfp11_veneer   0x00003bc4        0x0
 .vfp11_veneer  0x00000000        0x0 linker stubs

.v4_bx          0x00003bc4        0x0
 .v4_bx         0x00000000        0x0 linker stubs

.iplt           0x00003bc4        0x0
 .iplt          0x00000000        0x0 c:/siliconlabs/simplicitystudio/v4/developer/toolchains/gnu_arm/4.9_2015q3/bin/../lib/gcc/arm-none-eabi/4.9.3/armv7-m/crtbegin.o

.ARM.extab
 *(.ARM.extab* .gnu.linkonce.armextab.*)
                0x00003bc4                __exidx_start = .

.ARM.exidx      0x00003bc4        0x8
 *(.ARM.exidx* .gnu.linkonce.armexidx.*)
 .ARM.exidx     0x00003bc4        0x8 c:/siliconlabs/simplicitystudio/v4/developer/toolchains/gnu_arm/4.9_2015q3/bin/../lib/gcc/arm-none-eabi/4.9.3/../../../../arm-none-eabi/lib/armv7-m/crt0.o
                0x00003bcc                __exidx_end = .
                0x00003bcc                __etext = .

.rel.dyn        0x00003bcc        0x0
 .rel.iplt      0x00000000        0x0 c:/siliconlabs/simplicitystudio/v4/developer/toolchains/gnu_arm/4.9_2015q3/bin/../lib/gcc/arm-none-eabi/4.9.3/armv7-m/crtbegin.o

.data           0x20000000       0x88 load address 0x00003bcc
                0x20000000                __data_start__ = .
 *(vtable)
 *(.data*)
 .data.SystemHFXOClock
                0x20000000        0x4 ./CMSIS/EFM32G/system_efm32g.o
 .data.SystemLFXOClock
                0x20000004        0x4 ./CMSIS/EFM32G/system_efm32g.o
 .data.uxCriticalNesting
                0x20000008        0x4 ./FreeRTOS/efm32g/port.o
 .data.parametersToTask1.6448
                0x2000000c        0x8 ./src/main.o
 .data.parametersToTask2.6449
                0x20000014        0x8 ./src/main.o
 .data.impure_data
                0x2000001c       0x60 c:/siliconlabs/simplicitystudio/v4/developer/toolchains/gnu_arm/4.9_2015q3/bin/../lib/gcc/arm-none-eabi/4.9.3/../../../../arm-none-eabi/lib/armv7-m\libc_nano.a(lib_a-impure.o)
                0x2000007c                . = ALIGN (0x4)
 *(.ram)
                0x2000007c                . = ALIGN (0x4)
                0x2000007c                PROVIDE (__preinit_array_start, .)
 *(.preinit_array)
                0x2000007c                PROVIDE (__preinit_array_end, .)
                0x2000007c                . = ALIGN (0x4)
                0x2000007c                PROVIDE (__init_array_start, .)
 *(SORT(.init_array.*))
 *(.init_array)
 .init_array    0x2000007c        0x4 c:/siliconlabs/simplicitystudio/v4/developer/toolchains/gnu_arm/4.9_2015q3/bin/../lib/gcc/arm-none-eabi/4.9.3/armv7-m/crtbegin.o
                0x20000080                PROVIDE (__init_array_end, .)
                0x20000080                . = ALIGN (0x4)
                0x20000080                PROVIDE (__fini_array_start, .)
 *(SORT(.fini_array.*))
 *(.fini_array)
 .fini_array    0x20000080        0x4 c:/siliconlabs/simplicitystudio/v4/developer/toolchains/gnu_arm/4.9_2015q3/bin/../lib/gcc/arm-none-eabi/4.9.3/armv7-m/crtbegin.o
                0x20000084                PROVIDE (__fini_array_end, .)
 *(.jcr*)
 .jcr           0x20000084        0x0 c:/siliconlabs/simplicitystudio/v4/developer/toolchains/gnu_arm/4.9_2015q3/bin/../lib/gcc/arm-none-eabi/4.9.3/armv7-m/crtbegin.o
 .jcr           0x20000084        0x4 c:/siliconlabs/simplicitystudio/v4/developer/toolchains/gnu_arm/4.9_2015q3/bin/../lib/gcc/arm-none-eabi/4.9.3/armv7-m/crtend.o
                0x20000088                . = ALIGN (0x4)
                0x20000088                __data_end__ = .

.igot.plt       0x20000088        0x0 load address 0x00003c54
 .igot.plt      0x00000000        0x0 c:/siliconlabs/simplicitystudio/v4/developer/toolchains/gnu_arm/4.9_2015q3/bin/../lib/gcc/arm-none-eabi/4.9.3/armv7-m/crtbegin.o

.bss            0x20000088     0x24d0 load address 0x00003c54
                0x20000088                . = ALIGN (0x4)
                0x20000088                __bss_start__ = .
 *(.bss*)
 .bss           0x20000088       0x1c c:/siliconlabs/simplicitystudio/v4/developer/toolchains/gnu_arm/4.9_2015q3/bin/../lib/gcc/arm-none-eabi/4.9.3/armv7-m/crtbegin.o
 .bss.sleepCallback
                0x200000a4        0x4 ./Drivers/sleep.o
 .bss.wakeUpCallback
                0x200000a8        0x4 ./Drivers/sleep.o
 .bss.sleepBlockCnt
                0x200000ac        0x2 ./Drivers/sleep.o
 *fill*         0x200000ae        0x2 
 .bss.ucHeap    0x200000b0     0x2328 ./FreeRTOS/efm32g/heap_1.o
 .bss.xNextFreeByte
                0x200023d8        0x4 ./FreeRTOS/efm32g/heap_1.o
 .bss.pucAlignedHeap.4388
                0x200023dc        0x4 ./FreeRTOS/efm32g/heap_1.o
 .bss.ucMaxSysCallPriority
                0x200023e0        0x1 ./FreeRTOS/efm32g/port.o
 *fill*         0x200023e1        0x3 
 .bss.ulMaxPRIGROUPValue
                0x200023e4        0x4 ./FreeRTOS/efm32g/port.o
 .bss.pxCurrentTCB
                0x200023e8        0x4 ./FreeRTOS/efm32g/tasks.o
                0x200023e8                pxCurrentTCB
 .bss.pxReadyTasksLists
                0x200023ec       0x3c ./FreeRTOS/efm32g/tasks.o
 .bss.xDelayedTaskList1
                0x20002428       0x14 ./FreeRTOS/efm32g/tasks.o
 .bss.xDelayedTaskList2
                0x2000243c       0x14 ./FreeRTOS/efm32g/tasks.o
 .bss.pxDelayedTaskList
                0x20002450        0x4 ./FreeRTOS/efm32g/tasks.o
 .bss.pxOverflowDelayedTaskList
                0x20002454        0x4 ./FreeRTOS/efm32g/tasks.o
 .bss.xPendingReadyList
                0x20002458       0x14 ./FreeRTOS/efm32g/tasks.o
 .bss.xTasksWaitingTermination
                0x2000246c       0x14 ./FreeRTOS/efm32g/tasks.o
 .bss.uxDeletedTasksWaitingCleanUp
                0x20002480        0x4 ./FreeRTOS/efm32g/tasks.o
 .bss.xSuspendedTaskList
                0x20002484       0x14 ./FreeRTOS/efm32g/tasks.o
 .bss.uxCurrentNumberOfTasks
                0x20002498        0x4 ./FreeRTOS/efm32g/tasks.o
 .bss.xTickCount
                0x2000249c        0x4 ./FreeRTOS/efm32g/tasks.o
 .bss.uxTopReadyPriority
                0x200024a0        0x4 ./FreeRTOS/efm32g/tasks.o
 .bss.xSchedulerRunning
                0x200024a4        0x4 ./FreeRTOS/efm32g/tasks.o
 .bss.uxPendedTicks
                0x200024a8        0x4 ./FreeRTOS/efm32g/tasks.o
 .bss.xYieldPending
                0x200024ac        0x4 ./FreeRTOS/efm32g/tasks.o
 .bss.xNumOfOverflows
                0x200024b0        0x4 ./FreeRTOS/efm32g/tasks.o
 .bss.uxTaskNumber
                0x200024b4        0x4 ./FreeRTOS/efm32g/tasks.o
 .bss.xNextTaskUnblockTime
                0x200024b8        0x4 ./FreeRTOS/efm32g/tasks.o
 .bss.xIdleTaskHandle
                0x200024bc        0x4 ./FreeRTOS/efm32g/tasks.o
 .bss.uxSchedulerSuspended
                0x200024c0        0x4 ./FreeRTOS/efm32g/tasks.o
 .bss.xActiveTimerList1
                0x200024c4       0x14 ./FreeRTOS/efm32g/timers.o
 .bss.xActiveTimerList2
                0x200024d8       0x14 ./FreeRTOS/efm32g/timers.o
 .bss.pxCurrentTimerList
                0x200024ec        0x4 ./FreeRTOS/efm32g/timers.o
 .bss.pxOverflowTimerList
                0x200024f0        0x4 ./FreeRTOS/efm32g/timers.o
 .bss.xTimerQueue
                0x200024f4        0x4 ./FreeRTOS/efm32g/timers.o
 .bss.xTimerTaskHandle
                0x200024f8        0x4 ./FreeRTOS/efm32g/timers.o
 .bss.xLastTime.4671
                0x200024fc        0x4 ./FreeRTOS/efm32g/timers.o
 .bss.cmuStatus
                0x20002500        0x4 ./emlib/em_emu.o
 *(COMMON)
 COMMON         0x20002504        0x4 ./CMSIS/EFM32G/system_efm32g.o
                0x20002504                SystemCoreClock
 COMMON         0x20002508       0x50 ./FreeRTOS/efm32g/queue.o
                0x20002508                xQueueRegistry
                0x20002558                . = ALIGN (0x4)
                0x20002558                __bss_end__ = .

.heap           0x20002558      0xc00
                0x20002558                __HeapBase = .
                0x20002558                __end__ = .
                0x20002558                end = __end__
                0x20002558                _end = __end__
 *(.heap*)
 .heap          0x20002558      0xc00 ./CMSIS/EFM32G/startup_efm32g.o
                0x20003158                __HeapLimit = .

.stack_dummy    0x20002558      0x400
 *(.stack*)
 .stack         0x20002558      0x400 ./CMSIS/EFM32G/startup_efm32g.o
                0x20004000                __StackTop = (ORIGIN (RAM) + 0x4000)
                0x20003c00                __StackLimit = (__StackTop - SIZEOF (.stack_dummy))
                0x20004000                PROVIDE (__stack, __StackTop)
                0x00000001                ASSERT ((__StackLimit >= __HeapLimit), region RAM overflowed with stack)
                0x00000001                ASSERT ((0x20000 >= (__etext + SIZEOF (.data))), FLASH memory overflowed !)
OUTPUT(STKXXX_freertos_blink.axf elf32-littlearm)

.ARM.attributes
                0x00000000       0x29
 .ARM.attributes
                0x00000000       0x1d c:/siliconlabs/simplicitystudio/v4/developer/toolchains/gnu_arm/4.9_2015q3/bin/../lib/gcc/arm-none-eabi/4.9.3/armv7-m/crti.o
 .ARM.attributes
                0x0000001d       0x2d c:/siliconlabs/simplicitystudio/v4/developer/toolchains/gnu_arm/4.9_2015q3/bin/../lib/gcc/arm-none-eabi/4.9.3/armv7-m/crtbegin.o
 .ARM.attributes
                0x0000004a       0x1b c:/siliconlabs/simplicitystudio/v4/developer/toolchains/gnu_arm/4.9_2015q3/bin/../lib/gcc/arm-none-eabi/4.9.3/../../../../arm-none-eabi/lib/armv7-m/crt0.o
 .ARM.attributes
                0x00000065       0x1b ./CMSIS/EFM32G/startup_efm32g.o
 .ARM.attributes
                0x00000080       0x33 ./CMSIS/EFM32G/system_efm32g.o
 .ARM.attributes
                0x000000b3       0x33 ./Drivers/sleep.o
 .ARM.attributes
                0x000000e6       0x33 ./FreeRTOS/efm32g/heap_1.o
 .ARM.attributes
                0x00000119       0x33 ./FreeRTOS/efm32g/list.o
 .ARM.attributes
                0x0000014c       0x33 ./FreeRTOS/efm32g/port.o
 .ARM.attributes
                0x0000017f       0x33 ./FreeRTOS/efm32g/queue.o
 .ARM.attributes
                0x000001b2       0x33 ./FreeRTOS/efm32g/tasks.o
 .ARM.attributes
                0x000001e5       0x33 ./FreeRTOS/efm32g/timers.o
 .ARM.attributes
                0x00000218       0x33 ./emlib/em_assert.o
 .ARM.attributes
                0x0000024b       0x33 ./emlib/em_cmu.o
 .ARM.attributes
                0x0000027e       0x33 ./emlib/em_core.o
 .ARM.attributes
                0x000002b1       0x33 ./emlib/em_emu.o
 .ARM.attributes
                0x000002e4       0x33 ./emlib/em_rtc.o
 .ARM.attributes
                0x00000317       0x33 ./emlib/em_system.o
 .ARM.attributes
                0x0000034a       0x33 ./src/low_power_tick_management.o
 .ARM.attributes
                0x0000037d       0x33 ./src/main.o
 .ARM.attributes
                0x000003b0       0x2d c:/siliconlabs/simplicitystudio/v4/developer/toolchains/gnu_arm/4.9_2015q3/bin/../lib/gcc/arm-none-eabi/4.9.3/../../../../arm-none-eabi/lib/armv7-m\libc_nano.a(lib_a-exit.o)
 .ARM.attributes
                0x000003dd       0x2d c:/siliconlabs/simplicitystudio/v4/developer/toolchains/gnu_arm/4.9_2015q3/bin/../lib/gcc/arm-none-eabi/4.9.3/../../../../arm-none-eabi/lib/armv7-m\libc_nano.a(lib_a-impure.o)
 .ARM.attributes
                0x0000040a       0x2d c:/siliconlabs/simplicitystudio/v4/developer/toolchains/gnu_arm/4.9_2015q3/bin/../lib/gcc/arm-none-eabi/4.9.3/../../../../arm-none-eabi/lib/armv7-m\libc_nano.a(lib_a-init.o)
 .ARM.attributes
                0x00000437       0x2d c:/siliconlabs/simplicitystudio/v4/developer/toolchains/gnu_arm/4.9_2015q3/bin/../lib/gcc/arm-none-eabi/4.9.3/../../../../arm-none-eabi/lib/armv7-m\libc_nano.a(lib_a-memcpy.o)
 .ARM.attributes
                0x00000464       0x2d c:/siliconlabs/simplicitystudio/v4/developer/toolchains/gnu_arm/4.9_2015q3/bin/../lib/gcc/arm-none-eabi/4.9.3/../../../../arm-none-eabi/lib/armv7-m\libc_nano.a(lib_a-memset.o)
 .ARM.attributes
                0x00000491       0x2d c:/siliconlabs/simplicitystudio/v4/developer/toolchains/gnu_arm/4.9_2015q3/bin/../lib/gcc/arm-none-eabi/4.9.3/../../../../arm-none-eabi/lib/armv7-m\libnosys.a(_exit.o)
 .ARM.attributes
                0x000004be       0x2d c:/siliconlabs/simplicitystudio/v4/developer/toolchains/gnu_arm/4.9_2015q3/bin/../lib/gcc/arm-none-eabi/4.9.3/armv7-m/crtend.o
 .ARM.attributes
                0x000004eb       0x1d c:/siliconlabs/simplicitystudio/v4/developer/toolchains/gnu_arm/4.9_2015q3/bin/../lib/gcc/arm-none-eabi/4.9.3/armv7-m/crtn.o

.comment        0x00000000       0x70
 .comment       0x00000000       0x70 ./CMSIS/EFM32G/system_efm32g.o
                                 0x71 (size before relaxing)
 .comment       0x00000000       0x71 ./Drivers/sleep.o
 .comment       0x00000000       0x71 ./FreeRTOS/efm32g/heap_1.o
 .comment       0x00000000       0x71 ./FreeRTOS/efm32g/list.o
 .comment       0x00000000       0x71 ./FreeRTOS/efm32g/port.o
 .comment       0x00000000       0x71 ./FreeRTOS/efm32g/queue.o
 .comment       0x00000000       0x71 ./FreeRTOS/efm32g/tasks.o
 .comment       0x00000000       0x71 ./FreeRTOS/efm32g/timers.o
 .comment       0x00000000       0x71 ./emlib/em_assert.o
 .comment       0x00000000       0x71 ./emlib/em_cmu.o
 .comment       0x00000000       0x71 ./emlib/em_core.o
 .comment       0x00000000       0x71 ./emlib/em_emu.o
 .comment       0x00000000       0x71 ./emlib/em_rtc.o
 .comment       0x00000000       0x71 ./emlib/em_system.o
 .comment       0x00000000       0x71 ./src/low_power_tick_management.o
 .comment       0x00000000       0x71 ./src/main.o

.debug_line     0x00000000     0x4d0d
 .debug_line    0x00000000       0xcb ./CMSIS/EFM32G/startup_efm32g.o
 .debug_line    0x000000cb      0x370 ./CMSIS/EFM32G/system_efm32g.o
 .debug_line    0x0000043b      0x492 ./Drivers/sleep.o
 .debug_line    0x000008cd      0x26b ./FreeRTOS/efm32g/heap_1.o
 .debug_line    0x00000b38      0x2f8 ./FreeRTOS/efm32g/list.o
 .debug_line    0x00000e30      0x379 ./FreeRTOS/efm32g/port.o
 .debug_line    0x000011a9      0x824 ./FreeRTOS/efm32g/queue.o
 .debug_line    0x000019cd      0xbfb ./FreeRTOS/efm32g/tasks.o
 .debug_line    0x000025c8      0x535 ./FreeRTOS/efm32g/timers.o
 .debug_line    0x00002afd       0x95 ./emlib/em_assert.o
 .debug_line    0x00002b92      0x89a ./emlib/em_cmu.o
 .debug_line    0x0000342c      0x630 ./emlib/em_core.o
 .debug_line    0x00003a5c      0x4a2 ./emlib/em_emu.o
 .debug_line    0x00003efe      0x3bd ./emlib/em_rtc.o
 .debug_line    0x000042bb      0x2fe ./emlib/em_system.o
 .debug_line    0x000045b9      0x3fb ./src/low_power_tick_management.o
 .debug_line    0x000049b4      0x359 ./src/main.o

.debug_info     0x00000000     0x7b34
 .debug_info    0x00000000      0x10c ./CMSIS/EFM32G/startup_efm32g.o
 .debug_info    0x0000010c      0x570 ./CMSIS/EFM32G/system_efm32g.o
 .debug_info    0x0000067c      0x58a ./Drivers/sleep.o
 .debug_info    0x00000c06      0x190 ./FreeRTOS/efm32g/heap_1.o
 .debug_info    0x00000d96      0x2cc ./FreeRTOS/efm32g/list.o
 .debug_info    0x00001062      0x3dd ./FreeRTOS/efm32g/port.o
 .debug_info    0x0000143f      0xeaf ./FreeRTOS/efm32g/queue.o
 .debug_info    0x000022ee     0x1648 ./FreeRTOS/efm32g/tasks.o
 .debug_info    0x00003936      0x9cd ./FreeRTOS/efm32g/timers.o
 .debug_info    0x00004303       0x76 ./emlib/em_assert.o
 .debug_info    0x00004379      0xfd1 ./emlib/em_cmu.o
 .debug_info    0x0000534a      0xcd4 ./emlib/em_core.o
 .debug_info    0x0000601e      0x95c ./emlib/em_emu.o
 .debug_info    0x0000697a      0x375 ./emlib/em_rtc.o
 .debug_info    0x00006cef      0x269 ./emlib/em_system.o
 .debug_info    0x00006f58      0x95a ./src/low_power_tick_management.o
 .debug_info    0x000078b2      0x282 ./src/main.o

.debug_abbrev   0x00000000     0x1a38
 .debug_abbrev  0x00000000       0x14 ./CMSIS/EFM32G/startup_efm32g.o
 .debug_abbrev  0x00000014      0x16b ./CMSIS/EFM32G/system_efm32g.o
 .debug_abbrev  0x0000017f      0x250 ./Drivers/sleep.o
 .debug_abbrev  0x000003cf       0xee ./FreeRTOS/efm32g/heap_1.o
 .debug_abbrev  0x000004bd       0xbe ./FreeRTOS/efm32g/list.o
 .debug_abbrev  0x0000057b      0x1f8 ./FreeRTOS/efm32g/port.o
 .debug_abbrev  0x00000773      0x213 ./FreeRTOS/efm32g/queue.o
 .debug_abbrev  0x00000986      0x28a ./FreeRTOS/efm32g/tasks.o
 .debug_abbrev  0x00000c10      0x184 ./FreeRTOS/efm32g/timers.o
 .debug_abbrev  0x00000d94       0x63 ./emlib/em_assert.o
 .debug_abbrev  0x00000df7      0x294 ./emlib/em_cmu.o
 .debug_abbrev  0x0000108b      0x237 ./emlib/em_core.o
 .debug_abbrev  0x000012c2      0x1ee ./emlib/em_emu.o
 .debug_abbrev  0x000014b0      0x17e ./emlib/em_rtc.o
 .debug_abbrev  0x0000162e       0xde ./emlib/em_system.o
 .debug_abbrev  0x0000170c      0x228 ./src/low_power_tick_management.o
 .debug_abbrev  0x00001934      0x104 ./src/main.o

.debug_aranges  0x00000000      0x8e8
 .debug_aranges
                0x00000000       0x20 ./CMSIS/EFM32G/startup_efm32g.o
 .debug_aranges
                0x00000020       0x70 ./CMSIS/EFM32G/system_efm32g.o
 .debug_aranges
                0x00000090       0x70 ./Drivers/sleep.o
 .debug_aranges
                0x00000100       0x38 ./FreeRTOS/efm32g/heap_1.o
 .debug_aranges
                0x00000138       0x40 ./FreeRTOS/efm32g/list.o
 .debug_aranges
                0x00000178       0x78 ./FreeRTOS/efm32g/port.o
 .debug_aranges
                0x000001f0       0xe8 ./FreeRTOS/efm32g/queue.o
 .debug_aranges
                0x000002d8      0x1a0 ./FreeRTOS/efm32g/tasks.o
 .debug_aranges
                0x00000478       0xb8 ./FreeRTOS/efm32g/timers.o
 .debug_aranges
                0x00000530       0x20 ./emlib/em_assert.o
 .debug_aranges
                0x00000550      0x120 ./emlib/em_cmu.o
 .debug_aranges
                0x00000670       0xe8 ./emlib/em_core.o
 .debug_aranges
                0x00000758       0x78 ./emlib/em_emu.o
 .debug_aranges
                0x000007d0       0x60 ./emlib/em_rtc.o
 .debug_aranges
                0x00000830       0x28 ./emlib/em_system.o
 .debug_aranges
                0x00000858       0x60 ./src/low_power_tick_management.o
 .debug_aranges
                0x000008b8       0x30 ./src/main.o

.debug_loc      0x00000000     0x469c
 .debug_loc     0x00000000      0x31c ./CMSIS/EFM32G/system_efm32g.o
 .debug_loc     0x0000031c      0x31c ./Drivers/sleep.o
 .debug_loc     0x00000638      0x128 ./FreeRTOS/efm32g/heap_1.o
 .debug_loc     0x00000760      0x1cc ./FreeRTOS/efm32g/list.o
 .debug_loc     0x0000092c      0x294 ./FreeRTOS/efm32g/port.o
 .debug_loc     0x00000bc0      0x844 ./FreeRTOS/efm32g/queue.o
 .debug_loc     0x00001404      0xf44 ./FreeRTOS/efm32g/tasks.o
 .debug_loc     0x00002348      0x5ec ./FreeRTOS/efm32g/timers.o
 .debug_loc     0x00002934       0x38 ./emlib/em_assert.o
 .debug_loc     0x0000296c      0xa50 ./emlib/em_cmu.o
 .debug_loc     0x000033bc      0x844 ./emlib/em_core.o
 .debug_loc     0x00003c00      0x384 ./emlib/em_emu.o
 .debug_loc     0x00003f84      0x2ac ./emlib/em_rtc.o
 .debug_loc     0x00004230       0xac ./emlib/em_system.o
 .debug_loc     0x000042dc      0x2f4 ./src/low_power_tick_management.o
 .debug_loc     0x000045d0       0xcc ./src/main.o

.debug_ranges   0x00000000      0x7c8
 .debug_ranges  0x00000000       0x60 ./CMSIS/EFM32G/system_efm32g.o
 .debug_ranges  0x00000060       0x60 ./Drivers/sleep.o
 .debug_ranges  0x000000c0       0x28 ./FreeRTOS/efm32g/heap_1.o
 .debug_ranges  0x000000e8       0x30 ./FreeRTOS/efm32g/list.o
 .debug_ranges  0x00000118       0x68 ./FreeRTOS/efm32g/port.o
 .debug_ranges  0x00000180       0xd8 ./FreeRTOS/efm32g/queue.o
 .debug_ranges  0x00000258      0x190 ./FreeRTOS/efm32g/tasks.o
 .debug_ranges  0x000003e8       0xa8 ./FreeRTOS/efm32g/timers.o
 .debug_ranges  0x00000490       0x10 ./emlib/em_assert.o
 .debug_ranges  0x000004a0      0x110 ./emlib/em_cmu.o
 .debug_ranges  0x000005b0       0xd8 ./emlib/em_core.o
 .debug_ranges  0x00000688       0x68 ./emlib/em_emu.o
 .debug_ranges  0x000006f0       0x50 ./emlib/em_rtc.o
 .debug_ranges  0x00000740       0x18 ./emlib/em_system.o
 .debug_ranges  0x00000758       0x50 ./src/low_power_tick_management.o
 .debug_ranges  0x000007a8       0x20 ./src/main.o

.debug_str      0x00000000     0x332a
 .debug_str     0x00000000      0x44b ./CMSIS/EFM32G/system_efm32g.o
                                0x4a7 (size before relaxing)
 .debug_str     0x0000044b      0x265 ./Drivers/sleep.o
                                0x421 (size before relaxing)
 .debug_str     0x000006b0       0xfe ./FreeRTOS/efm32g/heap_1.o
                                0x287 (size before relaxing)
 .debug_str     0x000007ae      0x19d ./FreeRTOS/efm32g/list.o
                                0x31f (size before relaxing)
 .debug_str     0x0000094b      0x2a2 ./FreeRTOS/efm32g/port.o
                                0x442 (size before relaxing)
 .debug_str     0x00000bed      0x532 ./FreeRTOS/efm32g/queue.o
                                0x7da (size before relaxing)
 .debug_str     0x0000111f      0xa19 ./FreeRTOS/efm32g/tasks.o
                                0xdbd (size before relaxing)
 .debug_str     0x00001b38      0x46b ./FreeRTOS/efm32g/timers.o
                                0x73e (size before relaxing)
 .debug_str     0x00001fa3       0x74 ./emlib/em_assert.o
                                0x14a (size before relaxing)
 .debug_str     0x00002017      0x802 ./emlib/em_cmu.o
                                0xb5e (size before relaxing)
 .debug_str     0x00002819      0x58a ./emlib/em_core.o
                                0x7e5 (size before relaxing)
 .debug_str     0x00002da3      0x1de ./emlib/em_emu.o
                                0x55e (size before relaxing)
 .debug_str     0x00002f81      0x11f ./emlib/em_rtc.o
                                0x2f6 (size before relaxing)
 .debug_str     0x000030a0       0xf7 ./emlib/em_system.o
                                0x2de (size before relaxing)
 .debug_str     0x00003197      0x11c ./src/low_power_tick_management.o
                                0x910 (size before relaxing)
 .debug_str     0x000032b3       0x77 ./src/main.o
                                0x30f (size before relaxing)

.debug_frame    0x00000000     0x2234
 .debug_frame   0x00000000      0x180 ./CMSIS/EFM32G/system_efm32g.o
 .debug_frame   0x00000180      0x18c ./Drivers/sleep.o
 .debug_frame   0x0000030c       0x98 ./FreeRTOS/efm32g/heap_1.o
 .debug_frame   0x000003a4       0xd8 ./FreeRTOS/efm32g/list.o
 .debug_frame   0x0000047c      0x178 ./FreeRTOS/efm32g/port.o
 .debug_frame   0x000005f4      0x3c8 ./FreeRTOS/efm32g/queue.o
 .debug_frame   0x000009bc      0x6f4 ./FreeRTOS/efm32g/tasks.o
 .debug_frame   0x000010b0      0x2d8 ./FreeRTOS/efm32g/timers.o
 .debug_frame   0x00001388       0x2c ./emlib/em_assert.o
 .debug_frame   0x000013b4      0x4c8 ./emlib/em_cmu.o
 .debug_frame   0x0000187c      0x3c4 ./emlib/em_core.o
 .debug_frame   0x00001c40      0x1b0 ./emlib/em_emu.o
 .debug_frame   0x00001df0      0x150 ./emlib/em_rtc.o
 .debug_frame   0x00001f40       0x5c ./emlib/em_system.o
 .debug_frame   0x00001f9c      0x164 ./src/low_power_tick_management.o
 .debug_frame   0x00002100       0x78 ./src/main.o
 .debug_frame   0x00002178       0x28 c:/siliconlabs/simplicitystudio/v4/developer/toolchains/gnu_arm/4.9_2015q3/bin/../lib/gcc/arm-none-eabi/4.9.3/../../../../arm-none-eabi/lib/armv7-m\libc_nano.a(lib_a-exit.o)
 .debug_frame   0x000021a0       0x2c c:/siliconlabs/simplicitystudio/v4/developer/toolchains/gnu_arm/4.9_2015q3/bin/../lib/gcc/arm-none-eabi/4.9.3/../../../../arm-none-eabi/lib/armv7-m\libc_nano.a(lib_a-init.o)
 .debug_frame   0x000021cc       0x28 c:/siliconlabs/simplicitystudio/v4/developer/toolchains/gnu_arm/4.9_2015q3/bin/../lib/gcc/arm-none-eabi/4.9.3/../../../../arm-none-eabi/lib/armv7-m\libc_nano.a(lib_a-memcpy.o)
 .debug_frame   0x000021f4       0x20 c:/siliconlabs/simplicitystudio/v4/developer/toolchains/gnu_arm/4.9_2015q3/bin/../lib/gcc/arm-none-eabi/4.9.3/../../../../arm-none-eabi/lib/armv7-m\libc_nano.a(lib_a-memset.o)
 .debug_frame   0x00002214       0x20 c:/siliconlabs/simplicitystudio/v4/developer/toolchains/gnu_arm/4.9_2015q3/bin/../lib/gcc/arm-none-eabi/4.9.3/../../../../arm-none-eabi/lib/armv7-m\libnosys.a(_exit.o)
